Archive member included because of file (symbol)

../../libraries/libge.a(ge_adc.o)
                              objs/main.o (adc_start)
../../libraries/libge.a(ge_gpio.o)
                              objs/main.o (gpio_setup_pin)
../../libraries/libge.a(ge_lcd.o)
                              objs/lab2.o (lcd_goto)
../../libraries/libge.a(ge_system.o)
                              objs/main.o (ge_init)
../../libraries/libge.a(ge_timer.o)
                              ../../libraries/libge.a(ge_system.o) (timer_init)
../../libraries/libge.a(ge_uart.o)
                              ../../libraries/libge.a(ge_system.o) (ge_uart_init)
../../libraries/libge.a(HD44780_F3.o)
                              ../../libraries/libge.a(ge_lcd.o) (HD44780_Init)
../../libraries/libge.a(usb_desc.o)
                              objs/hw_config.o (Virtual_Com_Port_StringSerial)
../../libraries/libge.a(usb_pwr.o)
                              objs/hw_config.o (bDeviceState)
../../libraries/libge.a(usb_init.o)
                              objs/hw_config.o (Device_Info)
../../libraries/libge.a(usb_mem.o)
                              objs/hw_config.o (UserToPMABufferCopy)
../../libraries/libge.a(usb_regs.o)
                              objs/hw_config.o (SetEPTxValid)
../../libraries/libge.a(buffer.o)
                              ../../libraries/libge.a(ge_uart.o) (BufferInit)
../../libraries/libge.a(ge_eeprom.o)
                              ../../libraries/libge.a(ge_system.o) (eeprom_init)
../../libraries/libge.a(ge_ic_int.o)
                              ../../libraries/libge.a(ge_system.o) (ic_int_init)
../../libraries/libge.a(ge_pwm.o)
                              ../../libraries/libge.a(ge_system.o) (pwm_init)
../../libraries/libge.a(usb_prop.o)
                              ../../libraries/libge.a(usb_init.o) (User_Standard_Requests)
../../libraries/libge.a(usb_core.o)
                              ../../libraries/libge.a(usb_prop.o) (Standard_GetDescriptorData)
../../libraries/libge.a(usb_int.o)
                              ../../libraries/libge.a(usb_core.o) (SaveRState)
../../libraries/libge.a(usb_sil.o)
                              ../../libraries/libge.a(usb_prop.o) (USB_SIL_Init)
../../libraries/libge.a(eeprom.o)
                              ../../libraries/libge.a(ge_eeprom.o) (EE_ReadVariable)
../../libraries/libge.a(usb_istr.o)
                              ../../libraries/libge.a(usb_int.o) (wIstr)
../../libraries/libge.a(usb_endp.o)
                              ../../libraries/libge.a(usb_istr.o) (EP1_IN_Callback)
Libraries/libstm32f3.a(stm32f30x_adc.o)
                              ../../libraries/libge.a(ge_adc.o) (ADC_DeInit)
Libraries/libstm32f3.a(stm32f30x_dma.o)
                              ../../libraries/libge.a(ge_adc.o) (DMA_Init)
Libraries/libstm32f3.a(stm32f30x_exti.o)
                              objs/hw_config.o (EXTI_Init)
Libraries/libstm32f3.a(stm32f30x_flash.o)
                              ../../libraries/libge.a(ge_eeprom.o) (FLASH_Unlock)
Libraries/libstm32f3.a(stm32f30x_gpio.o)
                              objs/hw_config.o (GPIO_Init)
Libraries/libstm32f3.a(stm32f30x_misc.o)
                              objs/hw_config.o (NVIC_PriorityGroupConfig)
Libraries/libstm32f3.a(stm32f30x_rcc.o)
                              objs/hw_config.o (RCC_HSEConfig)
Libraries/libstm32f3.a(stm32f30x_syscfg.o)
                              objs/stm32f3_discovery.o (SYSCFG_EXTILineConfig)
Libraries/libstm32f3.a(stm32f30x_tim.o)
                              ../../libraries/libge.a(ge_adc.o) (TIM_TimeBaseInit)
Libraries/libstm32f3.a(stm32f30x_usart.o)
                              ../../libraries/libge.a(ge_uart.o) (USART_Init)
/home/green-electronics/ee155_tools/gcc-arm-none-eabi-4_9-2015q2/bin/../lib/gcc/arm-none-eabi/4.9.3/armv7e-m/fpu/libgcc.a(_arm_addsubdf3.o)
                              ../../libraries/libge.a(ge_ic_int.o) (__aeabi_ui2d)
/home/green-electronics/ee155_tools/gcc-arm-none-eabi-4_9-2015q2/bin/../lib/gcc/arm-none-eabi/4.9.3/armv7e-m/fpu/libgcc.a(_arm_muldivdf3.o)
                              ../../libraries/libge.a(ge_pwm.o) (__aeabi_dmul)
/home/green-electronics/ee155_tools/gcc-arm-none-eabi-4_9-2015q2/bin/../lib/gcc/arm-none-eabi/4.9.3/armv7e-m/fpu/libgcc.a(_arm_fixdfsi.o)
                              ../../libraries/libge.a(ge_ic_int.o) (__aeabi_d2iz)
/home/green-electronics/ee155_tools/gcc-arm-none-eabi-4_9-2015q2/bin/../lib/gcc/arm-none-eabi/4.9.3/armv7e-m/fpu/libgcc.a(_arm_fixunsdfsi.o)
                              ../../libraries/libge.a(ge_adc.o) (__aeabi_d2uiz)
/home/green-electronics/ee155_tools/gcc-arm-none-eabi-4_9-2015q2/bin/../lib/gcc/arm-none-eabi/4.9.3/armv7e-m/fpu/libgcc.a(_arm_truncdfsf2.o)
                              ../../libraries/libge.a(ge_ic_int.o) (__aeabi_d2f)
/home/green-electronics/ee155_tools/gcc-arm-none-eabi-4_9-2015q2/bin/../lib/gcc/arm-none-eabi/4.9.3/armv7e-m/fpu/libgcc.a(_aeabi_ldivmod.o)
[...]
Memory Configuration

Name             Origin             Length             Attributes
FLASH            0x08000000         0x00040000         xr
RAM              0x20000000         0x0000a000         xrw
MEMORY_B1        0x60000000         0x00000000         xr
*default*        0x00000000         0xffffffff

Linker script and memory map

LOAD /home/green-electronics/ee155_tools/gcc-arm-none-eabi-4_9-2015q2/bin/../lib/gcc/arm-none-eabi/4.9.3/armv7e-m/fpu/crti.o
LOAD /home/green-electronics/ee155_tools/gcc-arm-none-eabi-4_9-2015q2/bin/../lib/gcc/arm-none-eabi/4.9.3/armv7e-m/fpu/crtbegin.o
LOAD /home/green-electronics/ee155_tools/gcc-arm-none-eabi-4_9-2015q2/bin/../lib/gcc/arm-none-eabi/4.9.3/../../../../arm-none-eabi/lib/armv7e-m/fpu/crt0.o
LOAD objs/errno.o
LOAD objs/hw_config.o
LOAD objs/lab2.o
LOAD objs/main.o
LOAD objs/newlib_stubs.o
LOAD objs/stm32f3_discovery.o
LOAD objs/system_stm32f30x.o
LOAD /tmp/cc4yzNqy.o
LOAD ../../libraries/libge.a
LOAD Libraries/libstm32f3.a
START GROUP
LOAD /home/green-electronics/ee155_tools/gcc-arm-none-eabi-4_9-2015q2/bin/../lib/gcc/arm-none-eabi/4.9.3/armv7e-m/fpu/libgcc.a
LOAD /home/green-electronics/ee155_tools/gcc-arm-none-eabi-4_9-2015q2/bin/../lib/gcc/arm-none-eabi/4.9.3/../../../../arm-none-eabi/lib/armv7e-m/fpu/libg.a
LOAD /home/green-electronics/ee155_tools/gcc-arm-none-eabi-4_9-2015q2/bin/../lib/gcc/arm-none-eabi/4.9.3/../../../../arm-none-eabi/lib/armv7e-m/fpu/libc.a
END GROUP
LOAD /home/green-electronics/ee155_tools/gcc-arm-none-eabi-4_9-2015q2/bin/../lib/gcc/arm-none-eabi/4.9.3/armv7e-m/fpu/crtend.o
LOAD /home/green-electronics/ee155_tools/gcc-arm-none-eabi-4_9-2015q2/bin/../lib/gcc/arm-none-eabi/4.9.3/armv7e-m/fpu/crtn.o
                0x20008000                _estack = 0x20008000
                0x2000a000                _estack = 0x2000a000
                0x00000200                _Min_Heap_Size = 0x200
                0x00000400                _Min_Stack_Size = 0x400

.isr_vector     0x08000000      0x188
                0x08000000                . = ALIGN (0x4)
 *(.isr_vector)
 .isr_vector    0x08000000      0x188 /tmp/cc4yzNqy.o
                0x08000000                g_pfnVectors
                0x08000188                . = ALIGN (0x4)

.eh_frame       0x08000188        0x0
 .eh_frame      0x08000188        0x0 /home/green-electronics/ee155_tools/gcc-arm-none-eabi-4_9-2015q2/bin/../lib/gcc/arm-none-eabi/4.9.3/armv7e-m/fpu/crtbegin.o

.text           0x08000188     0xa038
                0x08000188                . = ALIGN (0x4)
 *(.text)
 .text          0x08000188       0x5c /home/green-electronics/ee155_tools/gcc-arm-none-eabi-4_9-2015q2/bin/../lib/gcc/arm-none-eabi/4.9.3/armv7e-m/fpu/crtbegin.o
 *fill*         0x080001e4        0x4 
 .text          0x080001e8      0x684 ../../libraries/libge.a(ge_adc.o)
                0x080001e8                adc_enable_clocks
                0x08000254                adc_init
                0x08000454                adc_start
                0x08000498                adc_stop
                0x080004c4                adc_deinit
                0x080004f0                adc_enable_channels
                0x0800053c                adc_initialize_channels
                0x080006f8                adc_callback
                0x08000704                adc_set_fs
                0x08000770                adc_get_state
                0x0800077c                DMA1_Channel1_IRQHandler
                0x080007f0                DMA2_Channel1_IRQHandler
 .text          0x0800086c      0x118 ../../libraries/libge.a(ge_gpio.o)
                0x0800086c                gpio_init
                0x080008ae                gpio_deinit
                0x080008f0                gpio_setup_pin
                0x0800094c                gpio_write_pin
                0x0800096c                gpio_read_pin
 .text          0x08000984       0x14 ../../libraries/libge.a(ge_lcd.o)
                0x08000984                lcd_init
                0x08000988                lcd_putc
                0x0800098c                lcd_goto
                0x08000990                lcd_puts
                0x08000994                lcd_clear
 .text          0x08000998       0x94 ../../libraries/libge.a(ge_system.o)
                0x08000998                ge_init
                0x080009f4                delay_ms
                0x08000a0c                SysTick_Handler
 .text          0x08000a2c      0x2d4 ../../libraries/libge.a(ge_timer.o)
                0x08000a2c                timer_init
                0x08000ad0                timer_deinit
                0x08000b04                timer_register
                0x08000b6c                timer_start
                0x08000b8c                timer_stop
                0x08000bc4                timer_set_period
                0x08000bd0                timer_set_timestep
                0x08000c2c                timer_get_timestep
                0x08000c38                TIM3_IRQHandler
 .text          0x08000d00      0x200 ../../libraries/libge.a(ge_uart.o)
                0x08000d00                ge_uart_init
                0x08000de0                ge_uart_put
                0x08000e04                ge_uart_get
                0x08000e4c                ge_uart_available
                0x08000e80                ge_uart_write
                0x08000e9a                USART1_IRQHandler
 .text          0x08000f00      0x234 ../../libraries/libge.a(HD44780_F3.o)
                0x08000f00                hd44780_wr_hi_nibble
                0x08000f78                hd44780_wr_lo_nibble
                0x08000ff0                hd44780_write
                0x08001002                hd44780_wr_cmd
                0x08001020                hd44780_wr_data
                0x0800103c                hd44780_Delay
                0x0800103e                HD44780_Init
                0x080010ec                HD44780_PutChar
                0x080010f0                HD44780_GotoXY
                0x0800110c                HD44780_PutStr
                0x0800112e                HD44780_ClrScr
 .text          0x08001134       0x82 ../../libraries/libge.a(buffer.o)
                0x08001134                BufferInit
                0x0800113e                BufferPut
                0x0800116e                BufferGet
                0x080011a2                BufferIsEmpty
 .text          0x080011b6       0x16 ../../libraries/libge.a(ge_eeprom.o)
                0x080011b6                eeprom_init
                0x080011c4                eeprom_read
                0x080011c8                eeprom_write
 *fill*         0x080011cc        0x4 
 .text          0x080011d0      0x1f8 ../../libraries/libge.a(ge_ic_int.o)
                0x080011d0                ic_int_init
                0x080012c8                ic_int_read_freq
                0x0800130c                ic_int_set_maxf
                0x0800133c                TIM4_IRQHandler
                0x08001364                EXTI15_10_IRQHandler
 .text          0x080013c8      0x280 ../../libraries/libge.a(ge_pwm.o)
                0x080013c8                pwm_init
                0x0800149c                pwm_set_pin
                0x08001540                pwm_get_max_int
                0x0800154c                pwm_set_int
                0x08001578                pwm_set
                0x08001598                pwm_freq
 .text          0x08001648      0x2d0 ../../libraries/libge.a(eeprom.o)
                0x080016e8                EE_ReadVariable
                0x08001738                EE_Init
                0x08001870                EE_WriteVariable
 .text          0x08001918      0x798 Libraries/libstm32f3.a(stm32f30x_adc.o)
                0x08001918                ADC_DeInit
                0x08001970                ADC_Init
                0x080019bc                ADC_StructInit
                0x080019d4                ADC_InjectedInit
                0x08001a04                ADC_InjectedStructInit
                0x08001a18                ADC_CommonInit
                0x08001a90                ADC_CommonStructInit
                0x08001aa0                ADC_Cmd
                0x08001ab4                ADC_StartCalibration
                0x08001ac0                ADC_GetCalibrationValue
                0x08001ac8                ADC_SetCalibrationValue
                0x08001ad0                ADC_SelectCalibrationMode
                0x08001ae0                ADC_GetCalibrationStatus
                0x08001ae8                ADC_DisableCmd
                0x08001af4                ADC_GetDisableCmdStatus
                0x08001afc                ADC_VoltageRegulatorCmd
                0x08001b18                ADC_SelectDifferentialMode
                0x08001b3c                ADC_SelectQueueOfContextMode
                0x08001b50                ADC_AutoDelayCmd
                0x08001b64                ADC_AnalogWatchdogCmd
                0x08001b70                ADC_AnalogWatchdog1ThresholdsConfig
                0x08001b98                ADC_AnalogWatchdog2ThresholdsConfig
                0x08001bb8                ADC_AnalogWatchdog3ThresholdsConfig
                0x08001bd8                ADC_AnalogWatchdog1SingleChannelConfig
                0x08001be8                ADC_AnalogWatchdog2SingleChannelConfig
                0x08001c0c                ADC_AnalogWatchdog3SingleChannelConfig
                0x08001c30                ADC_TempSensorCmd
                0x08001c68                ADC_VrefintCmd
                0x08001ca0                ADC_VbatCmd
                0x08001cd8                ADC_RegularChannelConfig
                0x08001d9c                ADC_RegularChannelSequencerLengthConfig
                0x08001db0                ADC_ExternalTriggerConfig
                0x08001dc4                ADC_StartConversion
                0x08001dd0                ADC_GetStartConversionStatus
                0x08001dd8                ADC_StopConversion
                0x08001de4                ADC_DiscModeChannelCountConfig
                0x08001df4                ADC_DiscModeCmd
                0x08001e08                ADC_GetConversionValue
                0x08001e10                ADC_GetDualModeConversionValue
                0x08001e34                ADC_SetChannelOffset1
                0x08001e58                ADC_SetChannelOffset2
                0x08001e7c                ADC_SetChannelOffset3
                0x08001ea0                ADC_SetChannelOffset4
                0x08001ec4                ADC_ChannelOffset1Cmd
                0x08001ed8                ADC_ChannelOffset2Cmd
                0x08001eec                ADC_ChannelOffset3Cmd
                0x08001f00                ADC_ChannelOffset4Cmd
                0x08001f14                ADC_DMACmd
                0x08001f28                ADC_DMAConfig
                0x08001f38                ADC_InjectedChannelConfig
                0x08001f8c                ADC_InjectedSequencerLengthConfig
                0x08001f9c                ADC_ExternalTriggerInjectedConfig
                0x08001fb0                ADC_StartInjectedConversion
                0x08001fbc                ADC_StopInjectedConversion
                0x08001fc8                ADC_GetStartInjectedConversionStatus
                0x08001fd0                ADC_AutoInjectedConvCmd
                0x08001fe4                ADC_InjectedDiscModeCmd
                0x08001ff8                ADC_GetInjectedConversionValue
                0x08002014                ADC_ITConfig
                0x08002028                ADC_GetFlagStatus
                0x08002034                ADC_ClearFlag
                0x08002038                ADC_GetCommonFlagStatus
                0x08002064                ADC_ClearCommonFlag
                0x08002090                ADC_GetITStatus
                0x080020a8                ADC_ClearITPendingBit
 .text          0x080020b0      0x234 Libraries/libstm32f3.a(stm32f30x_dma.o)
                0x080020b0                DMA_DeInit
                0x080021d8                DMA_Init
                0x08002230                DMA_StructInit
                0x0800224c                DMA_Cmd
                0x08002264                DMA_SetCurrDataCounter
                0x08002268                DMA_GetCurrDataCounter
                0x08002270                DMA_ITConfig
                0x08002284                DMA_GetFlagStatus
                0x080022a0                DMA_ClearFlag
                0x080022b4                DMA_GetITStatus
                0x080022d0                DMA_ClearITPendingBit
 .text          0x080022e4      0x1f0 Libraries/libstm32f3.a(stm32f30x_exti.o)
                0x080022e4                EXTI_DeInit
                0x08002318                EXTI_Init
                0x0800242c                EXTI_StructInit
                0x0800243c                EXTI_GenerateSWInterrupt
                0x0800245c                EXTI_GetFlagStatus
                0x0800247c                EXTI_ClearFlag
                0x08002494                EXTI_GetITStatus
                0x080024bc                EXTI_ClearITPendingBit
 .text          0x080024d4      0x5ac Libraries/libstm32f3.a(stm32f30x_flash.o)
                0x080024d4                FLASH_SetLatency
                0x080024e8                FLASH_HalfCycleAccessCmd
                0x08002504                FLASH_PrefetchBufferCmd
                0x08002520                FLASH_Unlock
                0x08002540                FLASH_Lock
                0x08002550                FLASH_OB_Unlock
                0x08002570                FLASH_OB_Lock
                0x08002580                FLASH_OB_Launch
                0x08002590                FLASH_OB_GetUser
                0x080025a0                FLASH_OB_GetWRP
                0x080025ac                FLASH_OB_GetRDP
                0x080025c0                FLASH_ITConfig
                0x080025d8                FLASH_GetFlagStatus
                0x080025ec                FLASH_ClearFlag
                0x080025f8                FLASH_GetStatus
                0x08002620                FLASH_WaitForLastOperation
                0x08002648                FLASH_ErasePage
                0x08002684                FLASH_EraseAllPages
                0x080026bc                FLASH_ProgramWord
                0x08002720                FLASH_ProgramHalfWord
                0x08002758                FLASH_OB_Erase
                0x080027cc                FLASH_OB_EnableWRP
                0x08002834                FLASH_OB_RDPConfig
                0x080028a8                FLASH_OB_UserConfig
                0x08002904                FLASH_OB_BOOTConfig
                0x08002958                FLASH_OB_VDDAConfig
                0x080029ac                FLASH_OB_SRAMParityConfig
                0x080029f0                FLASH_OB_WriteUser
                0x08002a44                FLASH_ProgramOptionByteData
 .text          0x08002a80      0x214 Libraries/libstm32f3.a(stm32f30x_gpio.o)
                0x08002a80                GPIO_DeInit
                0x08002b4c                GPIO_Init
                0x08002c08                GPIO_StructInit
                0x08002c1c                GPIO_PinLockConfig
                0x08002c2c                GPIO_ReadInputDataBit
                0x08002c38                GPIO_ReadInputData
                0x08002c40                GPIO_ReadOutputDataBit
                0x08002c4c                GPIO_ReadOutputData
                0x08002c54                GPIO_SetBits
                0x08002c58                GPIO_ResetBits
                0x08002c5c                GPIO_WriteBit
                0x08002c68                GPIO_Write
                0x08002c6c                GPIO_PinAFConfig
 .text          0x08002c94       0xc8 Libraries/libstm32f3.a(stm32f30x_misc.o)
                0x08002c94                NVIC_PriorityGroupConfig
                0x08002ca8                NVIC_Init
                0x08002d18                NVIC_SetVectorTable
                0x08002d2c                NVIC_SystemLPConfig
                0x08002d44                SysTick_CLKSourceConfig
 .text          0x08002d5c      0x654 Libraries/libstm32f3.a(stm32f30x_rcc.o)
                0x08002d5c                RCC_DeInit
                0x08002db0                RCC_HSEConfig
                0x08002dc0                RCC_AdjustHSICalibrationValue
                0x08002dd4                RCC_HSICmd
                0x08002de0                RCC_LSEConfig
                0x08002e00                RCC_LSEDriveConfig
                0x08002e18                RCC_LSICmd
                0x08002e24                RCC_PLLConfig
                0x08002e3c                RCC_PLLCmd
                0x08002e48                RCC_PREDIV1Config
                0x08002e5c                RCC_ClockSecuritySystemCmd
                0x08002e68                RCC_MCOConfig
                0x08002e74                RCC_SYSCLKConfig
                0x08002e88                RCC_GetSYSCLKSource
                0x08002e98                RCC_HCLKConfig
                0x08002eac                RCC_PCLK1Config
                0x08002ec0                RCC_PCLK2Config
                0x08002ed4                RCC_GetClocksFreq
                0x08003160                RCC_ADCCLKConfig
                0x08003180                RCC_I2CCLKConfig
                0x080031a0                RCC_TIMCLKConfig
                0x080031c0                RCC_USARTCLKConfig
                0x0800321c                RCC_USBCLKConfig
                0x08003228                RCC_RTCCLKConfig
                0x08003238                RCC_I2SCLKConfig
                0x08003244                RCC_RTCCLKCmd
                0x08003250                RCC_BackupResetCmd
                0x0800325c                RCC_AHBPeriphClockCmd
                0x08003274                RCC_APB2PeriphClockCmd
                0x0800328c                RCC_APB1PeriphClockCmd
                0x080032a4                RCC_AHBPeriphResetCmd
                0x080032bc                RCC_APB2PeriphResetCmd
                0x080032d4                RCC_APB1PeriphResetCmd
                0x080032ec                RCC_ITConfig
                0x08003304                RCC_GetFlagStatus
                0x0800334c                RCC_WaitForHSEStartUp
                0x08003380                RCC_ClearFlag
                0x08003390                RCC_GetITStatus
                0x080033a4                RCC_ClearITPendingBit
 .text          0x080033b0      0x13c Libraries/libstm32f3.a(stm32f30x_syscfg.o)
                0x080033b0                SYSCFG_DeInit
                0x080033d8                SYSCFG_MemoryRemapConfig
                0x080033ec                SYSCFG_DMAChannelRemapConfig
                0x08003404                SYSCFG_TriggerRemapConfig
                0x0800341c                SYSCFG_EncoderRemapConfig
                0x08003434                SYSCFG_USBInterruptLineRemapCmd
                0x08003440                SYSCFG_I2CFastModePlusConfig
                0x08003458                SYSCFG_ITConfig
                0x08003470                SYSCFG_EXTILineConfig
                0x080034a0                SYSCFG_BreakConfig
                0x080034b0                SYSCFG_BypassParityCheckDisable
                0x080034bc                SYSCFG_SRAMWRPEnable
                0x080034cc                SYSCFG_GetFlagStatus
                0x080034dc                SYSCFG_ClearFlag
 .text          0x080034ec      0xde0 Libraries/libstm32f3.a(stm32f30x_tim.o)
                0x080034ec                TIM_DeInit
                0x0800362c                TIM_TimeBaseInit
                0x080036dc                TIM_TimeBaseStructInit
                0x080036f0                TIM_PrescalerConfig
                0x080036f8                TIM_CounterModeConfig
                0x08003708                TIM_SetCounter
                0x0800370c                TIM_SetAutoreload
                0x08003710                TIM_GetCounter
                0x08003714                TIM_GetPrescaler
                0x0800371c                TIM_UpdateDisableConfig
                0x08003738                TIM_UpdateRequestConfig
                0x08003754                TIM_UIFRemap
                0x08003770                TIM_ARRPreloadConfig
                0x0800378c                TIM_SelectOnePulseMode
                0x080037a4                TIM_SetClockDivision
                0x080037bc                TIM_Cmd
                0x080037d8                TIM_OC1Init
                0x08003868                TIM_OC2Init
                0x080038dc                TIM_OC3Init
                0x0800394c                TIM_OC4Init
                0x080039a4                TIM_OC5Init
                0x080039fc                TIM_OC6Init
                0x08003a50                TIM_SelectGC5C1
                0x08003a64                TIM_SelectGC5C2
                0x08003a78                TIM_SelectGC5C3
                0x08003a8c                TIM_OCStructInit
                0x08003aa0                TIM_SelectOCxM
                0x08003af4                TIM_SetCompare1
                0x08003af8                TIM_SetCompare2
                0x08003afc                TIM_SetCompare3
                0x08003b00                TIM_SetCompare4
                0x08003b04                TIM_SetCompare5
                0x08003b08                TIM_SetCompare6
                0x08003b0c                TIM_ForcedOC1Config
                0x08003b1c                TIM_ForcedOC2Config
                0x08003b30                TIM_ForcedOC3Config
                0x08003b3c                TIM_ForcedOC4Config
                0x08003b4c                TIM_ForcedOC5Config
                0x08003b58                TIM_ForcedOC6Config
                0x08003b68                TIM_OC1PreloadConfig
                0x08003b74                TIM_OC2PreloadConfig
                0x08003b84                TIM_OC3PreloadConfig
                0x08003b90                TIM_OC4PreloadConfig
                0x08003ba0                TIM_OC5PreloadConfig
                0x08003bac                TIM_OC6PreloadConfig
                0x08003bbc                TIM_OC1FastConfig
                0x08003bc8                TIM_OC2FastConfig
                0x08003bd8                TIM_OC3FastConfig
                0x08003be4                TIM_OC4FastConfig
                0x08003bf4                TIM_ClearOC1Ref
                0x08003c00                TIM_ClearOC2Ref
                0x08003c10                TIM_ClearOC3Ref
                0x08003c1c                TIM_ClearOC4Ref
                0x08003c2c                TIM_ClearOC5Ref
                0x08003c38                TIM_ClearOC6Ref
                0x08003c48                TIM_SelectOCREFClear
                0x08003c5c                TIM_OC1PolarityConfig
                0x08003c68                TIM_OC1NPolarityConfig
                0x08003c74                TIM_OC2PolarityConfig
                0x08003c84                TIM_OC2NPolarityConfig
                0x08003c94                TIM_OC3PolarityConfig
                0x08003ca4                TIM_OC3NPolarityConfig
                0x08003cb4                TIM_OC4PolarityConfig
                0x08003cc4                TIM_OC5PolarityConfig
                0x08003cd4                TIM_OC6PolarityConfig
                0x08003ce4                TIM_CCxCmd
                0x08003d00                TIM_CCxNCmd
                0x08003d1c                TIM_ICInit
                0x08003e48                TIM_ICStructInit
                0x08003e58                TIM_PWMIConfig
                0x08003f6c                TIM_GetCapture1
                0x08003f70                TIM_GetCapture2
                0x08003f74                TIM_GetCapture3
                0x08003f78                TIM_GetCapture4
                0x08003f7c                TIM_SetIC1Prescaler
                0x08003f8c                TIM_SetIC2Prescaler
                0x08003fa0                TIM_SetIC3Prescaler
                0x08003fb4                TIM_SetIC4Prescaler
                0x08003fcc                TIM_BDTRConfig
                0x08003ff4                TIM_Break1Config
                0x08004008                TIM_Break2Config
                0x0800401c                TIM_Break1Cmd
                0x08004030                TIM_Break2Cmd
                0x08004044                TIM_BDTRStructInit
                0x08004058                TIM_CtrlPWMOutputs
                0x0800406c                TIM_SelectCOM
                0x08004084                TIM_CCPreloadControl
                0x0800409c                TIM_ITConfig
                0x080040b4                TIM_GenerateEvent
                0x080040b8                TIM_GetFlagStatus
                0x080040c4                TIM_ClearFlag
                0x080040cc                TIM_GetITStatus
                0x080040e0                TIM_ClearITPendingBit
                0x080040e8                TIM_DMAConfig
                0x080040f0                TIM_DMACmd
                0x08004108                TIM_SelectCCDMA
                0x08004120                TIM_InternalClockConfig
                0x0800412c                TIM_ITRxExternalClockConfig
                0x08004144                TIM_TIxExternalClockConfig
                0x080041b8                TIM_ETRClockMode1Config
                0x080041e0                TIM_ETRClockMode2Config
                0x08004200                TIM_SelectInputTrigger
                0x08004210                TIM_SelectOutputTrigger
                0x08004224                TIM_SelectOutputTrigger2
                0x08004234                TIM_SelectSlaveMode
                0x08004248                TIM_SelectMasterSlaveMode
                0x0800425c                TIM_ETRConfig
                0x08004274                TIM_EncoderInterfaceConfig
                0x080042ac                TIM_SelectHallSensor
                0x080042c4                TIM_RemapConfig
 .text          0x080042cc      0x514 Libraries/libstm32f3.a(stm32f30x_usart.o)
                0x080042cc                USART_DeInit
                0x0800437c                USART_Init
                0x08004434                USART_StructInit
                0x0800444c                USART_ClockInit
                0x0800446c                USART_ClockStructInit
                0x08004478                USART_Cmd
                0x0800448c                USART_DirectionModeCmd
                0x080044a0                USART_OverSampling8Cmd
                0x080044b4                USART_OneBitMethodCmd
                0x080044c8                USART_MSBFirstCmd
                0x080044dc                USART_DataInvCmd
                0x080044f0                USART_InvPinCmd
                0x08004504                USART_SWAPPinCmd
                0x08004518                USART_ReceiverTimeOutCmd
                0x0800452c                USART_SetReceiverTimeOut
                0x0800453c                USART_SetPrescaler
                0x08004550                USART_STOPModeCmd
                0x08004564                USART_StopModeWakeUpSourceConfig
                0x08004574                USART_AutoBaudRateCmd
                0x08004588                USART_AutoBaudRateConfig
                0x08004598                USART_SendData
                0x080045a0                USART_ReceiveData
                0x080045a8                USART_SetAddress
                0x080045bc                USART_MuteModeCmd
                0x080045d0                USART_MuteModeWakeUpConfig
                0x080045e0                USART_AddressDetectionConfig
                0x080045f0                USART_LINBreakDetectLengthConfig
                0x08004600                USART_LINCmd
                0x08004614                USART_HalfDuplexCmd
                0x08004628                USART_SetGuardTime
                0x0800463c                USART_SmartCardCmd
                0x08004650                USART_SmartCardNACKCmd
                0x08004664                USART_SetAutoRetryCount
                0x08004678                USART_SetBlockLength
                0x0800468c                USART_IrDAConfig
                0x0800469c                USART_IrDACmd
                0x080046b0                USART_DECmd
                0x080046c4                USART_DEPolarityConfig
                0x080046d4                USART_SetDEAssertionTime
                0x080046e8                USART_SetDEDeassertionTime
                0x080046fc                USART_DMACmd
                0x08004710                USART_DMAReceptionErrorConfig
                0x08004720                USART_ITConfig
                0x08004758                USART_RequestCmd
                0x08004770                USART_OverrunDetectionConfig
                0x08004780                USART_GetFlagStatus
                0x0800478c                USART_ClearFlag
                0x08004790                USART_GetITStatus
                0x080047d4                USART_ClearITPendingBit
 .text          0x080047e0      0x370 /home/green-electronics/ee155_tools/gcc-arm-none-eabi-4_9-2015q2/bin/../lib/gcc/arm-none-eabi/4.9.3/armv7e-m/fpu/libgcc.a(_arm_addsubdf3.o)
                0x080047e0                __aeabi_drsub
                0x080047e8                __aeabi_dsub
                0x080047e8                __subdf3
                0x080047ec                __adddf3
                0x080047ec                __aeabi_dadd
                0x08004a64                __aeabi_ui2d
                0x08004a64                __floatunsidf
                0x08004a84                __floatsidf
                0x08004a84                __aeabi_i2d
                0x08004aa8                __extendsfdf2
                0x08004aa8                __aeabi_f2d
                0x08004ae4                __aeabi_ul2d
                0x08004ae4                __floatundidf
                0x08004af4                __floatdidf
                0x08004af4                __aeabi_l2d
 .text          0x08004b50      0x424 /home/green-electronics/ee155_tools/gcc-arm-none-eabi-4_9-2015q2/bin/../lib/gcc/arm-none-eabi/4.9.3/armv7e-m/fpu/libgcc.a(_arm_muldivdf3.o)
                0x08004b50                __aeabi_dmul
                0x08004b50                __muldf3
                0x08004da4                __aeabi_ddiv
                0x08004da4                __divdf3
 .text          0x08004f74       0x50 /home/green-electronics/ee155_tools/gcc-arm-none-eabi-4_9-2015q2/bin/../lib/gcc/arm-none-eabi/4.9.3/armv7e-m/fpu/libgcc.a(_arm_fixdfsi.o)
                0x08004f74                __fixdfsi
                0x08004f74                __aeabi_d2iz
 .text          0x08004fc4       0x40 /home/green-electronics/ee155_tools/gcc-arm-none-eabi-4_9-2015q2/bin/../lib/gcc/arm-none-eabi/4.9.3/armv7e-m/fpu/libgcc.a(_arm_fixunsdfsi.o)
                0x08004fc4                __fixunsdfsi
                0x08004fc4                __aeabi_d2uiz
 .text          0x08005004       0xa0 /home/green-electronics/ee155_tools/gcc-arm-none-eabi-4_9-2015q2/bin/../lib/gcc/arm-none-eabi/4.9.3/armv7e-m/fpu/libgcc.a(_arm_truncdfsf2.o)
                0x08005004                __aeabi_d2f
                0x08005004                __truncdfsf2
 .text          0x080050a4       0x38 /home/green-electronics/ee155_tools/gcc-arm-none-eabi-4_9-2015q2/bin/../lib/gcc/arm-none-eabi/4.9.3/armv7e-m/fpu/libgcc.a(_aeabi_ldivmod.o)
                0x080050a4                __aeabi_ldivmod
 .text          0x080050dc       0x60 /home/green-electronics/ee155_tools/gcc-arm-none-eabi-4_9-2015q2/bin/../lib/gcc/arm-none-eabi/4.9.3/armv7e-m/fpu/libgcc.a(bpabi.o)
                0x080050dc                __gnu_ldivmod_helper
                0x0800510c                __gnu_uldivmod_helper
 .text          0x0800513c        0x4 /home/green-electronics/ee155_tools/gcc-arm-none-eabi-4_9-2015q2/bin/../lib/gcc/arm-none-eabi/4.9.3/armv7e-m/fpu/libgcc.a(_dvmd_tls.o)
                0x0800513c                __aeabi_ldiv0
                0x0800513c                __aeabi_idiv0
 .text          0x08005140      0x29c /home/green-electronics/ee155_tools/gcc-arm-none-eabi-4_9-2015q2/bin/../lib/gcc/arm-none-eabi/4.9.3/armv7e-m/fpu/libgcc.a(_divdi3.o)
                0x08005140                __divdi3
 .text          0x080053dc      0x26c /home/green-electronics/ee155_tools/gcc-arm-none-eabi-4_9-2015q2/bin/../lib/gcc/arm-none-eabi/4.9.3/armv7e-m/fpu/libgcc.a(_udivdi3.o)
                0x080053dc                __udivdi3
 .text          0x08005648      0x134 /home/green-electronics/ee155_tools/gcc-arm-none-eabi-4_9-2015q2/bin/../lib/gcc/arm-none-eabi/4.9.3/../../../../arm-none-eabi/lib/armv7e-m/fpu/libg.a(lib_a-memcpy.o)
                0x08005648                memcpy
 .text          0x0800577c      0x110 /home/green-electronics/ee155_tools/gcc-arm-none-eabi-4_9-2015q2/bin/../lib/gcc/arm-none-eabi/4.9.3/armv7e-m/fpu/libgcc.a(_arm_cmpdf2.o)
                0x0800577c                __gtdf2
                0x0800577c                __gedf2
                0x08005784                __ltdf2
                0x08005784                __ledf2
                0x0800578c                __cmpdf2
                0x0800578c                __eqdf2
                0x0800578c                __nedf2
                0x08005808                __aeabi_cdrcmple
                0x08005818                __aeabi_cdcmple
                0x08005818                __aeabi_cdcmpeq
                0x08005828                __aeabi_dcmpeq
                0x0800583c                __aeabi_dcmplt
                0x08005850                __aeabi_dcmple
                0x08005864                __aeabi_dcmpge
                0x08005878                __aeabi_dcmpgt
 .text          0x0800588c       0x30 /home/green-electronics/ee155_tools/gcc-arm-none-eabi-4_9-2015q2/bin/../lib/gcc/arm-none-eabi/4.9.3/armv7e-m/fpu/libgcc.a(_aeabi_uldivmod.o)
                0x0800588c                __aeabi_uldivmod
 *(.text*)
 .text.calibrate_offset
                0x080058bc       0x24 objs/lab2.o
                0x080058bc                calibrate_offset
 .text.calibrate_voltage
                0x080058e0        0x2 objs/lab2.o
                0x080058e0                calibrate_voltage
 .text.calibrate_current
                0x080058e2        0x2 objs/lab2.o
                0x080058e2                calibrate_current
 .text.meter_init
                0x080058e4        0x2 objs/lab2.o
                0x080058e4                meter_init
 *fill*         0x080058e6        0x2 
 .text.meter_display
                0x080058e8       0x5c objs/lab2.o
                0x080058e8                meter_display
 .text.my_adc_callback
                0x08005944       0x18 objs/lab2.o
                0x08005944                my_adc_callback
 .text.change_state
                0x0800595c       0x34 objs/main.o
                0x0800595c                change_state
 .text.setup_buttons
                0x08005990       0x1e objs/main.o
                0x08005990                setup_buttons
 *fill*         0x080059ae        0x2 
 .text.start_conversion
                0x080059b0       0x3c objs/main.o
                0x080059b0                start_conversion
 .text.startup.main
                0x080059ec      0x138 objs/main.o
                0x080059ec                main
 .text._sbrk    0x08005b24       0x38 objs/newlib_stubs.o
                0x08005b24                _sbrk
 .text.SystemInit
                0x08005b5c       0xfc objs/system_stm32f30x.o
                0x08005b5c                SystemInit
 .text.Reset_Handler
                0x08005c58       0x48 /tmp/cc4yzNqy.o
                0x08005c58                Reset_Handler
 .text.Default_Handler
                0x08005ca0        0x2 /tmp/cc4yzNqy.o
                0x08005ca0                RTC_Alarm_IRQHandler
                0x08005ca0                TIM8_TRG_COM_IRQHandler
                0x08005ca0                TIM8_CC_IRQHandler
                0x08005ca0                DebugMon_Handler
                0x08005ca0                TIM1_CC_IRQHandler
                0x08005ca0                HardFault_Handler
                0x08005ca0                USB_HP_IRQHandler
                0x08005ca0                PVD_IRQHandler
                0x08005ca0                PendSV_Handler
                0x08005ca0                NMI_Handler
                0x08005ca0                EXTI3_IRQHandler
                0x08005ca0                EXTI0_IRQHandler
                0x08005ca0                I2C2_EV_IRQHandler
                0x08005ca0                FPU_IRQHandler
                0x08005ca0                EXTI2_TS_IRQHandler
                0x08005ca0                TIM1_UP_TIM16_IRQHandler
                0x08005ca0                UsageFault_Handler
                0x08005ca0                ADC1_2_IRQHandler
                0x08005ca0                SPI1_IRQHandler
                0x08005ca0                TIM6_DAC_IRQHandler
                0x08005ca0                TIM8_UP_IRQHandler
                0x08005ca0                DMA2_Channel2_IRQHandler
                0x08005ca0                DMA1_Channel4_IRQHandler
                0x08005ca0                USART3_IRQHandler
                0x08005ca0                DMA1_Channel7_IRQHandler
                0x08005ca0                CAN1_RX1_IRQHandler
                0x08005ca0                UART5_IRQHandler
                0x08005ca0                ADC3_IRQHandler
                0x08005ca0                I2C1_EV_IRQHandler
                0x08005ca0                DMA1_Channel6_IRQHandler
                0x08005ca0                UART4_IRQHandler
                0x08005ca0                DMA2_Channel4_IRQHandler
                0x08005ca0                RCC_IRQHandler
                0x08005ca0                Default_Handler
                0x08005ca0                USBWakeUp_RMP_IRQHandler
                0x08005ca0                TIM7_IRQHandler
                0x08005ca0                EXTI9_5_IRQHandler
                0x08005ca0                TAMPER_STAMP_IRQHandler
                0x08005ca0                RTC_WKUP_IRQHandler
                0x08005ca0                SPI2_IRQHandler
                0x08005ca0                MemManage_Handler
                0x08005ca0                SVC_Handler
                0x08005ca0                DMA2_Channel5_IRQHandler
                0x08005ca0                DMA1_Channel5_IRQHandler
                0x08005ca0                USB_LP_IRQHandler
                0x08005ca0                EXTI4_IRQHandler
                0x08005ca0                USB_LP_CAN1_RX0_IRQHandler
                0x08005ca0                TIM1_TRG_COM_TIM17_IRQHandler
                0x08005ca0                USB_HP_CAN1_TX_IRQHandler
                0x08005ca0                DMA1_Channel3_IRQHandler
                0x08005ca0                ADC4_IRQHandler
                0x08005ca0                WWDG_IRQHandler
                0x08005ca0                TIM2_IRQHandler
                0x08005ca0                COMP7_IRQHandler
                0x08005ca0                COMP1_2_3_IRQHandler
                0x08005ca0                EXTI1_IRQHandler
                0x08005ca0                USART2_IRQHandler
                0x08005ca0                COMP4_5_6_IRQHandler
                0x08005ca0                I2C2_ER_IRQHandler
                0x08005ca0                DMA1_Channel2_IRQHandler
                0x08005ca0                TIM8_BRK_IRQHandler
                0x08005ca0                CAN1_SCE_IRQHandler
                0x08005ca0                FLASH_IRQHandler
                0x08005ca0                BusFault_Handler
                0x08005ca0                SPI3_IRQHandler
                0x08005ca0                I2C1_ER_IRQHandler
                0x08005ca0                USBWakeUp_IRQHandler
                0x08005ca0                DMA2_Channel3_IRQHandler
                0x08005ca0                TIM1_BRK_TIM15_IRQHandler
 *fill*         0x08005ca2        0x2 
 .text.__libc_init_array
                0x08005ca4       0x50 /home/green-electronics/ee155_tools/gcc-arm-none-eabi-4_9-2015q2/bin/../lib/gcc/arm-none-eabi/4.9.3/../../../../arm-none-eabi/lib/armv7e-m/fpu/libg.a(lib_a-init.o)
                0x08005ca4                __libc_init_array
 .text.memset   0x08005cf4       0x9c /home/green-electronics/ee155_tools/gcc-arm-none-eabi-4_9-2015q2/bin/../lib/gcc/arm-none-eabi/4.9.3/../../../../arm-none-eabi/lib/armv7e-m/fpu/libg.a(lib_a-memset.o)
                0x08005cf4                memset
 .text.snprintf
                0x08005d90       0x9c /home/green-electronics/ee155_tools/gcc-arm-none-eabi-4_9-2015q2/bin/../lib/gcc/arm-none-eabi/4.9.3/../../../../arm-none-eabi/lib/armv7e-m/fpu/libg.a(lib_a-snprintf.o)
                0x08005d90                snprintf
 *fill*         0x08005e2c        0x4 
 .text._svfprintf_r
                0x08005e30     0x14cc /home/green-electronics/ee155_tools/gcc-arm-none-eabi-4_9-2015q2/bin/../lib/gcc/arm-none-eabi/4.9.3/../../../../arm-none-eabi/lib/armv7e-m/fpu/libg.a(lib_a-svfprintf.o)
                0x08005e30                _svfprintf_r
 .text.startup.register_fini
                0x080072fc       0x14 /home/green-electronics/ee155_tools/gcc-arm-none-eabi-4_9-2015q2/bin/../lib/gcc/arm-none-eabi/4.9.3/../../../../arm-none-eabi/lib/armv7e-m/fpu/libg.a(lib_a-__call_atexit.o)
 .text.atexit   0x08007310        0xc /home/green-electronics/ee155_tools/gcc-arm-none-eabi-4_9-2015q2/bin/../lib/gcc/arm-none-eabi/4.9.3/../../../../arm-none-eabi/lib/armv7e-m/fpu/libg.a(lib_a-atexit.o)
                0x08007310                atexit
 .text.quorem   0x0800731c      0x12c /home/green-electronics/ee155_tools/gcc-arm-none-eabi-4_9-2015q2/bin/../lib/gcc/arm-none-eabi/4.9.3/../../../../arm-none-eabi/lib/armv7e-m/fpu/libg.a(lib_a-dtoa.o)
 .text._dtoa_r  0x08007448      0xea4 /home/green-electronics/ee155_tools/gcc-arm-none-eabi-4_9-2015q2/bin/../lib/gcc/arm-none-eabi/4.9.3/../../../../arm-none-eabi/lib/armv7e-m/fpu/libg.a(lib_a-dtoa.o)
                0x08007448                _dtoa_r
 .text.__libc_fini_array
                0x080082ec       0x2c /home/green-electronics/ee155_tools/gcc-arm-none-eabi-4_9-2015q2/bin/../lib/gcc/arm-none-eabi/4.9.3/../../../../arm-none-eabi/lib/armv7e-m/fpu/libg.a(lib_a-fini.o)
                0x080082ec                __libc_fini_array
 .text._localeconv_r
                0x08008318        0x8 /home/green-electronics/ee155_tools/gcc-arm-none-eabi-4_9-2015q2/bin/../lib/gcc/arm-none-eabi/4.9.3/../../../../arm-none-eabi/lib/armv7e-m/fpu/libg.a(lib_a-locale.o)
                0x08008318                _localeconv_r
 .text._malloc_r
                0x08008320      0x524 /home/green-electronics/ee155_tools/gcc-arm-none-eabi-4_9-2015q2/bin/../lib/gcc/arm-none-eabi/4.9.3/../../../../arm-none-eabi/lib/armv7e-m/fpu/libg.a(lib_a-mallocr.o)
                0x08008320                _malloc_r
 .text.memchr   0x08008844       0x94 /home/green-electronics/ee155_tools/gcc-arm-none-eabi-4_9-2015q2/bin/../lib/gcc/arm-none-eabi/4.9.3/../../../../arm-none-eabi/lib/armv7e-m/fpu/libg.a(lib_a-memchr.o)
                0x08008844                memchr
 .text.__malloc_lock
                0x080088d8        0x4 /home/green-electronics/ee155_tools/gcc-arm-none-eabi-4_9-2015q2/bin/../lib/gcc/arm-none-eabi/4.9.3/../../../../arm-none-eabi/lib/armv7e-m/fpu/libg.a(lib_a-mlock.o)
                0x080088d8                __malloc_lock
 .text.__malloc_unlock
                0x080088dc        0x4 /home/green-electronics/ee155_tools/gcc-arm-none-eabi-4_9-2015q2/bin/../lib/gcc/arm-none-eabi/4.9.3/../../../../arm-none-eabi/lib/armv7e-m/fpu/libg.a(lib_a-mlock.o)
                0x080088dc                __malloc_unlock
 .text._Balloc  0x080088e0       0x4c /home/green-electronics/ee155_tools/gcc-arm-none-eabi-4_9-2015q2/bin/../lib/gcc/arm-none-eabi/4.9.3/../../../../arm-none-eabi/lib/armv7e-m/fpu/libg.a(lib_a-mprec.o)
                0x080088e0                _Balloc
 .text._Bfree   0x0800892c       0x14 /home/green-electronics/ee155_tools/gcc-arm-none-eabi-4_9-2015q2/bin/../lib/gcc/arm-none-eabi/4.9.3/../../../../arm-none-eabi/lib/armv7e-m/fpu/libg.a(lib_a-mprec.o)
                0x0800892c                _Bfree
 .text.__multadd
                0x08008940       0x84 /home/green-electronics/ee155_tools/gcc-arm-none-eabi-4_9-2015q2/bin/../lib/gcc/arm-none-eabi/4.9.3/../../../../arm-none-eabi/lib/armv7e-m/fpu/libg.a(lib_a-mprec.o)
                0x08008940                __multadd
 .text.__hi0bits
                0x080089c4       0x40 /home/green-electronics/ee155_tools/gcc-arm-none-eabi-4_9-2015q2/bin/../lib/gcc/arm-none-eabi/4.9.3/../../../../arm-none-eabi/lib/armv7e-m/fpu/libg.a(lib_a-mprec.o)
                0x080089c4                __hi0bits
 .text.__lo0bits
                0x08008a04       0x5c /home/green-electronics/ee155_tools/gcc-arm-none-eabi-4_9-2015q2/bin/../lib/gcc/arm-none-eabi/4.9.3/../../../../arm-none-eabi/lib/armv7e-m/fpu/libg.a(lib_a-mprec.o)
                0x08008a04                __lo0bits
 .text.__i2b    0x08008a60       0x14 /home/green-electronics/ee155_tools/gcc-arm-none-eabi-4_9-2015q2/bin/../lib/gcc/arm-none-eabi/4.9.3/../../../../arm-none-eabi/lib/armv7e-m/fpu/libg.a(lib_a-mprec.o)
                0x08008a60                __i2b
 .text.__multiply
                0x08008a74      0x134 /home/green-electronics/ee155_tools/gcc-arm-none-eabi-4_9-2015q2/bin/../lib/gcc/arm-none-eabi/4.9.3/../../../../arm-none-eabi/lib/armv7e-m/fpu/libg.a(lib_a-mprec.o)
                0x08008a74                __multiply
 .text.__pow5mult
                0x08008ba8       0xa0 /home/green-electronics/ee155_tools/gcc-arm-none-eabi-4_9-2015q2/bin/../lib/gcc/arm-none-eabi/4.9.3/../../../../arm-none-eabi/lib/armv7e-m/fpu/libg.a(lib_a-mprec.o)
                0x08008ba8                __pow5mult
 .text.__lshift
                0x08008c48       0xac /home/green-electronics/ee155_tools/gcc-arm-none-eabi-4_9-2015q2/bin/../lib/gcc/arm-none-eabi/4.9.3/../../../../arm-none-eabi/lib/armv7e-m/fpu/libg.a(lib_a-mprec.o)
                0x08008c48                __lshift
 .text.__mcmp   0x08008cf4       0x48 /home/green-electronics/ee155_tools/gcc-arm-none-eabi-4_9-2015q2/bin/../lib/gcc/arm-none-eabi/4.9.3/../../../../arm-none-eabi/lib/armv7e-m/fpu/libg.a(lib_a-mprec.o)
                0x08008cf4                __mcmp
 .text.__mdiff  0x08008d3c       0xd4 /home/green-electronics/ee155_tools/gcc-arm-none-eabi-4_9-2015q2/bin/../lib/gcc/arm-none-eabi/4.9.3/../../../../arm-none-eabi/lib/armv7e-m/fpu/libg.a(lib_a-mprec.o)
                0x08008d3c                __mdiff
 .text.__d2b    0x08008e10       0xbc /home/green-electronics/ee155_tools/gcc-arm-none-eabi-4_9-2015q2/bin/../lib/gcc/arm-none-eabi/4.9.3/../../../../arm-none-eabi/lib/armv7e-m/fpu/libg.a(lib_a-mprec.o)
                0x08008e10                __d2b
 .text.__fpclassifyd
                0x08008ecc       0x5c /home/green-electronics/ee155_tools/gcc-arm-none-eabi-4_9-2015q2/bin/../lib/gcc/arm-none-eabi/4.9.3/../../../../arm-none-eabi/lib/armv7e-m/fpu/libg.a(lib_a-s_fpclassify.o)
                0x08008ecc                __fpclassifyd
 .text._sbrk_r  0x08008f28       0x24 /home/green-electronics/ee155_tools/gcc-arm-none-eabi-4_9-2015q2/bin/../lib/gcc/arm-none-eabi/4.9.3/../../../../arm-none-eabi/lib/armv7e-m/fpu/libg.a(lib_a-sbrkr.o)
                0x08008f28                _sbrk_r
 .text.strlen   0x08008f4c       0x5c /home/green-electronics/ee155_tools/gcc-arm-none-eabi-4_9-2015q2/bin/../lib/gcc/arm-none-eabi/4.9.3/../../../../arm-none-eabi/lib/armv7e-m/fpu/libg.a(lib_a-strlen.o)
                0x08008f4c                strlen
 .text.__ssprint_r
                0x08008fa8      0x104 /home/green-electronics/ee155_tools/gcc-arm-none-eabi-4_9-2015q2/bin/../lib/gcc/arm-none-eabi/4.9.3/../../../../arm-none-eabi/lib/armv7e-m/fpu/libg.a(lib_a-svfiprintf.o)
                0x08008fa8                __ssprint_r
 .text.__register_exitproc
                0x080090ac       0xa4 /home/green-electronics/ee155_tools/gcc-arm-none-eabi-4_9-2015q2/bin/../lib/gcc/arm-none-eabi/4.9.3/../../../../arm-none-eabi/lib/armv7e-m/fpu/libg.a(lib_a-__atexit.o)
                0x080090ac                __register_exitproc
 .text._calloc_r
                0x08009150       0x60 /home/green-electronics/ee155_tools/gcc-arm-none-eabi-4_9-2015q2/bin/../lib/gcc/arm-none-eabi/4.9.3/../../../../arm-none-eabi/lib/armv7e-m/fpu/libg.a(lib_a-callocr.o)
                0x08009150                _calloc_r
 .text._malloc_trim_r
                0x080091b0       0x9c /home/green-electronics/ee155_tools/gcc-arm-none-eabi-4_9-2015q2/bin/../lib/gcc/arm-none-eabi/4.9.3/../../../../arm-none-eabi/lib/armv7e-m/fpu/libg.a(lib_a-freer.o)
                0x080091b0                _malloc_trim_r
 .text._free_r  0x0800924c      0x1b0 /home/green-electronics/ee155_tools/gcc-arm-none-eabi-4_9-2015q2/bin/../lib/gcc/arm-none-eabi/4.9.3/../../../../arm-none-eabi/lib/armv7e-m/fpu/libg.a(lib_a-freer.o)
                0x0800924c                _free_r
 .text.memmove  0x080093fc       0xc8 /home/green-electronics/ee155_tools/gcc-arm-none-eabi-4_9-2015q2/bin/../lib/gcc/arm-none-eabi/4.9.3/../../../../arm-none-eabi/lib/armv7e-m/fpu/libg.a(lib_a-memmove.o)
                0x080093fc                memmove
 .text._realloc_r
                0x080094c4      0x3ec /home/green-electronics/ee155_tools/gcc-arm-none-eabi-4_9-2015q2/bin/../lib/gcc/arm-none-eabi/4.9.3/../../../../arm-none-eabi/lib/armv7e-m/fpu/libg.a(lib_a-reallocr.o)
                0x080094c4                _realloc_r
 *(.rodata)
 .rodata        0x080098b0        0x2 objs/main.o
 *fill*         0x080098b2        0x2 
 .rodata        0x080098b4      0x20c ../../libraries/libge.a(ge_adc.o)
 .rodata        0x08009ac0      0x20c ../../libraries/libge.a(ge_gpio.o)
 .rodata        0x08009ccc        0x4 ../../libraries/libge.a(HD44780_F3.o)
 .rodata        0x08009cd0      0x2ba ../../libraries/libge.a(ge_pwm.o)
 *(.rodata*)
 .rodata.str1.1
                0x08009f8a       0x1e objs/lab2.o
 .rodata.str1.1
                0x08009fa8       0x74 objs/main.o
 .rodata.str1.4
                0x0800a01c        0x2 /home/green-electronics/ee155_tools/gcc-arm-none-eabi-4_9-2015q2/bin/../lib/gcc/arm-none-eabi/4.9.3/../../../../arm-none-eabi/lib/armv7e-m/fpu/libg.a(lib_a-impure.o)
 *fill*         0x0800a01e        0x2 
 .rodata._global_impure_ptr
                0x0800a020        0x4 /home/green-electronics/ee155_tools/gcc-arm-none-eabi-4_9-2015q2/bin/../lib/gcc/arm-none-eabi/4.9.3/../../../../arm-none-eabi/lib/armv7e-m/fpu/libg.a(lib_a-impure.o)
                0x0800a020                _global_impure_ptr
 .rodata.zeroes.6911
                0x0800a024       0x10 /home/green-electronics/ee155_tools/gcc-arm-none-eabi-4_9-2015q2/bin/../lib/gcc/arm-none-eabi/4.9.3/../../../../arm-none-eabi/lib/armv7e-m/fpu/libg.a(lib_a-svfprintf.o)
 .rodata.blanks.6910
                0x0800a034       0x10 /home/green-electronics/ee155_tools/gcc-arm-none-eabi-4_9-2015q2/bin/../lib/gcc/arm-none-eabi/4.9.3/../../../../arm-none-eabi/lib/armv7e-m/fpu/libg.a(lib_a-svfprintf.o)
 .rodata.str1.4
                0x0800a044       0x42 /home/green-electronics/ee155_tools/gcc-arm-none-eabi-4_9-2015q2/bin/../lib/gcc/arm-none-eabi/4.9.3/../../../../arm-none-eabi/lib/armv7e-m/fpu/libg.a(lib_a-svfprintf.o)
 *fill*         0x0800a086        0x2 
 .rodata.str1.4
                0x0800a088       0x10 /home/green-electronics/ee155_tools/gcc-arm-none-eabi-4_9-2015q2/bin/../lib/gcc/arm-none-eabi/4.9.3/../../../../arm-none-eabi/lib/armv7e-m/fpu/libg.a(lib_a-dtoa.o)
                                 0x12 (size before relaxing)
 .rodata.str1.4
                0x0800a098        0xc /home/green-electronics/ee155_tools/gcc-arm-none-eabi-4_9-2015q2/bin/../lib/gcc/arm-none-eabi/4.9.3/../../../../arm-none-eabi/lib/armv7e-m/fpu/libg.a(lib_a-locale.o)
                                 0x12 (size before relaxing)
 *fill*         0x0800a0a4        0x4 
 .rodata.__mprec_tens
                0x0800a0a8       0xc8 /home/green-electronics/ee155_tools/gcc-arm-none-eabi-4_9-2015q2/bin/../lib/gcc/arm-none-eabi/4.9.3/../../../../arm-none-eabi/lib/armv7e-m/fpu/libg.a(lib_a-mprec.o)
                0x0800a0a8                __mprec_tens
 .rodata.p05.5302
                0x0800a170        0xc /home/green-electronics/ee155_tools/gcc-arm-none-eabi-4_9-2015q2/bin/../lib/gcc/arm-none-eabi/4.9.3/../../../../arm-none-eabi/lib/armv7e-m/fpu/libg.a(lib_a-mprec.o)
 *fill*         0x0800a17c        0x4 
 .rodata.__mprec_bigtens
                0x0800a180       0x28 /home/green-electronics/ee155_tools/gcc-arm-none-eabi-4_9-2015q2/bin/../lib/gcc/arm-none-eabi/4.9.3/../../../../arm-none-eabi/lib/armv7e-m/fpu/libg.a(lib_a-mprec.o)
                0x0800a180                __mprec_bigtens
 *(.glue_7)
 .glue_7        0x00000000        0x0 linker stubs
 *(.glue_7t)
 .glue_7t       0x00000000        0x0 linker stubs
 *(.init)
 .init          0x0800a1a8        0x4 /home/green-electronics/ee155_tools/gcc-arm-none-eabi-4_9-2015q2/bin/../lib/gcc/arm-none-eabi/4.9.3/armv7e-m/fpu/crti.o
                0x0800a1a8                _init
 .init          0x0800a1ac        0x8 /home/green-electronics/ee155_tools/gcc-arm-none-eabi-4_9-2015q2/bin/../lib/gcc/arm-none-eabi/4.9.3/armv7e-m/fpu/crtn.o
 *(.fini)
 .fini          0x0800a1b4        0x4 /home/green-electronics/ee155_tools/gcc-arm-none-eabi-4_9-2015q2/bin/../lib/gcc/arm-none-eabi/4.9.3/armv7e-m/fpu/crti.o
                0x0800a1b4                _fini
 .fini          0x0800a1b8        0x8 /home/green-electronics/ee155_tools/gcc-arm-none-eabi-4_9-2015q2/bin/../lib/gcc/arm-none-eabi/4.9.3/armv7e-m/fpu/crtn.o
                0x0800a1c0                . = ALIGN (0x4)
                0x0800a1c0                _etext = .

.vfp11_veneer   0x0800a1c0        0x0
 .vfp11_veneer  0x00000000        0x0 linker stubs

.v4_bx          0x0800a1c0        0x0
 .v4_bx         0x00000000        0x0 linker stubs

.iplt           0x0800a1c0        0x0
 .iplt          0x00000000        0x0 /home/green-electronics/ee155_tools/gcc-arm-none-eabi-4_9-2015q2/bin/../lib/gcc/arm-none-eabi/4.9.3/armv7e-m/fpu/crtbegin.o

.ARM.extab
 *(.ARM.extab* .gnu.linkonce.armextab.*)

.ARM            0x0800a1c0        0x8
                0x0800a1c0                __exidx_start = .
 *(.ARM.exidx*)
 .ARM.exidx     0x0800a1c0        0x8 /home/green-electronics/ee155_tools/gcc-arm-none-eabi-4_9-2015q2/bin/../lib/gcc/arm-none-eabi/4.9.3/armv7e-m/fpu/libgcc.a(_divdi3.o)
 .ARM.exidx     0x0800a1c8        0x0 /home/green-electronics/ee155_tools/gcc-arm-none-eabi-4_9-2015q2/bin/../lib/gcc/arm-none-eabi/4.9.3/armv7e-m/fpu/libgcc.a(_udivdi3.o)
                                  0x8 (size before relaxing)
                0x0800a1c8                __exidx_end = .

.rel.dyn        0x0800a1c8        0x0
 .rel.iplt      0x00000000        0x0 /home/green-electronics/ee155_tools/gcc-arm-none-eabi-4_9-2015q2/bin/../lib/gcc/arm-none-eabi/4.9.3/armv7e-m/fpu/crtbegin.o

.preinit_array  0x0800a1c8        0x0
                0x0800a1c8                PROVIDE (__preinit_array_start, .)
 *(.preinit_array*)
                0x0800a1c8                PROVIDE (__preinit_array_end, .)

.init_array     0x0800a1c8        0x8
                0x0800a1c8                PROVIDE (__init_array_start, .)
 *(SORT(.init_array.*))
 .init_array.00000
                0x0800a1c8        0x4 /home/green-electronics/ee155_tools/gcc-arm-none-eabi-4_9-2015q2/bin/../lib/gcc/arm-none-eabi/4.9.3/../../../../arm-none-eabi/lib/armv7e-m/fpu/libg.a(lib_a-__call_atexit.o)
 *(.init_array*)
 .init_array    0x0800a1cc        0x4 /home/green-electronics/ee155_tools/gcc-arm-none-eabi-4_9-2015q2/bin/../lib/gcc/arm-none-eabi/4.9.3/armv7e-m/fpu/crtbegin.o
                0x0800a1d0                PROVIDE (__init_array_end, .)

.fini_array     0x0800a1d0        0x4
                0x0800a1d0                PROVIDE (__fini_array_start, .)
 *(.fini_array*)
 .fini_array    0x0800a1d0        0x4 /home/green-electronics/ee155_tools/gcc-arm-none-eabi-4_9-2015q2/bin/../lib/gcc/arm-none-eabi/4.9.3/armv7e-m/fpu/crtbegin.o
 *(SORT(.fini_array.*))
                0x0800a1d4                PROVIDE (__fini_array_end, .)
                0x0800a1d4                _sidata = .

.data           0x20000000      0x994 load address 0x0800a1d4
                0x20000000                . = ALIGN (0x4)
                0x20000000                _sdata = .
 *(.data)
 .data          0x20000000       0xeb ../../libraries/libge.a(ge_adc.o)
                0x20000000                adc_pin_map
                0x20000028                adc_bank_map
                0x200000c4                adc_chan_map
 *fill*         0x200000eb        0x1 
 .data          0x200000ec        0x8 ../../libraries/libge.a(ge_system.o)
                0x200000ec                _ge_usb_timeout
                0x200000f0                packet_sent
 .data          0x200000f4       0x2a Libraries/libstm32f3.a(stm32f30x_rcc.o)
 *(.data*)
 *fill*         0x2000011e        0x2 
 .data.impure_data
                0x20000120      0x428 /home/green-electronics/ee155_tools/gcc-arm-none-eabi-4_9-2015q2/bin/../lib/gcc/arm-none-eabi/4.9.3/../../../../arm-none-eabi/lib/armv7e-m/fpu/libg.a(lib_a-impure.o)
 .data._impure_ptr
                0x20000548        0x4 /home/green-electronics/ee155_tools/gcc-arm-none-eabi-4_9-2015q2/bin/../lib/gcc/arm-none-eabi/4.9.3/../../../../arm-none-eabi/lib/armv7e-m/fpu/libg.a(lib_a-impure.o)
                0x20000548                _impure_ptr
 .data.lconv    0x2000054c       0x38 /home/green-electronics/ee155_tools/gcc-arm-none-eabi-4_9-2015q2/bin/../lib/gcc/arm-none-eabi/4.9.3/../../../../arm-none-eabi/lib/armv7e-m/fpu/libg.a(lib_a-locale.o)
 .data.__malloc_av_
                0x20000584      0x408 /home/green-electronics/ee155_tools/gcc-arm-none-eabi-4_9-2015q2/bin/../lib/gcc/arm-none-eabi/4.9.3/../../../../arm-none-eabi/lib/armv7e-m/fpu/libg.a(lib_a-mallocr.o)
                0x20000584                __malloc_av_
 .data.__malloc_trim_threshold
                0x2000098c        0x4 /home/green-electronics/ee155_tools/gcc-arm-none-eabi-4_9-2015q2/bin/../lib/gcc/arm-none-eabi/4.9.3/../../../../arm-none-eabi/lib/armv7e-m/fpu/libg.a(lib_a-mallocr.o)
                0x2000098c                __malloc_trim_threshold
 .data.__malloc_sbrk_base
                0x20000990        0x4 /home/green-electronics/ee155_tools/gcc-arm-none-eabi-4_9-2015q2/bin/../lib/gcc/arm-none-eabi/4.9.3/../../../../arm-none-eabi/lib/armv7e-m/fpu/libg.a(lib_a-mallocr.o)
                0x20000990                __malloc_sbrk_base
                0x20000994                . = ALIGN (0x4)
                0x20000994                _edata = .

.jcr            0x20000994        0x0 load address 0x0800ab68
 .jcr           0x20000994        0x0 /home/green-electronics/ee155_tools/gcc-arm-none-eabi-4_9-2015q2/bin/../lib/gcc/arm-none-eabi/4.9.3/armv7e-m/fpu/crtbegin.o

.igot.plt       0x20000994        0x0 load address 0x0800ab68
 .igot.plt      0x00000000        0x0 /home/green-electronics/ee155_tools/gcc-arm-none-eabi-4_9-2015q2/bin/../lib/gcc/arm-none-eabi/4.9.3/armv7e-m/fpu/crtbegin.o
                0x20000994                . = ALIGN (0x4)

.bss            0x20000994      0x9d4 load address 0x0800ab68
                0x20000994                _sbss = .
                0x20000994                __bss_start__ = _sbss
 *(.bss)
 .bss           0x20000994       0x1c /home/green-electronics/ee155_tools/gcc-arm-none-eabi-4_9-2015q2/bin/../lib/gcc/arm-none-eabi/4.9.3/armv7e-m/fpu/crtbegin.o
 .bss           0x200009b0        0x7 ../../libraries/libge.a(ge_system.o)
                0x200009b0                _ge_delay_time
                0x200009b4                _vcom_buf_corrupt
                0x200009b5                _vcom_buf_tail
                0x200009b6                _vcom_buf_head
 *fill*         0x200009b7        0x1 
 .bss           0x200009b8       0x10 ../../libraries/libge.a(ge_ic_int.o)
 .bss           0x200009c8      0x200 ../../libraries/libge.a(eeprom.o)
                0x20000bc6                DataVar
 *(.bss*)
 .bss.btn_pressed
                0x20000bc8        0x1 objs/main.o
                0x20000bc8                btn_pressed
 .bss.state     0x20000bc9        0x1 objs/main.o
                0x20000bc9                state
 *fill*         0x20000bca        0x2 
 .bss.heap_end.8807
                0x20000bcc        0x4 objs/newlib_stubs.o
 .bss.__malloc_max_total_mem
                0x20000bd0        0x4 /home/green-electronics/ee155_tools/gcc-arm-none-eabi-4_9-2015q2/bin/../lib/gcc/arm-none-eabi/4.9.3/../../../../arm-none-eabi/lib/armv7e-m/fpu/libg.a(lib_a-mallocr.o)
                0x20000bd0                __malloc_max_total_mem
 .bss.__malloc_max_sbrked_mem
                0x20000bd4        0x4 /home/green-electronics/ee155_tools/gcc-arm-none-eabi-4_9-2015q2/bin/../lib/gcc/arm-none-eabi/4.9.3/../../../../arm-none-eabi/lib/armv7e-m/fpu/libg.a(lib_a-mallocr.o)
                0x20000bd4                __malloc_max_sbrked_mem
 .bss.__malloc_top_pad
                0x20000bd8        0x4 /home/green-electronics/ee155_tools/gcc-arm-none-eabi-4_9-2015q2/bin/../lib/gcc/arm-none-eabi/4.9.3/../../../../arm-none-eabi/lib/armv7e-m/fpu/libg.a(lib_a-mallocr.o)
                0x20000bd8                __malloc_top_pad
 .bss.__malloc_current_mallinfo
                0x20000bdc       0x28 /home/green-electronics/ee155_tools/gcc-arm-none-eabi-4_9-2015q2/bin/../lib/gcc/arm-none-eabi/4.9.3/../../../../arm-none-eabi/lib/armv7e-m/fpu/libg.a(lib_a-mallocr.o)
                0x20000bdc                __malloc_current_mallinfo
 *(COMMON)
 COMMON         0x20000c04        0x4 objs/errno.o
                0x20000c04                errno
 COMMON         0x20000c08      0x349 objs/lab2.o
                0x20000c08                voltage_reading
                0x20000c0a                adc_readings
                0x20000c58                zero_amps
                0x20000c5c                chan_order1
                0x20000c9c                num_chan_adc2
                0x20000ca0                adc_reg_callback
                0x20000ca4                num_chan_adc1
                0x20000ca8                adc_conv_order
                0x20000e7c                current_reading
                0x20000e80                chan_order2
                0x20000ec0                volts_per_div
                0x20000ec4                amps_per_div
                0x20000ec8                num_chan_adc4
                0x20000ecc                chan_order3
                0x20000f0c                zero_volts
                0x20000f10                chan_order4
                0x20000f50                num_chan_adc3
 *fill*         0x20000f51        0x3 
 COMMON         0x20000f54      0x1e8 ../../libraries/libge.a(ge_adc.o)
                0x20000f54                calibration_value_adc1
                0x20000f58                calibration_value_adc3
                0x20000f5c                data_buf1
                0x20000f9c                calibration_value_adc2
                0x20000fa0                adc3_conv_map
                0x20000fc0                adc2_conv_map
                0x20000fe0                adc_val_rdy_state
                0x20000fe4                _num_conv
                0x20000fe8                data_buf4
                0x20001028                calibration_value_adc4
                0x2000102c                data_buf3
                0x2000106c                adc1_conv_map
                0x2000108c                adc4_conv_map
                0x200010ac                data_buf2
                0x200010ec                adc_conversions
                0x2000113a                _ge_adc_ovf
                0x2000113b                adc_state
 COMMON         0x2000113c      0x120 ../../libraries/libge.a(ge_timer.o)
                0x2000113c                _ge_tim_periods
                0x2000117c                _ge_tim_period
                0x20001180                _ge_tim_callbacks
                0x200011c0                _ge_tim_max_counter
                0x200011c4                _ge_tim_num_timers
                0x200011c8                _ge_tim_count
                0x200011cc                _ge_tim_type
                0x2000120c                _ge_tim_state
                0x2000121c                _ge_tim_offsets
 COMMON         0x2000125c      0x106 ../../libraries/libge.a(ge_uart.o)
                0x2000125c                U1Rx
                0x200012df                U1Tx
 *fill*         0x20001362        0x2 
 COMMON         0x20001364        0x4 ../../libraries/libge.a(ge_pwm.o)
                0x20001364                _ge_pwm_period
                0x20001368                . = ALIGN (0x4)
                0x20001368                _ebss = .
                0x20001368                __bss_end__ = _ebss
                0x20001368                PROVIDE (end, _ebss)
                0x20001368                PROVIDE (_end, _ebss)

._user_heap_stack
                0x20001368      0x600 load address 0x0800b53c
                0x20001368                . = ALIGN (0x4)
                0x20001568                . = (. + _Min_Heap_Size)
 *fill*         0x20001368      0x200 
                0x20001968                . = (. + _Min_Stack_Size)
 *fill*         0x20001568      0x400 
                0x20001968                . = ALIGN (0x4)

.memory_b1_text
 *(.mb1text)
 *(.mb1text*)
 *(.mb1rodata)
 *(.mb1rodata*)

/DISCARD/
 libc.a(*)
 libm.a(*)
 libgcc.a(*)

.ARM.attributes
                0x00000000       0x30
 *(.ARM.attributes)
 .ARM.attributes
                0x00000000       0x22 /home/green-electronics/ee155_tools/gcc-arm-none-eabi-4_9-2015q2/bin/../lib/gcc/arm-none-eabi/4.9.3/armv7e-m/fpu/crti.o
 .ARM.attributes
                0x00000022       0x34 /home/green-electronics/ee155_tools/gcc-arm-none-eabi-4_9-2015q2/bin/../lib/gcc/arm-none-eabi/4.9.3/armv7e-m/fpu/crtbegin.o
 .ARM.attributes
                0x00000056       0x39 objs/errno.o
 .ARM.attributes
                0x0000008f       0x39 objs/lab2.o
 .ARM.attributes
                0x000000c8       0x39 objs/main.o
 .ARM.attributes
                0x00000101       0x39 objs/newlib_stubs.o
 .ARM.attributes
                0x0000013a       0x39 objs/system_stm32f30x.o
 .ARM.attributes
                0x00000173       0x21 /tmp/cc4yzNqy.o
 .ARM.attributes
                0x00000194       0x39 ../../libraries/libge.a(ge_adc.o)
 .ARM.attributes
                0x000001cd       0x39 ../../libraries/libge.a(ge_gpio.o)
 .ARM.attributes
                0x00000206       0x39 ../../libraries/libge.a(ge_lcd.o)
 .ARM.attributes
                0x0000023f       0x39 ../../libraries/libge.a(ge_system.o)
 .ARM.attributes
                0x00000278       0x39 ../../libraries/libge.a(ge_timer.o)
 .ARM.attributes
                0x000002b1       0x39 ../../libraries/libge.a(ge_uart.o)
 .ARM.attributes
                0x000002ea       0x39 ../../libraries/libge.a(HD44780_F3.o)
 .ARM.attributes
                0x00000323       0x39 ../../libraries/libge.a(buffer.o)
 .ARM.attributes
                0x0000035c       0x39 ../../libraries/libge.a(ge_eeprom.o)
 .ARM.attributes
                0x00000395       0x39 ../../libraries/libge.a(ge_ic_int.o)
 .ARM.attributes
                0x000003ce       0x39 ../../libraries/libge.a(ge_pwm.o)
 .ARM.attributes
                0x00000407       0x39 ../../libraries/libge.a(eeprom.o)
 .ARM.attributes
                0x00000440       0x39 Libraries/libstm32f3.a(stm32f30x_adc.o)
 .ARM.attributes
                0x00000479       0x39 Libraries/libstm32f3.a(stm32f30x_dma.o)
 .ARM.attributes
                0x000004b2       0x39 Libraries/libstm32f3.a(stm32f30x_exti.o)
 .ARM.attributes
                0x000004eb       0x39 Libraries/libstm32f3.a(stm32f30x_flash.o)
 .ARM.attributes
                0x00000524       0x39 Libraries/libstm32f3.a(stm32f30x_gpio.o)
 .ARM.attributes
                0x0000055d       0x39 Libraries/libstm32f3.a(stm32f30x_misc.o)
 .ARM.attributes
                0x00000596       0x39 Libraries/libstm32f3.a(stm32f30x_rcc.o)
 .ARM.attributes
                0x000005cf       0x39 Libraries/libstm32f3.a(stm32f30x_syscfg.o)
 .ARM.attributes
                0x00000608       0x39 Libraries/libstm32f3.a(stm32f30x_tim.o)
 .ARM.attributes
                0x00000641       0x39 Libraries/libstm32f3.a(stm32f30x_usart.o)
 .ARM.attributes
                0x0000067a       0x22 /home/green-electronics/ee155_tools/gcc-arm-none-eabi-4_9-2015q2/bin/../lib/gcc/arm-none-eabi/4.9.3/armv7e-m/fpu/libgcc.a(_arm_addsubdf3.o)
 .ARM.attributes
                0x0000069c       0x22 /home/green-electronics/ee155_tools/gcc-arm-none-eabi-4_9-2015q2/bin/../lib/gcc/arm-none-eabi/4.9.3/armv7e-m/fpu/libgcc.a(_arm_muldivdf3.o)
 .ARM.attributes
                0x000006be       0x22 /home/green-electronics/ee155_tools/gcc-arm-none-eabi-4_9-2015q2/bin/../lib/gcc/arm-none-eabi/4.9.3/armv7e-m/fpu/libgcc.a(_arm_fixdfsi.o)
 .ARM.attributes
                0x000006e0       0x22 /home/green-electronics/ee155_tools/gcc-arm-none-eabi-4_9-2015q2/bin/../lib/gcc/arm-none-eabi/4.9.3/armv7e-m/fpu/libgcc.a(_arm_fixunsdfsi.o)
 .ARM.attributes
                0x00000702       0x22 /home/green-electronics/ee155_tools/gcc-arm-none-eabi-4_9-2015q2/bin/../lib/gcc/arm-none-eabi/4.9.3/armv7e-m/fpu/libgcc.a(_arm_truncdfsf2.o)
 .ARM.attributes
                0x00000724       0x22 /home/green-electronics/ee155_tools/gcc-arm-none-eabi-4_9-2015q2/bin/../lib/gcc/arm-none-eabi/4.9.3/armv7e-m/fpu/libgcc.a(_aeabi_ldivmod.o)
 .ARM.attributes
                0x00000746       0x34 /home/green-electronics/ee155_tools/gcc-arm-none-eabi-4_9-2015q2/bin/../lib/gcc/arm-none-eabi/4.9.3/armv7e-m/fpu/libgcc.a(bpabi.o)
 .ARM.attributes
                0x0000077a       0x22 /home/green-electronics/ee155_tools/gcc-arm-none-eabi-4_9-2015q2/bin/../lib/gcc/arm-none-eabi/4.9.3/armv7e-m/fpu/libgcc.a(_dvmd_tls.o)
 .ARM.attributes
                0x0000079c       0x34 /home/green-electronics/ee155_tools/gcc-arm-none-eabi-4_9-2015q2/bin/../lib/gcc/arm-none-eabi/4.9.3/armv7e-m/fpu/libgcc.a(_divdi3.o)
 .ARM.attributes
                0x000007d0       0x34 /home/green-electronics/ee155_tools/gcc-arm-none-eabi-4_9-2015q2/bin/../lib/gcc/arm-none-eabi/4.9.3/armv7e-m/fpu/libgcc.a(_udivdi3.o)
 .ARM.attributes
                0x00000804       0x34 /home/green-electronics/ee155_tools/gcc-arm-none-eabi-4_9-2015q2/bin/../lib/gcc/arm-none-eabi/4.9.3/../../../../arm-none-eabi/lib/armv7e-m/fpu/libg.a(lib_a-impure.o)
 .ARM.attributes
                0x00000838       0x34 /home/green-electronics/ee155_tools/gcc-arm-none-eabi-4_9-2015q2/bin/../lib/gcc/arm-none-eabi/4.9.3/../../../../arm-none-eabi/lib/armv7e-m/fpu/libg.a(lib_a-init.o)
 .ARM.attributes
                0x0000086c       0x20 /home/green-electronics/ee155_tools/gcc-arm-none-eabi-4_9-2015q2/bin/../lib/gcc/arm-none-eabi/4.9.3/../../../../arm-none-eabi/lib/armv7e-m/fpu/libg.a(lib_a-memcpy.o)
 .ARM.attributes
                0x0000088c       0x34 /home/green-electronics/ee155_tools/gcc-arm-none-eabi-4_9-2015q2/bin/../lib/gcc/arm-none-eabi/4.9.3/../../../../arm-none-eabi/lib/armv7e-m/fpu/libg.a(lib_a-memset.o)
 .ARM.attributes
                0x000008c0       0x34 /home/green-electronics/ee155_tools/gcc-arm-none-eabi-4_9-2015q2/bin/../lib/gcc/arm-none-eabi/4.9.3/../../../../arm-none-eabi/lib/armv7e-m/fpu/libg.a(lib_a-snprintf.o)
 .ARM.attributes
                0x000008f4       0x34 /home/green-electronics/ee155_tools/gcc-arm-none-eabi-4_9-2015q2/bin/../lib/gcc/arm-none-eabi/4.9.3/../../../../arm-none-eabi/lib/armv7e-m/fpu/libg.a(lib_a-svfprintf.o)
 .ARM.attributes
                0x00000928       0x34 /home/green-electronics/ee155_tools/gcc-arm-none-eabi-4_9-2015q2/bin/../lib/gcc/arm-none-eabi/4.9.3/../../../../arm-none-eabi/lib/armv7e-m/fpu/libg.a(lib_a-__call_atexit.o)
 .ARM.attributes
                0x0000095c       0x34 /home/green-electronics/ee155_tools/gcc-arm-none-eabi-4_9-2015q2/bin/../lib/gcc/arm-none-eabi/4.9.3/../../../../arm-none-eabi/lib/armv7e-m/fpu/libg.a(lib_a-atexit.o)
 .ARM.attributes
                0x00000990       0x34 /home/green-electronics/ee155_tools/gcc-arm-none-eabi-4_9-2015q2/bin/../lib/gcc/arm-none-eabi/4.9.3/../../../../arm-none-eabi/lib/armv7e-m/fpu/libg.a(lib_a-dtoa.o)
 .ARM.attributes
                0x000009c4       0x34 /home/green-electronics/ee155_tools/gcc-arm-none-eabi-4_9-2015q2/bin/../lib/gcc/arm-none-eabi/4.9.3/../../../../arm-none-eabi/lib/armv7e-m/fpu/libg.a(lib_a-fini.o)
 .ARM.attributes
                0x000009f8       0x34 /home/green-electronics/ee155_tools/gcc-arm-none-eabi-4_9-2015q2/bin/../lib/gcc/arm-none-eabi/4.9.3/../../../../arm-none-eabi/lib/armv7e-m/fpu/libg.a(lib_a-locale.o)
 .ARM.attributes
                0x00000a2c       0x34 /home/green-electronics/ee155_tools/gcc-arm-none-eabi-4_9-2015q2/bin/../lib/gcc/arm-none-eabi/4.9.3/../../../../arm-none-eabi/lib/armv7e-m/fpu/libg.a(lib_a-mallocr.o)
 .ARM.attributes
                0x00000a60       0x34 /home/green-electronics/ee155_tools/gcc-arm-none-eabi-4_9-2015q2/bin/../lib/gcc/arm-none-eabi/4.9.3/../../../../arm-none-eabi/lib/armv7e-m/fpu/libg.a(lib_a-memchr.o)
 .ARM.attributes
                0x00000a94       0x34 /home/green-electronics/ee155_tools/gcc-arm-none-eabi-4_9-2015q2/bin/../lib/gcc/arm-none-eabi/4.9.3/../../../../arm-none-eabi/lib/armv7e-m/fpu/libg.a(lib_a-mlock.o)
 .ARM.attributes
                0x00000ac8       0x34 /home/green-electronics/ee155_tools/gcc-arm-none-eabi-4_9-2015q2/bin/../lib/gcc/arm-none-eabi/4.9.3/../../../../arm-none-eabi/lib/armv7e-m/fpu/libg.a(lib_a-mprec.o)
 .ARM.attributes
                0x00000afc       0x34 /home/green-electronics/ee155_tools/gcc-arm-none-eabi-4_9-2015q2/bin/../lib/gcc/arm-none-eabi/4.9.3/../../../../arm-none-eabi/lib/armv7e-m/fpu/libg.a(lib_a-s_fpclassify.o)
 .ARM.attributes
                0x00000b30       0x34 /home/green-electronics/ee155_tools/gcc-arm-none-eabi-4_9-2015q2/bin/../lib/gcc/arm-none-eabi/4.9.3/../../../../arm-none-eabi/lib/armv7e-m/fpu/libg.a(lib_a-sbrkr.o)
 .ARM.attributes
                0x00000b64       0x34 /home/green-electronics/ee155_tools/gcc-arm-none-eabi-4_9-2015q2/bin/../lib/gcc/arm-none-eabi/4.9.3/../../../../arm-none-eabi/lib/armv7e-m/fpu/libg.a(lib_a-strlen.o)
 .ARM.attributes
                0x00000b98       0x34 /home/green-electronics/ee155_tools/gcc-arm-none-eabi-4_9-2015q2/bin/../lib/gcc/arm-none-eabi/4.9.3/../../../../arm-none-eabi/lib/armv7e-m/fpu/libg.a(lib_a-svfiprintf.o)
 .ARM.attributes
                0x00000bcc       0x34 /home/green-electronics/ee155_tools/gcc-arm-none-eabi-4_9-2015q2/bin/../lib/gcc/arm-none-eabi/4.9.3/../../../../arm-none-eabi/lib/armv7e-m/fpu/libg.a(lib_a-__atexit.o)
 .ARM.attributes
                0x00000c00       0x34 /home/green-electronics/ee155_tools/gcc-arm-none-eabi-4_9-2015q2/bin/../lib/gcc/arm-none-eabi/4.9.3/../../../../arm-none-eabi/lib/armv7e-m/fpu/libg.a(lib_a-callocr.o)
 .ARM.attributes
                0x00000c34       0x34 /home/green-electronics/ee155_tools/gcc-arm-none-eabi-4_9-2015q2/bin/../lib/gcc/arm-none-eabi/4.9.3/../../../../arm-none-eabi/lib/armv7e-m/fpu/libg.a(lib_a-freer.o)
 .ARM.attributes
                0x00000c68       0x34 /home/green-electronics/ee155_tools/gcc-arm-none-eabi-4_9-2015q2/bin/../lib/gcc/arm-none-eabi/4.9.3/../../../../arm-none-eabi/lib/armv7e-m/fpu/libg.a(lib_a-memmove.o)
 .ARM.attributes
                0x00000c9c       0x34 /home/green-electronics/ee155_tools/gcc-arm-none-eabi-4_9-2015q2/bin/../lib/gcc/arm-none-eabi/4.9.3/../../../../arm-none-eabi/lib/armv7e-m/fpu/libg.a(lib_a-reallocr.o)
 .ARM.attributes
                0x00000cd0       0x22 /home/green-electronics/ee155_tools/gcc-arm-none-eabi-4_9-2015q2/bin/../lib/gcc/arm-none-eabi/4.9.3/armv7e-m/fpu/libgcc.a(_arm_cmpdf2.o)
 .ARM.attributes
                0x00000cf2       0x22 /home/green-electronics/ee155_tools/gcc-arm-none-eabi-4_9-2015q2/bin/../lib/gcc/arm-none-eabi/4.9.3/armv7e-m/fpu/libgcc.a(_aeabi_uldivmod.o)
 .ARM.attributes
                0x00000d14       0x22 /home/green-electronics/ee155_tools/gcc-arm-none-eabi-4_9-2015q2/bin/../lib/gcc/arm-none-eabi/4.9.3/armv7e-m/fpu/crtn.o
OUTPUT(main.elf elf32-littlearm)

.debug_info     0x00000000    0x12e05
 .debug_info    0x00000000       0xc6 objs/errno.o
 .debug_info    0x000000c6      0xa00 objs/lab2.o
 .debug_info    0x00000ac6      0xd96 objs/main.o
 .debug_info    0x0000185c      0x76a objs/newlib_stubs.o
 .debug_info    0x00001fc6      0x4bc objs/system_stm32f30x.o
 .debug_info    0x00002482       0x73 /tmp/cc4yzNqy.o
 .debug_info    0x000024f5     0x1f9c ../../libraries/libge.a(ge_adc.o)
 .debug_info    0x00004491      0x93e ../../libraries/libge.a(ge_gpio.o)
 .debug_info    0x00004dcf      0x1db ../../libraries/libge.a(ge_lcd.o)
 .debug_info    0x00004faa     0x13b3 ../../libraries/libge.a(ge_system.o)
 .debug_info    0x0000635d      0xb81 ../../libraries/libge.a(ge_timer.o)
 .debug_info    0x00006ede     0x1043 ../../libraries/libge.a(ge_uart.o)
 .debug_info    0x00007f21      0x96c ../../libraries/libge.a(HD44780_F3.o)
 .debug_info    0x0000888d      0x1d5 ../../libraries/libge.a(buffer.o)
 .debug_info    0x00008a62      0x195 ../../libraries/libge.a(ge_eeprom.o)
 .debug_info    0x00008bf7     0x1268 ../../libraries/libge.a(ge_ic_int.o)
 .debug_info    0x00009e5f      0xe51 ../../libraries/libge.a(ge_pwm.o)
 .debug_info    0x0000acb0      0x739 ../../libraries/libge.a(eeprom.o)
 .debug_info    0x0000b3e9     0x1406 Libraries/libstm32f3.a(stm32f30x_adc.o)
 .debug_info    0x0000c7ef      0x455 Libraries/libstm32f3.a(stm32f30x_dma.o)
 .debug_info    0x0000cc44      0x3ab Libraries/libstm32f3.a(stm32f30x_exti.o)
 .debug_info    0x0000cfef      0xa70 Libraries/libstm32f3.a(stm32f30x_flash.o)
 .debug_info    0x0000da5f      0x725 Libraries/libstm32f3.a(stm32f30x_gpio.o)
 .debug_info    0x0000e184      0x526 Libraries/libstm32f3.a(stm32f30x_misc.o)
 .debug_info    0x0000e6aa      0xac3 Libraries/libstm32f3.a(stm32f30x_rcc.o)
 .debug_info    0x0000f16d      0x3b3 Libraries/libstm32f3.a(stm32f30x_syscfg.o)
 .debug_info    0x0000f520     0x290c Libraries/libstm32f3.a(stm32f30x_tim.o)
 .debug_info    0x00011e2c      0xfd9 Libraries/libstm32f3.a(stm32f30x_usart.o)

.debug_abbrev   0x00000000     0x343e
 .debug_abbrev  0x00000000       0x81 objs/errno.o
 .debug_abbrev  0x00000081      0x1fa objs/lab2.o
 .debug_abbrev  0x0000027b      0x224 objs/main.o
 .debug_abbrev  0x0000049f      0x212 objs/newlib_stubs.o
 .debug_abbrev  0x000006b1      0x145 objs/system_stm32f30x.o
 .debug_abbrev  0x000007f6       0x12 /tmp/cc4yzNqy.o
 .debug_abbrev  0x00000808      0x2eb ../../libraries/libge.a(ge_adc.o)
 .debug_abbrev  0x00000af3      0x1f7 ../../libraries/libge.a(ge_gpio.o)
 .debug_abbrev  0x00000cea       0xd4 ../../libraries/libge.a(ge_lcd.o)
 .debug_abbrev  0x00000dbe      0x2cf ../../libraries/libge.a(ge_system.o)
 .debug_abbrev  0x0000108d      0x2cd ../../libraries/libge.a(ge_timer.o)
 .debug_abbrev  0x0000135a      0x29f ../../libraries/libge.a(ge_uart.o)
 .debug_abbrev  0x000015f9      0x24f ../../libraries/libge.a(HD44780_F3.o)
 .debug_abbrev  0x00001848      0x11b ../../libraries/libge.a(buffer.o)
 .debug_abbrev  0x00001963      0x121 ../../libraries/libge.a(ge_eeprom.o)
 .debug_abbrev  0x00001a84      0x283 ../../libraries/libge.a(ge_ic_int.o)
 .debug_abbrev  0x00001d07      0x24b ../../libraries/libge.a(ge_pwm.o)
 .debug_abbrev  0x00001f52      0x25f ../../libraries/libge.a(eeprom.o)
 .debug_abbrev  0x000021b1      0x1f4 Libraries/libstm32f3.a(stm32f30x_adc.o)
 .debug_abbrev  0x000023a5      0x175 Libraries/libstm32f3.a(stm32f30x_dma.o)
 .debug_abbrev  0x0000251a      0x18b Libraries/libstm32f3.a(stm32f30x_exti.o)
 .debug_abbrev  0x000026a5      0x24c Libraries/libstm32f3.a(stm32f30x_flash.o)
 .debug_abbrev  0x000028f1      0x1e9 Libraries/libstm32f3.a(stm32f30x_gpio.o)
 .debug_abbrev  0x00002ada      0x156 Libraries/libstm32f3.a(stm32f30x_misc.o)
 .debug_abbrev  0x00002c30      0x20b Libraries/libstm32f3.a(stm32f30x_rcc.o)
 .debug_abbrev  0x00002e3b      0x1a1 Libraries/libstm32f3.a(stm32f30x_syscfg.o)
 .debug_abbrev  0x00002fdc      0x291 Libraries/libstm32f3.a(stm32f30x_tim.o)
 .debug_abbrev  0x0000326d      0x1d1 Libraries/libstm32f3.a(stm32f30x_usart.o)

.debug_aranges  0x00000000      0x450
 .debug_aranges
                0x00000000       0x20 objs/errno.o
 .debug_aranges
                0x00000020       0x48 objs/lab2.o
 .debug_aranges
                0x00000068       0x38 objs/main.o
 .debug_aranges
                0x000000a0       0xa0 objs/newlib_stubs.o
 .debug_aranges
                0x00000140       0x28 objs/system_stm32f30x.o
 .debug_aranges
                0x00000168       0x28 /tmp/cc4yzNqy.o
 .debug_aranges
                0x00000190       0x20 ../../libraries/libge.a(ge_adc.o)
 .debug_aranges
                0x000001b0       0x20 ../../libraries/libge.a(ge_gpio.o)
 .debug_aranges
                0x000001d0       0x20 ../../libraries/libge.a(ge_lcd.o)
 .debug_aranges
                0x000001f0       0x20 ../../libraries/libge.a(ge_system.o)
 .debug_aranges
                0x00000210       0x20 ../../libraries/libge.a(ge_timer.o)
 .debug_aranges
                0x00000230       0x20 ../../libraries/libge.a(ge_uart.o)
 .debug_aranges
                0x00000250       0x20 ../../libraries/libge.a(HD44780_F3.o)
 .debug_aranges
                0x00000270       0x20 ../../libraries/libge.a(buffer.o)
 .debug_aranges
                0x00000290       0x20 ../../libraries/libge.a(ge_eeprom.o)
 .debug_aranges
                0x000002b0       0x20 ../../libraries/libge.a(ge_ic_int.o)
 .debug_aranges
                0x000002d0       0x20 ../../libraries/libge.a(ge_pwm.o)
 .debug_aranges
                0x000002f0       0x20 ../../libraries/libge.a(eeprom.o)
 .debug_aranges
                0x00000310       0x20 Libraries/libstm32f3.a(stm32f30x_adc.o)
 .debug_aranges
                0x00000330       0x20 Libraries/libstm32f3.a(stm32f30x_dma.o)
 .debug_aranges
                0x00000350       0x20 Libraries/libstm32f3.a(stm32f30x_exti.o)
 .debug_aranges
                0x00000370       0x20 Libraries/libstm32f3.a(stm32f30x_flash.o)
 .debug_aranges
                0x00000390       0x20 Libraries/libstm32f3.a(stm32f30x_gpio.o)
 .debug_aranges
                0x000003b0       0x20 Libraries/libstm32f3.a(stm32f30x_misc.o)
 .debug_aranges
                0x000003d0       0x20 Libraries/libstm32f3.a(stm32f30x_rcc.o)
 .debug_aranges
                0x000003f0       0x20 Libraries/libstm32f3.a(stm32f30x_syscfg.o)
 .debug_aranges
                0x00000410       0x20 Libraries/libstm32f3.a(stm32f30x_tim.o)
 .debug_aranges
                0x00000430       0x20 Libraries/libstm32f3.a(stm32f30x_usart.o)

.debug_ranges   0x00000000      0x260
 .debug_ranges  0x00000000       0x10 objs/errno.o
 .debug_ranges  0x00000010       0x38 objs/lab2.o
 .debug_ranges  0x00000048       0x28 objs/main.o
 .debug_ranges  0x00000070       0x90 objs/newlib_stubs.o
 .debug_ranges  0x00000100       0x30 objs/system_stm32f30x.o
 .debug_ranges  0x00000130       0x20 /tmp/cc4yzNqy.o
 .debug_ranges  0x00000150       0x48 ../../libraries/libge.a(ge_timer.o)
 .debug_ranges  0x00000198       0x50 ../../libraries/libge.a(eeprom.o)
 .debug_ranges  0x000001e8       0x78 Libraries/libstm32f3.a(stm32f30x_tim.o)

.debug_line     0x00000000     0x4a17
 .debug_line    0x00000000      0x13b objs/errno.o
 .debug_line    0x0000013b      0x2f2 objs/lab2.o
 .debug_line    0x0000042d      0x262 objs/main.o
 .debug_line    0x0000068f      0x328 objs/newlib_stubs.o
 .debug_line    0x000009b7      0x1e1 objs/system_stm32f30x.o
 .debug_line    0x00000b98       0x77 /tmp/cc4yzNqy.o
 .debug_line    0x00000c0f      0x451 ../../libraries/libge.a(ge_adc.o)
 .debug_line    0x00001060      0x268 ../../libraries/libge.a(ge_gpio.o)
 .debug_line    0x000012c8      0x181 ../../libraries/libge.a(ge_lcd.o)
 .debug_line    0x00001449      0x2eb ../../libraries/libge.a(ge_system.o)
 .debug_line    0x00001734      0x2f5 ../../libraries/libge.a(ge_timer.o)
 .debug_line    0x00001a29      0x2c7 ../../libraries/libge.a(ge_uart.o)
 .debug_line    0x00001cf0      0x2d4 ../../libraries/libge.a(HD44780_F3.o)
 .debug_line    0x00001fc4      0x163 ../../libraries/libge.a(buffer.o)
 .debug_line    0x00002127      0x15b ../../libraries/libge.a(ge_eeprom.o)
 .debug_line    0x00002282      0x364 ../../libraries/libge.a(ge_ic_int.o)
 .debug_line    0x000025e6      0x2e7 ../../libraries/libge.a(ge_pwm.o)
 .debug_line    0x000028cd      0x22c ../../libraries/libge.a(eeprom.o)
 .debug_line    0x00002af9      0x454 Libraries/libstm32f3.a(stm32f30x_adc.o)
 .debug_line    0x00002f4d      0x1f9 Libraries/libstm32f3.a(stm32f30x_dma.o)
 .debug_line    0x00003146      0x1c8 Libraries/libstm32f3.a(stm32f30x_exti.o)
 .debug_line    0x0000330e      0x338 Libraries/libstm32f3.a(stm32f30x_flash.o)
 .debug_line    0x00003646      0x227 Libraries/libstm32f3.a(stm32f30x_gpio.o)
 .debug_line    0x0000386d      0x18d Libraries/libstm32f3.a(stm32f30x_misc.o)
 .debug_line    0x000039fa      0x356 Libraries/libstm32f3.a(stm32f30x_rcc.o)
 .debug_line    0x00003d50      0x180 Libraries/libstm32f3.a(stm32f30x_syscfg.o)
 .debug_line    0x00003ed0      0x7c4 Libraries/libstm32f3.a(stm32f30x_tim.o)
 .debug_line    0x00004694      0x383 Libraries/libstm32f3.a(stm32f30x_usart.o)

.debug_str      0x00000000     0x4ca3
 .debug_str     0x00000000      0x190 objs/errno.o
                                0x1d2 (size before relaxing)
 .debug_str     0x00000190      0x539 objs/lab2.o
                                0x732 (size before relaxing)
 .debug_str     0x000006c9      0x178 objs/main.o
                                0x833 (size before relaxing)
 .debug_str     0x00000841      0x1f1 objs/newlib_stubs.o
                                0x432 (size before relaxing)
 .debug_str     0x00000a32      0x153 objs/system_stm32f30x.o
                                0x36d (size before relaxing)
 .debug_str     0x00000b85      0xf35 ../../libraries/libge.a(ge_adc.o)
                               0x14da (size before relaxing)
 .debug_str     0x00001aba       0xa0 ../../libraries/libge.a(ge_gpio.o)
                                0x57f (size before relaxing)
 .debug_str     0x00001b5a       0x69 ../../libraries/libge.a(ge_lcd.o)
                                0x246 (size before relaxing)
 .debug_str     0x00001bc3      0x289 ../../libraries/libge.a(ge_system.o)
                                0xdbf (size before relaxing)
 .debug_str     0x00001e4c      0x17d ../../libraries/libge.a(ge_timer.o)
                                0xa4d (size before relaxing)
 .debug_str     0x00001fc9      0x264 ../../libraries/libge.a(ge_uart.o)
                                0xb6c (size before relaxing)
 .debug_str     0x0000222d       0x99 ../../libraries/libge.a(HD44780_F3.o)
                                0x4e0 (size before relaxing)
 .debug_str     0x000022c6       0x14 ../../libraries/libge.a(buffer.o)
                                0x214 (size before relaxing)
 .debug_str     0x000022da       0x64 ../../libraries/libge.a(ge_eeprom.o)
                                0x217 (size before relaxing)
 .debug_str     0x0000233e      0x2a5 ../../libraries/libge.a(ge_ic_int.o)
                                0xda1 (size before relaxing)
 .debug_str     0x000025e3      0x1eb ../../libraries/libge.a(ge_pwm.o)
                                0x8ee (size before relaxing)
 .debug_str     0x000027ce      0x186 ../../libraries/libge.a(eeprom.o)
                                0x392 (size before relaxing)
 .debug_str     0x00002954      0x7ce Libraries/libstm32f3.a(stm32f30x_adc.o)
                                0xc0d (size before relaxing)
 .debug_str     0x00003122       0xda Libraries/libstm32f3.a(stm32f30x_dma.o)
                                0x409 (size before relaxing)
 .debug_str     0x000031fc       0xbe Libraries/libstm32f3.a(stm32f30x_exti.o)
                                0x3d7 (size before relaxing)
 .debug_str     0x000032ba      0x2f9 Libraries/libstm32f3.a(stm32f30x_flash.o)
                                0x5d9 (size before relaxing)
 .debug_str     0x000035b3       0xdc Libraries/libstm32f3.a(stm32f30x_gpio.o)
                                0x500 (size before relaxing)
 .debug_str     0x0000368f       0xf2 Libraries/libstm32f3.a(stm32f30x_misc.o)
                                0x41b (size before relaxing)
 .debug_str     0x00003781      0x3c9 Libraries/libstm32f3.a(stm32f30x_rcc.o)
                                0x836 (size before relaxing)
 .debug_str     0x00003b4a      0x243 Libraries/libstm32f3.a(stm32f30x_syscfg.o)
                                0x44d (size before relaxing)
 .debug_str     0x00003d8d      0x99b Libraries/libstm32f3.a(stm32f30x_tim.o)
                                0xfe7 (size before relaxing)
 .debug_str     0x00004728      0x57b Libraries/libstm32f3.a(stm32f30x_usart.o)
                                0xa81 (size before relaxing)

.comment        0x00000000       0x70
 .comment       0x00000000       0x70 objs/errno.o
                                 0x71 (size before relaxing)
 .comment       0x00000000       0x71 objs/lab2.o
 .comment       0x00000000       0x71 objs/main.o
 .comment       0x00000000       0x71 objs/newlib_stubs.o
 .comment       0x00000000       0x71 objs/system_stm32f30x.o
 .comment       0x00000000       0x71 ../../libraries/libge.a(ge_adc.o)
 .comment       0x00000000       0x71 ../../libraries/libge.a(ge_gpio.o)
 .comment       0x00000000       0x71 ../../libraries/libge.a(ge_lcd.o)
 .comment       0x00000000       0x71 ../../libraries/libge.a(ge_system.o)
 .comment       0x00000000       0x71 ../../libraries/libge.a(ge_timer.o)
 .comment       0x00000000       0x71 ../../libraries/libge.a(ge_uart.o)
 .comment       0x00000000       0x71 ../../libraries/libge.a(HD44780_F3.o)
 .comment       0x00000000       0x71 ../../libraries/libge.a(buffer.o)
 .comment       0x00000000       0x71 ../../libraries/libge.a(ge_eeprom.o)
 .comment       0x00000000       0x71 ../../libraries/libge.a(ge_ic_int.o)
 .comment       0x00000000       0x71 ../../libraries/libge.a(ge_pwm.o)
 .comment       0x00000000       0x71 ../../libraries/libge.a(eeprom.o)
 .comment       0x00000000       0x71 Libraries/libstm32f3.a(stm32f30x_adc.o)
 .comment       0x00000000       0x71 Libraries/libstm32f3.a(stm32f30x_dma.o)
 .comment       0x00000000       0x71 Libraries/libstm32f3.a(stm32f30x_exti.o)
 .comment       0x00000000       0x71 Libraries/libstm32f3.a(stm32f30x_flash.o)
 .comment       0x00000000       0x71 Libraries/libstm32f3.a(stm32f30x_gpio.o)
 .comment       0x00000000       0x71 Libraries/libstm32f3.a(stm32f30x_misc.o)
 .comment       0x00000000       0x71 Libraries/libstm32f3.a(stm32f30x_rcc.o)
 .comment       0x00000000       0x71 Libraries/libstm32f3.a(stm32f30x_syscfg.o)
 .comment       0x00000000       0x71 Libraries/libstm32f3.a(stm32f30x_tim.o)
 .comment       0x00000000       0x71 Libraries/libstm32f3.a(stm32f30x_usart.o)

.debug_frame    0x00000000     0x2e90
 .debug_frame   0x00000000       0x20 objs/errno.o
 .debug_frame   0x00000020       0x7c objs/lab2.o
 .debug_frame   0x0000009c       0x78 objs/main.o
 .debug_frame   0x00000114      0x140 objs/newlib_stubs.o
 .debug_frame   0x00000254       0x44 objs/system_stm32f30x.o
 .debug_frame   0x00000298      0x16c ../../libraries/libge.a(ge_adc.o)
 .debug_frame   0x00000404       0x94 ../../libraries/libge.a(ge_gpio.o)
 .debug_frame   0x00000498       0x60 ../../libraries/libge.a(ge_lcd.o)
 .debug_frame   0x000004f8       0x54 ../../libraries/libge.a(ge_system.o)
 .debug_frame   0x0000054c       0xe0 ../../libraries/libge.a(ge_timer.o)
 .debug_frame   0x0000062c       0xd0 ../../libraries/libge.a(ge_uart.o)
 .debug_frame   0x000006fc      0x11c ../../libraries/libge.a(HD44780_F3.o)
 .debug_frame   0x00000818       0x58 ../../libraries/libge.a(buffer.o)
 .debug_frame   0x00000870       0x4c ../../libraries/libge.a(ge_eeprom.o)
 .debug_frame   0x000008bc       0xb0 ../../libraries/libge.a(ge_ic_int.o)
 .debug_frame   0x0000096c       0xb0 ../../libraries/libge.a(ge_pwm.o)
 .debug_frame   0x00000a1c       0xa8 ../../libraries/libge.a(eeprom.o)
 .debug_frame   0x00000ac4      0x4b8 Libraries/libstm32f3.a(stm32f30x_adc.o)
 .debug_frame   0x00000f7c       0xd8 Libraries/libstm32f3.a(stm32f30x_dma.o)
 .debug_frame   0x00001054       0xb8 Libraries/libstm32f3.a(stm32f30x_exti.o)
 .debug_frame   0x0000110c      0x290 Libraries/libstm32f3.a(stm32f30x_flash.o)
 .debug_frame   0x0000139c      0x134 Libraries/libstm32f3.a(stm32f30x_gpio.o)
 .debug_frame   0x000014d0       0x74 Libraries/libstm32f3.a(stm32f30x_misc.o)
 .debug_frame   0x00001544      0x29c Libraries/libstm32f3.a(stm32f30x_rcc.o)
 .debug_frame   0x000017e0       0xfc Libraries/libstm32f3.a(stm32f30x_syscfg.o)
 .debug_frame   0x000018dc      0x85c Libraries/libstm32f3.a(stm32f30x_tim.o)
 .debug_frame   0x00002138      0x398 Libraries/libstm32f3.a(stm32f30x_usart.o)
 .debug_frame   0x000024d0       0x28 /home/green-electronics/ee155_tools/gcc-arm-none-eabi-4_9-2015q2/bin/../lib/gcc/arm-none-eabi/4.9.3/armv7e-m/fpu/libgcc.a(_aeabi_ldivmod.o)
 .debug_frame   0x000024f8       0x50 /home/green-electronics/ee155_tools/gcc-arm-none-eabi-4_9-2015q2/bin/../lib/gcc/arm-none-eabi/4.9.3/armv7e-m/fpu/libgcc.a(bpabi.o)
 .debug_frame   0x00002548       0x34 /home/green-electronics/ee155_tools/gcc-arm-none-eabi-4_9-2015q2/bin/../lib/gcc/arm-none-eabi/4.9.3/armv7e-m/fpu/libgcc.a(_divdi3.o)
 .debug_frame   0x0000257c       0x30 /home/green-electronics/ee155_tools/gcc-arm-none-eabi-4_9-2015q2/bin/../lib/gcc/arm-none-eabi/4.9.3/armv7e-m/fpu/libgcc.a(_udivdi3.o)
 .debug_frame   0x000025ac       0x2c /home/green-electronics/ee155_tools/gcc-arm-none-eabi-4_9-2015q2/bin/../lib/gcc/arm-none-eabi/4.9.3/../../../../arm-none-eabi/lib/armv7e-m/fpu/libg.a(lib_a-init.o)
 .debug_frame   0x000025d8       0x34 /home/green-electronics/ee155_tools/gcc-arm-none-eabi-4_9-2015q2/bin/../lib/gcc/arm-none-eabi/4.9.3/../../../../arm-none-eabi/lib/armv7e-m/fpu/libg.a(lib_a-memset.o)