<?xml version="1.0"?>
<link_info>
   <banner>TI ARM Linker Unix v16.9.4.LTS</banner>
   <copyright>Copyright (c) 1996-2017 Texas Instruments Incorporated</copyright>
   <link_time>0x5a32eaec</link_time>
   <link_errors>0x0</link_errors>
   <output_file>AC_AC_Power_Tracker.out</output_file>
   <entry_point>
      <name>_c_int00</name>
      <address>0x77a1</address>
   </entry_point>
   <input_file_list>
      <input_file id="fl-2">
         <path>./</path>
         <kind>object</kind>
         <file>enet_fs.obj</file>
         <name>enet_fs.obj</name>
      </input_file>
      <input_file id="fl-3">
         <path>./</path>
         <kind>object</kind>
         <file>enet_lwip.obj</file>
         <name>enet_lwip.obj</name>
      </input_file>
      <input_file id="fl-4">
         <path>./</path>
         <kind>object</kind>
         <file>startup_ccs.obj</file>
         <name>startup_ccs.obj</name>
      </input_file>
      <input_file id="fl-5">
         <path>./</path>
         <kind>object</kind>
         <file>usr_adc.obj</file>
         <name>usr_adc.obj</name>
      </input_file>
      <input_file id="fl-6">
         <path>./</path>
         <kind>object</kind>
         <file>usr_eth.obj</file>
         <name>usr_eth.obj</name>
      </input_file>
      <input_file id="fl-7">
         <path>./</path>
         <kind>object</kind>
         <file>usr_pwm.obj</file>
         <name>usr_pwm.obj</name>
      </input_file>
      <input_file id="fl-8">
         <path>./</path>
         <kind>object</kind>
         <file>usr_timer.obj</file>
         <name>usr_timer.obj</name>
      </input_file>
      <input_file id="fl-9">
         <path>./drivers/</path>
         <kind>object</kind>
         <file>pinout.obj</file>
         <name>pinout.obj</name>
      </input_file>
      <input_file id="fl-a">
         <path>./third_party/fatfs/port/</path>
         <kind>object</kind>
         <file>mmc-ek-tm4c1294xl.obj</file>
         <name>mmc-ek-tm4c1294xl.obj</name>
      </input_file>
      <input_file id="fl-b">
         <path>./third_party/fatfs/src/</path>
         <kind>object</kind>
         <file>ff.obj</file>
         <name>ff.obj</name>
      </input_file>
      <input_file id="fl-c">
         <path>./third_party/lwip-1.4.1/apps/httpserver_raw/</path>
         <kind>object</kind>
         <file>httpd.obj</file>
         <name>httpd.obj</name>
      </input_file>
      <input_file id="fl-d">
         <path>./utils/</path>
         <kind>object</kind>
         <file>locator.obj</file>
         <name>locator.obj</name>
      </input_file>
      <input_file id="fl-e">
         <path>./utils/</path>
         <kind>object</kind>
         <file>lwiplib.obj</file>
         <name>lwiplib.obj</name>
      </input_file>
      <input_file id="fl-f">
         <path>./utils/</path>
         <kind>object</kind>
         <file>uartstdio.obj</file>
         <name>uartstdio.obj</name>
      </input_file>
      <input_file id="fl-10">
         <path>./utils/</path>
         <kind>object</kind>
         <file>ustdlib.obj</file>
         <name>ustdlib.obj</name>
      </input_file>
      <input_file id="fl-15">
         <kind>object</kind>
         <file>&lt;internal&gt;</file>
         <name>&lt;internal&gt;</name>
      </input_file>
      <input_file id="fl-cb">
         <path>/Applications/ti/ccsv7/tools/compiler/ti-cgt-arm_16.9.4.LTS/lib/</path>
         <kind>archive</kind>
         <file>rtsv7M4_T_le_v4SPD16_eabi.lib</file>
         <name>boot.obj</name>
      </input_file>
      <input_file id="fl-cc">
         <path>/Applications/ti/ccsv7/tools/compiler/ti-cgt-arm_16.9.4.LTS/lib/</path>
         <kind>archive</kind>
         <file>rtsv7M4_T_le_v4SPD16_eabi.lib</file>
         <name>copy_decompress_lzss.obj</name>
      </input_file>
      <input_file id="fl-cd">
         <path>/Applications/ti/ccsv7/tools/compiler/ti-cgt-arm_16.9.4.LTS/lib/</path>
         <kind>archive</kind>
         <file>rtsv7M4_T_le_v4SPD16_eabi.lib</file>
         <name>copy_decompress_none.obj</name>
      </input_file>
      <input_file id="fl-ce">
         <path>/Applications/ti/ccsv7/tools/compiler/ti-cgt-arm_16.9.4.LTS/lib/</path>
         <kind>archive</kind>
         <file>rtsv7M4_T_le_v4SPD16_eabi.lib</file>
         <name>copy_zero_init.obj</name>
      </input_file>
      <input_file id="fl-cf">
         <path>/Applications/ti/ccsv7/tools/compiler/ti-cgt-arm_16.9.4.LTS/lib/</path>
         <kind>archive</kind>
         <file>rtsv7M4_T_le_v4SPD16_eabi.lib</file>
         <name>exit.obj</name>
      </input_file>
      <input_file id="fl-d0">
         <path>/Applications/ti/ccsv7/tools/compiler/ti-cgt-arm_16.9.4.LTS/lib/</path>
         <kind>archive</kind>
         <file>rtsv7M4_T_le_v4SPD16_eabi.lib</file>
         <name>fd_add_t2.obj</name>
      </input_file>
      <input_file id="fl-d1">
         <path>/Applications/ti/ccsv7/tools/compiler/ti-cgt-arm_16.9.4.LTS/lib/</path>
         <kind>archive</kind>
         <file>rtsv7M4_T_le_v4SPD16_eabi.lib</file>
         <name>fd_div_t2.obj</name>
      </input_file>
      <input_file id="fl-d2">
         <path>/Applications/ti/ccsv7/tools/compiler/ti-cgt-arm_16.9.4.LTS/lib/</path>
         <kind>archive</kind>
         <file>rtsv7M4_T_le_v4SPD16_eabi.lib</file>
         <name>fd_mul_t2.obj</name>
      </input_file>
      <input_file id="fl-d3">
         <path>/Applications/ti/ccsv7/tools/compiler/ti-cgt-arm_16.9.4.LTS/lib/</path>
         <kind>archive</kind>
         <file>rtsv7M4_T_le_v4SPD16_eabi.lib</file>
         <name>fd_tos_t2.obj</name>
      </input_file>
      <input_file id="fl-d4">
         <path>/Applications/ti/ccsv7/tools/compiler/ti-cgt-arm_16.9.4.LTS/lib/</path>
         <kind>archive</kind>
         <file>rtsv7M4_T_le_v4SPD16_eabi.lib</file>
         <name>fs_tod_t2.obj</name>
      </input_file>
      <input_file id="fl-d5">
         <path>/Applications/ti/ccsv7/tools/compiler/ti-cgt-arm_16.9.4.LTS/lib/</path>
         <kind>archive</kind>
         <file>rtsv7M4_T_le_v4SPD16_eabi.lib</file>
         <name>memcmp.obj</name>
      </input_file>
      <input_file id="fl-d6">
         <path>/Applications/ti/ccsv7/tools/compiler/ti-cgt-arm_16.9.4.LTS/lib/</path>
         <kind>archive</kind>
         <file>rtsv7M4_T_le_v4SPD16_eabi.lib</file>
         <name>memcpy_t2.obj</name>
      </input_file>
      <input_file id="fl-d7">
         <path>/Applications/ti/ccsv7/tools/compiler/ti-cgt-arm_16.9.4.LTS/lib/</path>
         <kind>archive</kind>
         <file>rtsv7M4_T_le_v4SPD16_eabi.lib</file>
         <name>memset_t2.obj</name>
      </input_file>
      <input_file id="fl-d8">
         <path>/Applications/ti/ccsv7/tools/compiler/ti-cgt-arm_16.9.4.LTS/lib/</path>
         <kind>archive</kind>
         <file>rtsv7M4_T_le_v4SPD16_eabi.lib</file>
         <name>mpu_init.obj</name>
      </input_file>
      <input_file id="fl-d9">
         <path>/Applications/ti/ccsv7/tools/compiler/ti-cgt-arm_16.9.4.LTS/lib/</path>
         <kind>archive</kind>
         <file>rtsv7M4_T_le_v4SPD16_eabi.lib</file>
         <name>pre_init.obj</name>
      </input_file>
      <input_file id="fl-da">
         <path>/Applications/ti/ccsv7/tools/compiler/ti-cgt-arm_16.9.4.LTS/lib/</path>
         <kind>archive</kind>
         <file>rtsv7M4_T_le_v4SPD16_eabi.lib</file>
         <name>sprintf.obj</name>
      </input_file>
      <input_file id="fl-db">
         <path>/Applications/ti/ccsv7/tools/compiler/ti-cgt-arm_16.9.4.LTS/lib/</path>
         <kind>archive</kind>
         <file>rtsv7M4_T_le_v4SPD16_eabi.lib</file>
         <name>stkdepth_vars.obj</name>
      </input_file>
      <input_file id="fl-dc">
         <path>/Applications/ti/ccsv7/tools/compiler/ti-cgt-arm_16.9.4.LTS/lib/</path>
         <kind>archive</kind>
         <file>rtsv7M4_T_le_v4SPD16_eabi.lib</file>
         <name>strchr.obj</name>
      </input_file>
      <input_file id="fl-dd">
         <path>/Applications/ti/ccsv7/tools/compiler/ti-cgt-arm_16.9.4.LTS/lib/</path>
         <kind>archive</kind>
         <file>rtsv7M4_T_le_v4SPD16_eabi.lib</file>
         <name>strcmp.obj</name>
      </input_file>
      <input_file id="fl-de">
         <path>/Applications/ti/ccsv7/tools/compiler/ti-cgt-arm_16.9.4.LTS/lib/</path>
         <kind>archive</kind>
         <file>rtsv7M4_T_le_v4SPD16_eabi.lib</file>
         <name>strcpy.obj</name>
      </input_file>
      <input_file id="fl-df">
         <path>/Applications/ti/ccsv7/tools/compiler/ti-cgt-arm_16.9.4.LTS/lib/</path>
         <kind>archive</kind>
         <file>rtsv7M4_T_le_v4SPD16_eabi.lib</file>
         <name>strlen.obj</name>
      </input_file>
      <input_file id="fl-e0">
         <path>/Applications/ti/ccsv7/tools/compiler/ti-cgt-arm_16.9.4.LTS/lib/</path>
         <kind>archive</kind>
         <file>rtsv7M4_T_le_v4SPD16_eabi.lib</file>
         <name>strncmp.obj</name>
      </input_file>
      <input_file id="fl-e1">
         <path>/Applications/ti/ccsv7/tools/compiler/ti-cgt-arm_16.9.4.LTS/lib/</path>
         <kind>archive</kind>
         <file>rtsv7M4_T_le_v4SPD16_eabi.lib</file>
         <name>strstr.obj</name>
      </input_file>
      <input_file id="fl-e2">
         <path>/Applications/ti/ccsv7/tools/compiler/ti-cgt-arm_16.9.4.LTS/lib/</path>
         <kind>archive</kind>
         <file>rtsv7M4_T_le_v4SPD16_eabi.lib</file>
         <name>strtod.obj</name>
      </input_file>
      <input_file id="fl-e3">
         <path>/Applications/ti/ccsv7/tools/compiler/ti-cgt-arm_16.9.4.LTS/lib/</path>
         <kind>archive</kind>
         <file>rtsv7M4_T_le_v4SPD16_eabi.lib</file>
         <name>u_divt2.obj</name>
      </input_file>
      <input_file id="fl-e4">
         <path>/Applications/ti/ccsv7/tools/compiler/ti-cgt-arm_16.9.4.LTS/lib/</path>
         <kind>archive</kind>
         <file>rtsv7M4_T_le_v4SPD16_eabi.lib</file>
         <name>_lock.obj</name>
      </input_file>
      <input_file id="fl-e5">
         <path>/Applications/ti/ccsv7/tools/compiler/ti-cgt-arm_16.9.4.LTS/lib/</path>
         <kind>archive</kind>
         <file>rtsv7M4_T_le_v4SPD16_eabi.lib</file>
         <name>_printfi.obj</name>
      </input_file>
      <input_file id="fl-e6">
         <path>/Applications/ti/ccsv7/tools/compiler/ti-cgt-arm_16.9.4.LTS/lib/</path>
         <kind>archive</kind>
         <file>rtsv7M4_T_le_v4SPD16_eabi.lib</file>
         <name>args_main.obj</name>
      </input_file>
      <input_file id="fl-e7">
         <path>/Applications/ti/ccsv7/tools/compiler/ti-cgt-arm_16.9.4.LTS/lib/</path>
         <kind>archive</kind>
         <file>rtsv7M4_T_le_v4SPD16_eabi.lib</file>
         <name>atoi.obj</name>
      </input_file>
      <input_file id="fl-e8">
         <path>/Applications/ti/ccsv7/tools/compiler/ti-cgt-arm_16.9.4.LTS/lib/</path>
         <kind>archive</kind>
         <file>rtsv7M4_T_le_v4SPD16_eabi.lib</file>
         <name>autoinit.obj</name>
      </input_file>
      <input_file id="fl-e9">
         <path>/Applications/ti/ccsv7/tools/compiler/ti-cgt-arm_16.9.4.LTS/lib/</path>
         <kind>archive</kind>
         <file>rtsv7M4_T_le_v4SPD16_eabi.lib</file>
         <name>cpy_tbl.obj</name>
      </input_file>
      <input_file id="fl-ea">
         <path>/Applications/ti/ccsv7/tools/compiler/ti-cgt-arm_16.9.4.LTS/lib/</path>
         <kind>archive</kind>
         <file>rtsv7M4_T_le_v4SPD16_eabi.lib</file>
         <name>ctype.obj</name>
      </input_file>
      <input_file id="fl-eb">
         <path>/Applications/ti/ccsv7/tools/compiler/ti-cgt-arm_16.9.4.LTS/lib/</path>
         <kind>archive</kind>
         <file>rtsv7M4_T_le_v4SPD16_eabi.lib</file>
         <name>errno.obj</name>
      </input_file>
      <input_file id="fl-ec">
         <path>/Applications/ti/ccsv7/tools/compiler/ti-cgt-arm_16.9.4.LTS/lib/</path>
         <kind>archive</kind>
         <file>rtsv7M4_T_le_v4SPD16_eabi.lib</file>
         <name>fd_cmp_t2.obj</name>
      </input_file>
      <input_file id="fl-ed">
         <path>/Applications/ti/ccsv7/tools/compiler/ti-cgt-arm_16.9.4.LTS/lib/</path>
         <kind>archive</kind>
         <file>rtsv7M4_T_le_v4SPD16_eabi.lib</file>
         <name>fd_toi_t2.obj</name>
      </input_file>
      <input_file id="fl-ee">
         <path>/Applications/ti/ccsv7/tools/compiler/ti-cgt-arm_16.9.4.LTS/lib/</path>
         <kind>archive</kind>
         <file>rtsv7M4_T_le_v4SPD16_eabi.lib</file>
         <name>i_div0.obj</name>
      </input_file>
      <input_file id="fl-ef">
         <path>/Applications/ti/ccsv7/tools/compiler/ti-cgt-arm_16.9.4.LTS/lib/</path>
         <kind>archive</kind>
         <file>rtsv7M4_T_le_v4SPD16_eabi.lib</file>
         <name>i_tofd_t2.obj</name>
      </input_file>
      <input_file id="fl-f0">
         <path>/Applications/ti/ccsv7/tools/compiler/ti-cgt-arm_16.9.4.LTS/lib/</path>
         <kind>archive</kind>
         <file>rtsv7M4_T_le_v4SPD16_eabi.lib</file>
         <name>ltoa.obj</name>
      </input_file>
      <input_file id="fl-f1">
         <path>/Applications/ti/ccsv7/tools/compiler/ti-cgt-arm_16.9.4.LTS/lib/</path>
         <kind>archive</kind>
         <file>rtsv7M4_T_le_v4SPD16_eabi.lib</file>
         <name>memccpy.obj</name>
      </input_file>
      <input_file id="fl-f2">
         <path>/Applications/ti/ccsv7/tools/compiler/ti-cgt-arm_16.9.4.LTS/lib/</path>
         <kind>archive</kind>
         <file>rtsv7M4_T_le_v4SPD16_eabi.lib</file>
         <name>s_frexp.obj</name>
      </input_file>
      <input_file id="fl-f3">
         <path>/Applications/ti/ccsv7/tools/compiler/ti-cgt-arm_16.9.4.LTS/lib/</path>
         <kind>archive</kind>
         <file>rtsv7M4_T_le_v4SPD16_eabi.lib</file>
         <name>s_scalbn.obj</name>
      </input_file>
      <input_file id="fl-f4">
         <path>/Applications/ti/ccsv7/tools/compiler/ti-cgt-arm_16.9.4.LTS/lib/</path>
         <kind>archive</kind>
         <file>rtsv7M4_T_le_v4SPD16_eabi.lib</file>
         <name>startup.obj</name>
      </input_file>
      <input_file id="fl-f5">
         <path>/Applications/ti/ccsv7/tools/compiler/ti-cgt-arm_16.9.4.LTS/lib/</path>
         <kind>archive</kind>
         <file>rtsv7M4_T_le_v4SPD16_eabi.lib</file>
         <name>ull_div_t2.obj</name>
      </input_file>
      <input_file id="fl-f6">
         <path>/Applications/ti/ccsv7/tools/compiler/ti-cgt-arm_16.9.4.LTS/lib/</path>
         <kind>archive</kind>
         <file>rtsv7M4_T_le_v4SPD16_eabi.lib</file>
         <name>s_copysign.obj</name>
      </input_file>
      <input_file id="fl-f7">
         <path>/Users/chentuofei/ti/TivaWare_C_Series-2.1.3.156/driverlib/ccs/Debug/</path>
         <kind>archive</kind>
         <file>driverlib.lib</file>
         <name>adc.obj</name>
      </input_file>
      <input_file id="fl-f8">
         <path>/Users/chentuofei/ti/TivaWare_C_Series-2.1.3.156/driverlib/ccs/Debug/</path>
         <kind>archive</kind>
         <file>driverlib.lib</file>
         <name>emac.obj</name>
      </input_file>
      <input_file id="fl-f9">
         <path>/Users/chentuofei/ti/TivaWare_C_Series-2.1.3.156/driverlib/ccs/Debug/</path>
         <kind>archive</kind>
         <file>driverlib.lib</file>
         <name>flash.obj</name>
      </input_file>
      <input_file id="fl-fa">
         <path>/Users/chentuofei/ti/TivaWare_C_Series-2.1.3.156/driverlib/ccs/Debug/</path>
         <kind>archive</kind>
         <file>driverlib.lib</file>
         <name>gpio.obj</name>
      </input_file>
      <input_file id="fl-fb">
         <path>/Users/chentuofei/ti/TivaWare_C_Series-2.1.3.156/driverlib/ccs/Debug/</path>
         <kind>archive</kind>
         <file>driverlib.lib</file>
         <name>interrupt.obj</name>
      </input_file>
      <input_file id="fl-fc">
         <path>/Users/chentuofei/ti/TivaWare_C_Series-2.1.3.156/driverlib/ccs/Debug/</path>
         <kind>archive</kind>
         <file>driverlib.lib</file>
         <name>pwm.obj</name>
      </input_file>
      <input_file id="fl-fd">
         <path>/Users/chentuofei/ti/TivaWare_C_Series-2.1.3.156/driverlib/ccs/Debug/</path>
         <kind>archive</kind>
         <file>driverlib.lib</file>
         <name>sw_crc.obj</name>
      </input_file>
      <input_file id="fl-fe">
         <path>/Users/chentuofei/ti/TivaWare_C_Series-2.1.3.156/driverlib/ccs/Debug/</path>
         <kind>archive</kind>
         <file>driverlib.lib</file>
         <name>sysctl.obj</name>
      </input_file>
      <input_file id="fl-ff">
         <path>/Users/chentuofei/ti/TivaWare_C_Series-2.1.3.156/driverlib/ccs/Debug/</path>
         <kind>archive</kind>
         <file>driverlib.lib</file>
         <name>systick.obj</name>
      </input_file>
      <input_file id="fl-100">
         <path>/Users/chentuofei/ti/TivaWare_C_Series-2.1.3.156/driverlib/ccs/Debug/</path>
         <kind>archive</kind>
         <file>driverlib.lib</file>
         <name>timer.obj</name>
      </input_file>
      <input_file id="fl-101">
         <path>/Users/chentuofei/ti/TivaWare_C_Series-2.1.3.156/driverlib/ccs/Debug/</path>
         <kind>archive</kind>
         <file>driverlib.lib</file>
         <name>cpu.obj</name>
      </input_file>
   </input_file_list>
   <object_component_list>
      <object_component id="oc-f">
         <name>.intvecs</name>
         <load_address>0x0</load_address>
         <run_address>0x0</run_address>
         <size>0x200</size>
         <input_file_ref idref="fl-4"/>
      </object_component>
      <object_component id="oc-3a6">
         <name>.text</name>
         <load_address>0x200</load_address>
         <run_address>0x200</run_address>
         <size>0x113e</size>
         <input_file_ref idref="fl-e5"/>
      </object_component>
      <object_component id="oc-37">
         <name>.text:FaultISR</name>
         <load_address>0x133e</load_address>
         <run_address>0x133e</run_address>
         <size>0x2</size>
         <input_file_ref idref="fl-4"/>
      </object_component>
      <object_component id="oc-87b">
         <name>.text:tcp_receive</name>
         <load_address>0x1340</load_address>
         <run_address>0x1340</run_address>
         <size>0x7c0</size>
         <input_file_ref idref="fl-e"/>
      </object_component>
      <object_component id="oc-5f0">
         <name>.text:tcp_input</name>
         <load_address>0x1b00</load_address>
         <run_address>0x1b00</run_address>
         <size>0x3b0</size>
         <input_file_ref idref="fl-e"/>
      </object_component>
      <object_component id="oc-776">
         <name>.text:tcp_process</name>
         <load_address>0x1eb0</load_address>
         <run_address>0x1eb0</run_address>
         <size>0x3b0</size>
         <input_file_ref idref="fl-e"/>
      </object_component>
      <object_component id="oc-39b">
         <name>.text:Timer0AIntHandler</name>
         <load_address>0x2260</load_address>
         <run_address>0x2260</run_address>
         <size>0x3a0</size>
         <input_file_ref idref="fl-8"/>
      </object_component>
      <object_component id="oc-82c">
         <name>.text:tcp_write</name>
         <load_address>0x2600</load_address>
         <run_address>0x2600</run_address>
         <size>0x2ec</size>
         <input_file_ref idref="fl-e"/>
      </object_component>
      <object_component id="oc-296">
         <name>.text:tcp_slowtmr</name>
         <load_address>0x28ec</load_address>
         <run_address>0x28ec</run_address>
         <size>0x2c8</size>
         <input_file_ref idref="fl-e"/>
      </object_component>
      <object_component id="oc-e8">
         <name>.text:main</name>
         <load_address>0x2bb4</load_address>
         <run_address>0x2bb4</run_address>
         <size>0x294</size>
         <input_file_ref idref="fl-3"/>
      </object_component>
      <object_component id="oc-608">
         <name>.text:uvsnprintf</name>
         <load_address>0x2e48</load_address>
         <run_address>0x2e48</run_address>
         <size>0x24d</size>
         <input_file_ref idref="fl-10"/>
      </object_component>
      <object_component id="oc-3d">
         <name>.text:IntDefaultHandler</name>
         <load_address>0x3096</load_address>
         <run_address>0x3096</run_address>
         <size>0x2</size>
         <input_file_ref idref="fl-4"/>
      </object_component>
      <object_component id="oc-837">
         <name>.text</name>
         <load_address>0x3098</load_address>
         <run_address>0x3098</run_address>
         <size>0x23c</size>
         <input_file_ref idref="fl-e2"/>
      </object_component>
      <object_component id="oc-1c0">
         <name>.text:PinoutSet</name>
         <load_address>0x32d4</load_address>
         <run_address>0x32d4</run_address>
         <size>0x218</size>
         <input_file_ref idref="fl-9"/>
      </object_component>
      <object_component id="oc-555">
         <name>.text</name>
         <load_address>0x34ec</load_address>
         <run_address>0x34ec</run_address>
         <size>0x1f4</size>
         <input_file_ref idref="fl-f5"/>
      </object_component>
      <object_component id="oc-1ba">
         <name>.text:SysCtlClockFreqSet</name>
         <load_address>0x36e0</load_address>
         <run_address>0x36e0</run_address>
         <size>0x1ec</size>
         <input_file_ref idref="fl-fe"/>
      </object_component>
      <object_component id="oc-2d7">
         <name>.text:UARTvprintf</name>
         <load_address>0x38cc</load_address>
         <run_address>0x38cc</run_address>
         <size>0x1ea</size>
         <input_file_ref idref="fl-f"/>
      </object_component>
      <object_component id="oc-549">
         <name>.text</name>
         <load_address>0x3ab6</load_address>
         <run_address>0x3ab6</run_address>
         <size>0x1b6</size>
         <input_file_ref idref="fl-d0"/>
      </object_component>
      <object_component id="oc-3ee">
         <name>.text:ip_input</name>
         <load_address>0x3c6c</load_address>
         <run_address>0x3c6c</run_address>
         <size>0x1a8</size>
         <input_file_ref idref="fl-e"/>
      </object_component>
      <object_component id="oc-5ea">
         <name>.text:udp_input</name>
         <load_address>0x3e14</load_address>
         <run_address>0x3e14</run_address>
         <size>0x194</size>
         <input_file_ref idref="fl-e"/>
      </object_component>
      <object_component id="oc-416">
         <name>.text:tcp_output</name>
         <load_address>0x3fa8</load_address>
         <run_address>0x3fa8</run_address>
         <size>0x190</size>
         <input_file_ref idref="fl-e"/>
      </object_component>
      <object_component id="oc-5f6">
         <name>.text:icmp_input</name>
         <load_address>0x4138</load_address>
         <run_address>0x4138</run_address>
         <size>0x184</size>
         <input_file_ref idref="fl-e"/>
      </object_component>
      <object_component id="oc-302">
         <name>.text:start_application</name>
         <load_address>0x42bc</load_address>
         <run_address>0x42bc</run_address>
         <size>0x154</size>
         <input_file_ref idref="fl-6"/>
      </object_component>
      <object_component id="oc-896">
         <name>.text:tcp_close_shutdown</name>
         <load_address>0x4410</load_address>
         <run_address>0x4410</run_address>
         <size>0x148</size>
         <input_file_ref idref="fl-e"/>
      </object_component>
      <object_component id="oc-113">
         <name>.text:tivaif_receive</name>
         <load_address>0x4558</load_address>
         <run_address>0x4558</run_address>
         <size>0x140</size>
         <input_file_ref idref="fl-e"/>
      </object_component>
      <object_component id="oc-271">
         <name>.text:pbuf_alloc</name>
         <load_address>0x4698</load_address>
         <run_address>0x4698</run_address>
         <size>0x13a</size>
         <input_file_ref idref="fl-e"/>
      </object_component>
      <object_component id="oc-53f">
         <name>.text</name>
         <load_address>0x47d2</load_address>
         <run_address>0x47d2</run_address>
         <size>0x136</size>
         <input_file_ref idref="fl-d1"/>
      </object_component>
      <object_component id="oc-1cc">
         <name>.text:GPIOPadConfigSet</name>
         <load_address>0x4908</load_address>
         <run_address>0x4908</run_address>
         <size>0x132</size>
         <input_file_ref idref="fl-fa"/>
      </object_component>
      <object_component id="oc-31">
         <name>.text:NmiSR</name>
         <load_address>0x4a3a</load_address>
         <run_address>0x4a3a</run_address>
         <size>0x2</size>
         <input_file_ref idref="fl-4"/>
      </object_component>
      <object_component id="oc-3e2">
         <name>.text:etharp_arp_input</name>
         <load_address>0x4a3c</load_address>
         <run_address>0x4a3c</run_address>
         <size>0x124</size>
         <input_file_ref idref="fl-e"/>
      </object_component>
      <object_component id="oc-7ec">
         <name>.text:etharp_output</name>
         <load_address>0x4b60</load_address>
         <run_address>0x4b60</run_address>
         <size>0x118</size>
         <input_file_ref idref="fl-e"/>
      </object_component>
      <object_component id="oc-6c7">
         <name>.text:eth_send</name>
         <load_address>0x4c78</load_address>
         <run_address>0x4c78</run_address>
         <size>0x114</size>
         <input_file_ref idref="fl-6"/>
      </object_component>
      <object_component id="oc-915">
         <name>.text:etharp_query</name>
         <load_address>0x4d8c</load_address>
         <run_address>0x4d8c</run_address>
         <size>0x114</size>
         <input_file_ref idref="fl-e"/>
      </object_component>
      <object_component id="oc-76a">
         <name>.text:tcp_listen_input</name>
         <load_address>0x4ea0</load_address>
         <run_address>0x4ea0</run_address>
         <size>0x114</size>
         <input_file_ref idref="fl-e"/>
      </object_component>
      <object_component id="oc-7f2">
         <name>.text:tivaif_transmit</name>
         <load_address>0x4fb4</load_address>
         <run_address>0x4fb4</run_address>
         <size>0x100</size>
         <input_file_ref idref="fl-e"/>
      </object_component>
      <object_component id="oc-53a">
         <name>.text</name>
         <load_address>0x50b4</load_address>
         <run_address>0x50b4</run_address>
         <size>0xfc</size>
         <input_file_ref idref="fl-d2"/>
      </object_component>
      <object_component id="oc-580">
         <name>.text</name>
         <load_address>0x51b0</load_address>
         <run_address>0x51b0</run_address>
         <size>0xfc</size>
         <input_file_ref idref="fl-f3"/>
      </object_component>
      <object_component id="oc-404">
         <name>.text:mem_malloc</name>
         <load_address>0x52ac</load_address>
         <run_address>0x52ac</run_address>
         <size>0xf8</size>
         <input_file_ref idref="fl-e"/>
      </object_component>
      <object_component id="oc-4d9">
         <name>.text:tcp_connect</name>
         <load_address>0x53a4</load_address>
         <run_address>0x53a4</run_address>
         <size>0xf8</size>
         <input_file_ref idref="fl-e"/>
      </object_component>
      <object_component id="oc-758">
         <name>.text:mem_trim</name>
         <load_address>0x549c</load_address>
         <run_address>0x549c</run_address>
         <size>0xec</size>
         <input_file_ref idref="fl-e"/>
      </object_component>
      <object_component id="oc-2fc">
         <name>.text:lwIPInit</name>
         <load_address>0x5588</load_address>
         <run_address>0x5588</run_address>
         <size>0xe4</size>
         <input_file_ref idref="fl-e"/>
      </object_component>
      <object_component id="oc-74a">
         <name>.text:etharp_find_entry</name>
         <load_address>0x566c</load_address>
         <run_address>0x566c</run_address>
         <size>0xe0</size>
         <input_file_ref idref="fl-e"/>
      </object_component>
      <object_component id="oc-119">
         <name>.text:lwIPHostTimerHandler</name>
         <load_address>0x574c</load_address>
         <run_address>0x574c</run_address>
         <size>0xdc</size>
         <input_file_ref idref="fl-3"/>
      </object_component>
      <object_component id="oc-68e">
         <name>.text:tcp_alloc</name>
         <load_address>0x5828</load_address>
         <run_address>0x5828</run_address>
         <size>0xd0</size>
         <input_file_ref idref="fl-e"/>
      </object_component>
      <object_component id="oc-6d0">
         <name>.text:recv_callback</name>
         <load_address>0x58f8</load_address>
         <run_address>0x58f8</run_address>
         <size>0xcc</size>
         <input_file_ref idref="fl-6"/>
      </object_component>
      <object_component id="oc-1e4">
         <name>.text:pwm_init</name>
         <load_address>0x59c4</load_address>
         <run_address>0x59c4</run_address>
         <size>0xc8</size>
         <input_file_ref idref="fl-7"/>
      </object_component>
      <object_component id="oc-8d6">
         <name>.text:InitDMADescriptors</name>
         <load_address>0x5a8c</load_address>
         <run_address>0x5a8c</run_address>
         <size>0xc4</size>
         <input_file_ref idref="fl-e"/>
      </object_component>
      <object_component id="oc-1de">
         <name>.text:eth_init</name>
         <load_address>0x5b50</load_address>
         <run_address>0x5b50</run_address>
         <size>0xc4</size>
         <input_file_ref idref="fl-6"/>
      </object_component>
      <object_component id="oc-5ab">
         <name>.text:etharp_raw</name>
         <load_address>0x5c14</load_address>
         <run_address>0x5c14</run_address>
         <size>0xc4</size>
         <input_file_ref idref="fl-e"/>
      </object_component>
      <object_component id="oc-616">
         <name>.text:tcp_output_segment</name>
         <load_address>0x5cd8</load_address>
         <run_address>0x5cd8</run_address>
         <size>0xc0</size>
         <input_file_ref idref="fl-e"/>
      </object_component>
      <object_component id="oc-818">
         <name>.text:tcp_create_segment</name>
         <load_address>0x5d98</load_address>
         <run_address>0x5d98</run_address>
         <size>0xbc</size>
         <input_file_ref idref="fl-e"/>
      </object_component>
      <object_component id="oc-7e3">
         <name>.text:tivaif_hwinit</name>
         <load_address>0x5e54</load_address>
         <run_address>0x5e54</run_address>
         <size>0xbc</size>
         <input_file_ref idref="fl-e"/>
      </object_component>
      <object_component id="oc-369">
         <name>.text:adc_calibrate</name>
         <load_address>0x5f10</load_address>
         <run_address>0x5f10</run_address>
         <size>0xb4</size>
         <input_file_ref idref="fl-5"/>
      </object_component>
      <object_component id="oc-1f6">
         <name>.text:adc_init</name>
         <load_address>0x5fc4</load_address>
         <run_address>0x5fc4</run_address>
         <size>0xac</size>
         <input_file_ref idref="fl-5"/>
      </object_component>
      <object_component id="oc-26b">
         <name>.text:ethernet_input</name>
         <load_address>0x6070</load_address>
         <run_address>0x6070</run_address>
         <size>0xac</size>
         <input_file_ref idref="fl-e"/>
      </object_component>
      <object_component id="oc-6b7">
         <name>.text:tcp_enqueue_flags</name>
         <load_address>0x611c</load_address>
         <run_address>0x611c</run_address>
         <size>0xa8</size>
         <input_file_ref idref="fl-e"/>
      </object_component>
      <object_component id="oc-799">
         <name>.text:ip_output_if</name>
         <load_address>0x61c4</load_address>
         <run_address>0x61c4</run_address>
         <size>0xa4</size>
         <input_file_ref idref="fl-e"/>
      </object_component>
      <object_component id="oc-5d">
         <name>.text</name>
         <load_address>0x6268</load_address>
         <run_address>0x6268</run_address>
         <size>0x9c</size>
         <input_file_ref idref="fl-d6"/>
      </object_component>
      <object_component id="oc-793">
         <name>.text:pbuf_copy</name>
         <load_address>0x6304</load_address>
         <run_address>0x6304</run_address>
         <size>0x92</size>
         <input_file_ref idref="fl-e"/>
      </object_component>
      <object_component id="oc-653">
         <name>.text</name>
         <load_address>0x6396</load_address>
         <run_address>0x6396</run_address>
         <size>0x2</size>
         <input_file_ref idref="fl-ee"/>
      </object_component>
      <object_component id="oc-873">
         <name>.text:tcp_abandon</name>
         <load_address>0x6398</load_address>
         <run_address>0x6398</run_address>
         <size>0x90</size>
         <input_file_ref idref="fl-e"/>
      </object_component>
      <object_component id="oc-42b">
         <name>.text:tcp_zero_window_probe</name>
         <load_address>0x6428</load_address>
         <run_address>0x6428</run_address>
         <size>0x8c</size>
         <input_file_ref idref="fl-e"/>
      </object_component>
      <object_component id="oc-1fc">
         <name>.text:timer_init</name>
         <load_address>0x64b4</load_address>
         <run_address>0x64b4</run_address>
         <size>0x8c</size>
         <input_file_ref idref="fl-8"/>
      </object_component>
      <object_component id="oc-560">
         <name>.text:__aeabi_cdcmple</name>
         <load_address>0x6540</load_address>
         <run_address>0x6540</run_address>
         <size>0x86</size>
         <input_file_ref idref="fl-ec"/>
      </object_component>
      <object_component id="oc-565">
         <name>.text:__aeabi_cdrcmple</name>
         <load_address>0x65c6</load_address>
         <run_address>0x65c6</run_address>
         <size>0x86</size>
         <input_file_ref idref="fl-ec"/>
      </object_component>
      <object_component id="oc-770">
         <name>.text:tcp_timewait_input</name>
         <load_address>0x664c</load_address>
         <run_address>0x664c</run_address>
         <size>0x84</size>
         <input_file_ref idref="fl-e"/>
      </object_component>
      <object_component id="oc-4b4">
         <name>.text:lwIPPrivateInit</name>
         <load_address>0x66d0</load_address>
         <run_address>0x66d0</run_address>
         <size>0x80</size>
         <input_file_ref idref="fl-e"/>
      </object_component>
      <object_component id="oc-86d">
         <name>.text:tcp_parseopt</name>
         <load_address>0x6750</load_address>
         <run_address>0x6750</run_address>
         <size>0x80</size>
         <input_file_ref idref="fl-e"/>
      </object_component>
      <object_component id="oc-4c7">
         <name>.text:tcp_bind</name>
         <load_address>0x67d0</load_address>
         <run_address>0x67d0</run_address>
         <size>0x7c</size>
         <input_file_ref idref="fl-e"/>
      </object_component>
      <object_component id="oc-443">
         <name>.text:tcp_rst</name>
         <load_address>0x684c</load_address>
         <run_address>0x684c</run_address>
         <size>0x7c</size>
         <input_file_ref idref="fl-e"/>
      </object_component>
      <object_component id="oc-107">
         <name>.text:tivaif_process_phy_interrupt</name>
         <load_address>0x68c8</load_address>
         <run_address>0x68c8</run_address>
         <size>0x7c</size>
         <input_file_ref idref="fl-e"/>
      </object_component>
      <object_component id="oc-35d">
         <name>.text:ADCSequenceStepConfigure</name>
         <load_address>0x6944</load_address>
         <run_address>0x6944</run_address>
         <size>0x7a</size>
         <input_file_ref idref="fl-f7"/>
      </object_component>
      <object_component id="oc-69">
         <name>.text</name>
         <load_address>0x69be</load_address>
         <run_address>0x69be</run_address>
         <size>0x7a</size>
         <input_file_ref idref="fl-d7"/>
      </object_component>
      <object_component id="oc-4ae">
         <name>.text:EMACInit</name>
         <load_address>0x6a38</load_address>
         <run_address>0x6a38</run_address>
         <size>0x78</size>
         <input_file_ref idref="fl-f8"/>
      </object_component>
      <object_component id="oc-962">
         <name>.text:tcp_oos_insert_segment</name>
         <load_address>0x6ab0</load_address>
         <run_address>0x6ab0</run_address>
         <size>0x78</size>
         <input_file_ref idref="fl-e"/>
      </object_component>
      <object_component id="oc-5c4">
         <name>.text:etharp_update_arp_entry</name>
         <load_address>0x6b28</load_address>
         <run_address>0x6b28</run_address>
         <size>0x74</size>
         <input_file_ref idref="fl-e"/>
      </object_component>
      <object_component id="oc-5de">
         <name>.text:raw_input</name>
         <load_address>0x6b9c</load_address>
         <run_address>0x6b9c</run_address>
         <size>0x74</size>
         <input_file_ref idref="fl-e"/>
      </object_component>
      <object_component id="oc-81">
         <name>.text</name>
         <load_address>0x6c10</load_address>
         <run_address>0x6c10</run_address>
         <size>0x70</size>
         <input_file_ref idref="fl-e8"/>
      </object_component>
      <object_component id="oc-290">
         <name>.text:tcp_fasttmr</name>
         <load_address>0x6c80</load_address>
         <run_address>0x6c80</run_address>
         <size>0x70</size>
         <input_file_ref idref="fl-e"/>
      </object_component>
      <object_component id="oc-544">
         <name>.text</name>
         <load_address>0x6cf0</load_address>
         <run_address>0x6cf0</run_address>
         <size>0x6e</size>
         <input_file_ref idref="fl-d3"/>
      </object_component>
      <object_component id="oc-75">
         <name>.text</name>
         <load_address>0x6d5e</load_address>
         <run_address>0x6d5e</run_address>
         <size>0x2</size>
         <input_file_ref idref="fl-d8"/>
      </object_component>
      <object_component id="oc-761">
         <name>.text:icmp_send_response</name>
         <load_address>0x6d60</load_address>
         <run_address>0x6d60</run_address>
         <size>0x6c</size>
         <input_file_ref idref="fl-e"/>
      </object_component>
      <object_component id="oc-7cc">
         <name>.text:memp_init</name>
         <load_address>0x6dcc</load_address>
         <run_address>0x6dcc</run_address>
         <size>0x6c</size>
         <input_file_ref idref="fl-e"/>
      </object_component>
      <object_component id="oc-38f">
         <name>.text:IntEnable</name>
         <load_address>0x6e38</load_address>
         <run_address>0x6e38</run_address>
         <size>0x68</size>
         <input_file_ref idref="fl-fb"/>
      </object_component>
      <object_component id="oc-12">
         <name>.text:decompress:lzss</name>
         <load_address>0x6ea0</load_address>
         <run_address>0x6ea0</run_address>
         <size>0x68</size>
         <input_file_ref idref="fl-cc"/>
      </object_component>
      <object_component id="oc-88c">
         <name>.text:lwip_standard_chksum</name>
         <load_address>0x6f08</load_address>
         <run_address>0x6f08</run_address>
         <size>0x68</size>
         <input_file_ref idref="fl-e"/>
      </object_component>
      <object_component id="oc-632">
         <name>.text:pbuf_copy_partial</name>
         <load_address>0x6f70</load_address>
         <run_address>0x6f70</run_address>
         <size>0x68</size>
         <input_file_ref idref="fl-e"/>
      </object_component>
      <object_component id="oc-807">
         <name>.text:sys_timeout</name>
         <load_address>0x6fd8</load_address>
         <run_address>0x6fd8</run_address>
         <size>0x68</size>
         <input_file_ref idref="fl-e"/>
      </object_component>
      <object_component id="oc-62c">
         <name>.text:tcp_output_alloc_header</name>
         <load_address>0x7040</load_address>
         <run_address>0x7040</run_address>
         <size>0x68</size>
         <input_file_ref idref="fl-e"/>
      </object_component>
      <object_component id="oc-41c">
         <name>.text:tcp_process_refused_data</name>
         <load_address>0x70a8</load_address>
         <run_address>0x70a8</run_address>
         <size>0x68</size>
         <input_file_ref idref="fl-e"/>
      </object_component>
      <object_component id="oc-3ce">
         <name>.text:mem_free</name>
         <load_address>0x7110</load_address>
         <run_address>0x7110</run_address>
         <size>0x64</size>
         <input_file_ref idref="fl-e"/>
      </object_component>
      <object_component id="oc-5b7">
         <name>.text:plug_holes</name>
         <load_address>0x7174</load_address>
         <run_address>0x7174</run_address>
         <size>0x64</size>
         <input_file_ref idref="fl-e"/>
      </object_component>
      <object_component id="oc-57a">
         <name>.text</name>
         <load_address>0x71d8</load_address>
         <run_address>0x71d8</run_address>
         <size>0x64</size>
         <input_file_ref idref="fl-f2"/>
      </object_component>
      <object_component id="oc-3e8">
         <name>.text:pbuf_header</name>
         <load_address>0x723c</load_address>
         <run_address>0x723c</run_address>
         <size>0x62</size>
         <input_file_ref idref="fl-e"/>
      </object_component>
      <object_component id="oc-e0">
         <name>.text</name>
         <load_address>0x729e</load_address>
         <run_address>0x729e</run_address>
         <size>0x2</size>
         <input_file_ref idref="fl-f4"/>
      </object_component>
      <object_component id="oc-371">
         <name>.text:TimerConfigure</name>
         <load_address>0x72a0</load_address>
         <run_address>0x72a0</run_address>
         <size>0x60</size>
         <input_file_ref idref="fl-100"/>
      </object_component>
      <object_component id="oc-2d0">
         <name>.text:UARTStdioConfig</name>
         <load_address>0x7300</load_address>
         <run_address>0x7300</run_address>
         <size>0x60</size>
         <input_file_ref idref="fl-f"/>
      </object_component>
      <object_component id="oc-20e">
         <name>.text</name>
         <load_address>0x7360</load_address>
         <run_address>0x7360</run_address>
         <size>0x60</size>
         <input_file_ref idref="fl-da"/>
      </object_component>
      <object_component id="oc-1d2">
         <name>.text:ConfigureUART</name>
         <load_address>0x73c0</load_address>
         <run_address>0x73c0</run_address>
         <size>0x5c</size>
         <input_file_ref idref="fl-3"/>
      </object_component>
      <object_component id="oc-49">
         <name>.text:lwIPEthernetIntHandler</name>
         <load_address>0x741c</load_address>
         <run_address>0x741c</run_address>
         <size>0x5c</size>
         <input_file_ref idref="fl-e"/>
      </object_component>
      <object_component id="oc-7c6">
         <name>.text:mem_init</name>
         <load_address>0x7478</load_address>
         <run_address>0x7478</run_address>
         <size>0x5c</size>
         <input_file_ref idref="fl-e"/>
      </object_component>
      <object_component id="oc-8bd">
         <name>.text:netif_set_ipaddr</name>
         <load_address>0x74d4</load_address>
         <run_address>0x74d4</run_address>
         <size>0x5c</size>
         <input_file_ref idref="fl-e"/>
      </object_component>
      <object_component id="oc-782">
         <name>.text:tcp_pcb_remove</name>
         <load_address>0x7530</load_address>
         <run_address>0x7530</run_address>
         <size>0x5c</size>
         <input_file_ref idref="fl-e"/>
      </object_component>
      <object_component id="oc-5d2">
         <name>.text:pbuf_realloc</name>
         <load_address>0x758c</load_address>
         <run_address>0x758c</run_address>
         <size>0x5a</size>
         <input_file_ref idref="fl-e"/>
      </object_component>
      <object_component id="oc-357">
         <name>.text:ADCSequenceConfigure</name>
         <load_address>0x75e8</load_address>
         <run_address>0x75e8</run_address>
         <size>0x58</size>
         <input_file_ref idref="fl-f7"/>
      </object_component>
      <object_component id="oc-4a8">
         <name>.text:EMACPHYConfigSet</name>
         <load_address>0x7640</load_address>
         <run_address>0x7640</run_address>
         <size>0x58</size>
         <input_file_ref idref="fl-f8"/>
      </object_component>
      <object_component id="oc-4e4">
         <name>.text:accept_callback</name>
         <load_address>0x7698</load_address>
         <run_address>0x7698</run_address>
         <size>0x58</size>
         <input_file_ref idref="fl-6"/>
      </object_component>
      <object_component id="oc-3f8">
         <name>.text:memp_malloc</name>
         <load_address>0x76f0</load_address>
         <run_address>0x76f0</run_address>
         <size>0x58</size>
         <input_file_ref idref="fl-e"/>
      </object_component>
      <object_component id="oc-881">
         <name>.text:tcp_rexmit</name>
         <load_address>0x7748</load_address>
         <run_address>0x7748</run_address>
         <size>0x56</size>
         <input_file_ref idref="fl-e"/>
      </object_component>
      <object_component id="oc-24">
         <name>.text</name>
         <load_address>0x77a0</load_address>
         <run_address>0x77a0</run_address>
         <size>0x54</size>
         <input_file_ref idref="fl-cb"/>
      </object_component>
      <object_component id="oc-8d">
         <name>.text</name>
         <load_address>0x77f4</load_address>
         <run_address>0x77f4</run_address>
         <size>0x54</size>
         <input_file_ref idref="fl-cf"/>
      </object_component>
      <object_component id="oc-56f">
         <name>.text</name>
         <load_address>0x7848</load_address>
         <run_address>0x7848</run_address>
         <size>0x54</size>
         <input_file_ref idref="fl-f0"/>
      </object_component>
      <object_component id="oc-696">
         <name>.text:tcp_new_port</name>
         <load_address>0x789c</load_address>
         <run_address>0x789c</run_address>
         <size>0x54</size>
         <input_file_ref idref="fl-e"/>
      </object_component>
      <object_component id="oc-93d">
         <name>.text:tcp_pbuf_prealloc</name>
         <load_address>0x78f0</load_address>
         <run_address>0x78f0</run_address>
         <size>0x52</size>
         <input_file_ref idref="fl-e"/>
      </object_component>
      <object_component id="oc-10d">
         <name>.text:tivaif_process_transmit</name>
         <load_address>0x7942</load_address>
         <run_address>0x7942</run_address>
         <size>0x52</size>
         <input_file_ref idref="fl-e"/>
      </object_component>
      <object_component id="oc-65e">
         <name>.text:SysCtlPeripheralReset</name>
         <load_address>0x7994</load_address>
         <run_address>0x7994</run_address>
         <size>0x50</size>
         <input_file_ref idref="fl-fe"/>
      </object_component>
      <object_component id="oc-ae">
         <name>.text:lwIPServiceTimers</name>
         <load_address>0x79e4</load_address>
         <run_address>0x79e4</run_address>
         <size>0x50</size>
         <input_file_ref idref="fl-e"/>
      </object_component>
      <object_component id="oc-675">
         <name>.text:netif_add</name>
         <load_address>0x7a34</load_address>
         <run_address>0x7a34</run_address>
         <size>0x50</size>
         <input_file_ref idref="fl-e"/>
      </object_component>
      <object_component id="oc-937">
         <name>.text:tcp_write_checks</name>
         <load_address>0x7a84</load_address>
         <run_address>0x7a84</run_address>
         <size>0x50</size>
         <input_file_ref idref="fl-e"/>
      </object_component>
      <object_component id="oc-78d">
         <name>.text:inet_chksum_pbuf</name>
         <load_address>0x7ad4</load_address>
         <run_address>0x7ad4</run_address>
         <size>0x4e</size>
         <input_file_ref idref="fl-e"/>
      </object_component>
      <object_component id="oc-25e">
         <name>.text:pbuf_free</name>
         <load_address>0x7b22</load_address>
         <run_address>0x7b22</run_address>
         <size>0x4e</size>
         <input_file_ref idref="fl-e"/>
      </object_component>
      <object_component id="oc-514">
         <name>.text:_TimerIntNumberGet</name>
         <load_address>0x7b70</load_address>
         <run_address>0x7b70</run_address>
         <size>0x4c</size>
         <input_file_ref idref="fl-100"/>
      </object_component>
      <object_component id="oc-508">
         <name>.text:adc_read</name>
         <load_address>0x7bbc</load_address>
         <run_address>0x7bbc</run_address>
         <size>0x4c</size>
         <input_file_ref idref="fl-5"/>
      </object_component>
      <object_component id="oc-90f">
         <name>.text:etharp_output_to_arp_index</name>
         <load_address>0x7c08</load_address>
         <run_address>0x7c08</run_address>
         <size>0x4c</size>
         <input_file_ref idref="fl-e"/>
      </object_component>
      <object_component id="oc-6a9">
         <name>.text:ip_route</name>
         <load_address>0x7c54</load_address>
         <run_address>0x7c54</run_address>
         <size>0x4c</size>
         <input_file_ref idref="fl-e"/>
      </object_component>
      <object_component id="oc-58c">
         <name>.text</name>
         <load_address>0x7ca0</load_address>
         <run_address>0x7ca0</run_address>
         <size>0x4c</size>
         <input_file_ref idref="fl-e7"/>
      </object_component>
      <object_component id="oc-da">
         <name>.text</name>
         <load_address>0x7cec</load_address>
         <run_address>0x7cec</run_address>
         <size>0x4c</size>
         <input_file_ref idref="fl-e9"/>
      </object_component>
      <object_component id="oc-a8">
         <name>.text:tivaif_interrupt</name>
         <load_address>0x7d38</load_address>
         <run_address>0x7d38</run_address>
         <size>0x4c</size>
         <input_file_ref idref="fl-e"/>
      </object_component>
      <object_component id="oc-317">
         <name>.text:GPIOPinConfigure</name>
         <load_address>0x7d84</load_address>
         <run_address>0x7d84</run_address>
         <size>0x48</size>
         <input_file_ref idref="fl-fa"/>
      </object_component>
      <object_component id="oc-494">
         <name>.text:UARTwrite</name>
         <load_address>0x7dcc</load_address>
         <run_address>0x7dcc</run_address>
         <size>0x48</size>
         <input_file_ref idref="fl-f"/>
      </object_component>
      <object_component id="oc-2b5">
         <name>.text:_SysCtlFrequencyGet</name>
         <load_address>0x7e14</load_address>
         <run_address>0x7e14</run_address>
         <size>0x48</size>
         <input_file_ref idref="fl-fe"/>
      </object_component>
      <object_component id="oc-638">
         <name>.text:ip_output</name>
         <load_address>0x7e5c</load_address>
         <run_address>0x7e5c</run_address>
         <size>0x48</size>
         <input_file_ref idref="fl-e"/>
      </object_component>
      <object_component id="oc-56a">
         <name>.text</name>
         <load_address>0x7ea4</load_address>
         <run_address>0x7ea4</run_address>
         <size>0x48</size>
         <input_file_ref idref="fl-ed"/>
      </object_component>
      <object_component id="oc-7ff">
         <name>.text:tcp_kill_prio</name>
         <load_address>0x7eec</load_address>
         <run_address>0x7eec</run_address>
         <size>0x48</size>
         <input_file_ref idref="fl-e"/>
      </object_component>
      <object_component id="oc-956">
         <name>.text:tcp_rexmit_fast</name>
         <load_address>0x7f34</load_address>
         <run_address>0x7f34</run_address>
         <size>0x48</size>
         <input_file_ref idref="fl-e"/>
      </object_component>
      <object_component id="oc-922">
         <name>.text:tivaif_check_pbuf</name>
         <load_address>0x7f7c</load_address>
         <run_address>0x7f7c</run_address>
         <size>0x48</size>
         <input_file_ref idref="fl-e"/>
      </object_component>
      <object_component id="oc-848">
         <name>.text:partition</name>
         <load_address>0x7fc4</load_address>
         <run_address>0x7fc4</run_address>
         <size>0x46</size>
         <input_file_ref idref="fl-8"/>
      </object_component>
      <object_component id="oc-610">
         <name>.text:tcp_send_empty_ack</name>
         <load_address>0x800a</load_address>
         <run_address>0x800a</run_address>
         <size>0x46</size>
         <input_file_ref idref="fl-e"/>
      </object_component>
      <object_component id="oc-96b">
         <name>.text:tcp_send_fin</name>
         <load_address>0x8050</load_address>
         <run_address>0x8050</run_address>
         <size>0x46</size>
         <input_file_ref idref="fl-e"/>
      </object_component>
      <object_component id="oc-431">
         <name>.text:tcp_keepalive</name>
         <load_address>0x8098</load_address>
         <run_address>0x8098</run_address>
         <size>0x44</size>
         <input_file_ref idref="fl-e"/>
      </object_component>
      <object_component id="oc-43d">
         <name>.text:tcp_pcb_purge</name>
         <load_address>0x80dc</load_address>
         <run_address>0x80dc</run_address>
         <size>0x42</size>
         <input_file_ref idref="fl-e"/>
      </object_component>
      <object_component id="oc-11f">
         <name>.text:etharp_tmr</name>
         <load_address>0x8120</load_address>
         <run_address>0x8120</run_address>
         <size>0x40</size>
         <input_file_ref idref="fl-e"/>
      </object_component>
      <object_component id="oc-49a">
         <name>.text</name>
         <load_address>0x8160</load_address>
         <run_address>0x8160</run_address>
         <size>0x40</size>
         <input_file_ref idref="fl-e3"/>
      </object_component>
      <object_component id="oc-900">
         <name>.text:EMACIntEnable</name>
         <load_address>0x81a0</load_address>
         <run_address>0x81a0</run_address>
         <size>0x3a</size>
         <input_file_ref idref="fl-f8"/>
      </object_component>
      <object_component id="oc-27e">
         <name>.text:DisplayIPAddress</name>
         <load_address>0x81dc</load_address>
         <run_address>0x81dc</run_address>
         <size>0x39</size>
         <input_file_ref idref="fl-3"/>
      </object_component>
      <object_component id="oc-257">
         <name>.text:EMACConfigSet</name>
         <load_address>0x8218</load_address>
         <run_address>0x8218</run_address>
         <size>0x38</size>
         <input_file_ref idref="fl-f8"/>
      </object_component>
      <object_component id="oc-311">
         <name>.text:SysCtlPeripheralReady</name>
         <load_address>0x8250</load_address>
         <run_address>0x8250</run_address>
         <size>0x38</size>
         <input_file_ref idref="fl-fe"/>
      </object_component>
      <object_component id="oc-3d4">
         <name>.text:memp_free</name>
         <load_address>0x8288</load_address>
         <run_address>0x8288</run_address>
         <size>0x38</size>
         <input_file_ref idref="fl-e"/>
      </object_component>
      <object_component id="oc-1ea">
         <name>.text:pwm_duty_set</name>
         <load_address>0x82c0</load_address>
         <run_address>0x82c0</run_address>
         <size>0x38</size>
         <input_file_ref idref="fl-7"/>
      </object_component>
      <object_component id="oc-209">
         <name>.text</name>
         <load_address>0x82f8</load_address>
         <run_address>0x82f8</run_address>
         <size>0x38</size>
         <input_file_ref idref="fl-d4"/>
      </object_component>
      <object_component id="oc-80d">
         <name>.text:tcpip_tcp_timer</name>
         <load_address>0x8330</load_address>
         <run_address>0x8330</run_address>
         <size>0x38</size>
         <input_file_ref idref="fl-e"/>
      </object_component>
      <object_component id="oc-251">
         <name>.text:EMACConfigGet</name>
         <load_address>0x8368</load_address>
         <run_address>0x8368</run_address>
         <size>0x34</size>
         <input_file_ref idref="fl-f8"/>
      </object_component>
      <object_component id="oc-8ee">
         <name>.text:EMACIntClear</name>
         <load_address>0x839c</load_address>
         <run_address>0x839c</run_address>
         <size>0x34</size>
         <input_file_ref idref="fl-f8"/>
      </object_component>
      <object_component id="oc-51a">
         <name>.text:IntRegister</name>
         <load_address>0x83d0</load_address>
         <run_address>0x83d0</run_address>
         <size>0x34</size>
         <input_file_ref idref="fl-fb"/>
      </object_component>
      <object_component id="oc-1c6">
         <name>.text:SysCtlPeripheralEnable</name>
         <load_address>0x8404</load_address>
         <run_address>0x8404</run_address>
         <size>0x34</size>
         <input_file_ref idref="fl-fe"/>
      </object_component>
      <object_component id="oc-7f9">
         <name>.text:tcp_kill_timewait</name>
         <load_address>0x8438</load_address>
         <run_address>0x8438</run_address>
         <size>0x34</size>
         <input_file_ref idref="fl-e"/>
      </object_component>
      <object_component id="oc-69c">
         <name>.text:tcp_timer_needed</name>
         <load_address>0x846c</load_address>
         <run_address>0x846c</run_address>
         <size>0x34</size>
         <input_file_ref idref="fl-e"/>
      </object_component>
      <object_component id="oc-687">
         <name>.text:tivaif_init</name>
         <load_address>0x84a0</load_address>
         <run_address>0x84a0</run_address>
         <size>0x34</size>
         <input_file_ref idref="fl-e"/>
      </object_component>
      <object_component id="oc-5d8">
         <name>.text:ip4_addr_isbroadcast</name>
         <load_address>0x84d4</load_address>
         <run_address>0x84d4</run_address>
         <size>0x32</size>
         <input_file_ref idref="fl-e"/>
      </object_component>
      <object_component id="oc-7b7">
         <name>.text:tcp_recved</name>
         <load_address>0x8506</load_address>
         <run_address>0x8506</run_address>
         <size>0x32</size>
         <input_file_ref idref="fl-e"/>
      </object_component>
      <object_component id="oc-1f0">
         <name>.text:pwm_enable</name>
         <load_address>0x8538</load_address>
         <run_address>0x8538</run_address>
         <size>0x30</size>
         <input_file_ref idref="fl-7"/>
      </object_component>
      <object_component id="oc-89d">
         <name>.text:tcp_update_rcv_ann_wnd</name>
         <load_address>0x8568</load_address>
         <run_address>0x8568</run_address>
         <size>0x30</size>
         <input_file_ref idref="fl-e"/>
      </object_component>
      <object_component id="oc-6e8">
         <name>.text:ADCIntStatus</name>
         <load_address>0x8598</load_address>
         <run_address>0x8598</run_address>
         <size>0x2e</size>
         <input_file_ref idref="fl-f7"/>
      </object_component>
      <object_component id="oc-575">
         <name>.text</name>
         <load_address>0x85c6</load_address>
         <run_address>0x85c6</run_address>
         <size>0x2e</size>
         <input_file_ref idref="fl-ef"/>
      </object_component>
      <object_component id="oc-425">
         <name>.text:tcp_rexmit_rto</name>
         <load_address>0x85f4</load_address>
         <run_address>0x85f4</run_address>
         <size>0x2e</size>
         <input_file_ref idref="fl-e"/>
      </object_component>
      <object_component id="oc-8e8">
         <name>.text:EMACIntStatus</name>
         <load_address>0x8622</load_address>
         <run_address>0x8622</run_address>
         <size>0x2c</size>
         <input_file_ref idref="fl-f8"/>
      </object_component>
      <object_component id="oc-3b9">
         <name>.text:etharp_request</name>
         <load_address>0x8650</load_address>
         <run_address>0x8650</run_address>
         <size>0x2c</size>
         <input_file_ref idref="fl-e"/>
      </object_component>
      <object_component id="oc-47c">
         <name>.text:GPIODirModeSet</name>
         <load_address>0x867c</load_address>
         <run_address>0x867c</run_address>
         <size>0x2a</size>
         <input_file_ref idref="fl-fa"/>
      </object_component>
      <object_component id="oc-265">
         <name>.text:pbuf_cat</name>
         <load_address>0x86a6</load_address>
         <run_address>0x86a6</run_address>
         <size>0x2a</size>
         <input_file_ref idref="fl-e"/>
      </object_component>
      <object_component id="oc-7a0">
         <name>.text:ustrncpy</name>
         <load_address>0x86d0</load_address>
         <run_address>0x86d0</run_address>
         <size>0x2a</size>
         <input_file_ref idref="fl-10"/>
      </object_component>
      <object_component id="oc-70c">
         <name>.text:quickSort</name>
         <load_address>0x86fa</load_address>
         <run_address>0x86fa</run_address>
         <size>0x28</size>
         <input_file_ref idref="fl-8"/>
      </object_component>
      <object_component id="oc-23f">
         <name>.text:EMACPHYRead</name>
         <load_address>0x8722</load_address>
         <run_address>0x8722</run_address>
         <size>0x26</size>
         <input_file_ref idref="fl-f8"/>
      </object_component>
      <object_component id="oc-8dc">
         <name>.text:EMACPHYWrite</name>
         <load_address>0x8748</load_address>
         <run_address>0x8748</run_address>
         <size>0x26</size>
         <input_file_ref idref="fl-f8"/>
      </object_component>
      <object_component id="oc-624">
         <name>.text:tcp_recv_null</name>
         <load_address>0x876e</load_address>
         <run_address>0x876e</run_address>
         <size>0x26</size>
         <input_file_ref idref="fl-e"/>
      </object_component>
      <object_component id="oc-308">
         <name>.text:IntPrioritySet</name>
         <load_address>0x8794</load_address>
         <run_address>0x8794</run_address>
         <size>0x24</size>
         <input_file_ref idref="fl-fb"/>
      </object_component>
      <object_component id="oc-286">
         <name>.text:etharp_free_entry</name>
         <load_address>0x87b8</load_address>
         <run_address>0x87b8</run_address>
         <size>0x24</size>
         <input_file_ref idref="fl-e"/>
      </object_component>
      <object_component id="oc-24b">
         <name>.text:netif_set_link_up</name>
         <load_address>0x87dc</load_address>
         <run_address>0x87dc</run_address>
         <size>0x24</size>
         <input_file_ref idref="fl-e"/>
      </object_component>
      <object_component id="oc-681">
         <name>.text:netif_set_up</name>
         <load_address>0x8800</load_address>
         <run_address>0x8800</run_address>
         <size>0x24</size>
         <input_file_ref idref="fl-e"/>
      </object_component>
      <object_component id="oc-3dc">
         <name>.text</name>
         <load_address>0x8824</load_address>
         <run_address>0x8824</run_address>
         <size>0x24</size>
         <input_file_ref idref="fl-d5"/>
      </object_component>
      <object_component id="oc-95c">
         <name>.text:tcp_seg_copy</name>
         <load_address>0x8848</load_address>
         <run_address>0x8848</run_address>
         <size>0x24</size>
         <input_file_ref idref="fl-e"/>
      </object_component>
      <object_component id="oc-329">
         <name>.text:PWMGenConfigure</name>
         <load_address>0x886c</load_address>
         <run_address>0x886c</run_address>
         <size>0x22</size>
         <input_file_ref idref="fl-fc"/>
      </object_component>
      <object_component id="oc-2af">
         <name>.text:_SysCtlMemTimingGet</name>
         <load_address>0x8890</load_address>
         <run_address>0x8890</run_address>
         <size>0x20</size>
         <input_file_ref idref="fl-fe"/>
      </object_component>
      <object_component id="oc-750">
         <name>.text:etharp_send_ip</name>
         <load_address>0x88b0</load_address>
         <run_address>0x88b0</run_address>
         <size>0x20</size>
         <input_file_ref idref="fl-e"/>
      </object_component>
      <object_component id="oc-9b">
         <name>.text:lwIPTimer</name>
         <load_address>0x88d0</load_address>
         <run_address>0x88d0</run_address>
         <size>0x20</size>
         <input_file_ref idref="fl-e"/>
      </object_component>
      <object_component id="oc-7d2">
         <name>.text:sys_timeouts_init</name>
         <load_address>0x88f0</load_address>
         <run_address>0x88f0</run_address>
         <size>0x20</size>
         <input_file_ref idref="fl-e"/>
      </object_component>
      <object_component id="oc-6b1">
         <name>.text:tcp_eff_send_mss</name>
         <load_address>0x8910</load_address>
         <run_address>0x8910</run_address>
         <size>0x20</size>
         <input_file_ref idref="fl-e"/>
      </object_component>
      <object_component id="oc-125">
         <name>.text:tcp_tmr</name>
         <load_address>0x8930</load_address>
         <run_address>0x8930</run_address>
         <size>0x20</size>
         <input_file_ref idref="fl-e"/>
      </object_component>
      <object_component id="oc-40c">
         <name>.text:usprintf</name>
         <load_address>0x8950</load_address>
         <run_address>0x8950</run_address>
         <size>0x20</size>
         <input_file_ref idref="fl-10"/>
      </object_component>
      <object_component id="oc-6f4">
         <name>.text:ADCSequenceDataGet</name>
         <load_address>0x8970</load_address>
         <run_address>0x8970</run_address>
         <size>0x1e</size>
         <input_file_ref idref="fl-f7"/>
      </object_component>
      <object_component id="oc-8d0">
         <name>.text:EMACAddrGet</name>
         <load_address>0x898e</load_address>
         <run_address>0x898e</run_address>
         <size>0x1e</size>
         <input_file_ref idref="fl-f8"/>
      </object_component>
      <object_component id="oc-33d">
         <name>.text:PWMPulseWidthSet</name>
         <load_address>0x89ac</load_address>
         <run_address>0x89ac</run_address>
         <size>0x1e</size>
         <input_file_ref idref="fl-fc"/>
      </object_component>
      <object_component id="oc-7d9">
         <name>.text:netif_set_addr</name>
         <load_address>0x89ca</load_address>
         <run_address>0x89ca</run_address>
         <size>0x1c</size>
         <input_file_ref idref="fl-e"/>
      </object_component>
      <object_component id="oc-592">
         <name>.text</name>
         <load_address>0x89e6</load_address>
         <run_address>0x89e6</run_address>
         <size>0x1c</size>
         <input_file_ref idref="fl-f1"/>
      </object_component>
      <object_component id="oc-1d8">
         <name>.text:UARTprintf</name>
         <load_address>0x8a02</load_address>
         <run_address>0x8a02</run_address>
         <size>0x1a</size>
         <input_file_ref idref="fl-f"/>
      </object_component>
      <object_component id="oc-4d3">
         <name>.text:lwip_htonl</name>
         <load_address>0x8a1c</load_address>
         <run_address>0x8a1c</run_address>
         <size>0x1a</size>
         <input_file_ref idref="fl-e"/>
      </object_component>
      <object_component id="oc-6e2">
         <name>.text:ADCProcessorTrigger</name>
         <load_address>0x8a36</load_address>
         <run_address>0x8a36</run_address>
         <size>0x18</size>
         <input_file_ref idref="fl-f7"/>
      </object_component>
      <object_component id="oc-37d">
         <name>.text:TimerIntRegister</name>
         <load_address>0x8a4e</load_address>
         <run_address>0x8a4e</run_address>
         <size>0x18</size>
         <input_file_ref idref="fl-100"/>
      </object_component>
      <object_component id="oc-8b6">
         <name>.text:arp_timer</name>
         <load_address>0x8a68</load_address>
         <run_address>0x8a68</run_address>
         <size>0x18</size>
         <input_file_ref idref="fl-e"/>
      </object_component>
      <object_component id="oc-3fe">
         <name>.text:pbuf_pool_is_empty</name>
         <load_address>0x8a80</load_address>
         <run_address>0x8a80</run_address>
         <size>0x18</size>
         <input_file_ref idref="fl-e"/>
      </object_component>
      <object_component id="oc-87">
         <name>.text</name>
         <load_address>0x8a98</load_address>
         <run_address>0x8a98</run_address>
         <size>0x18</size>
         <input_file_ref idref="fl-e6"/>
      </object_component>
      <object_component id="oc-6af">
         <name>.text:tcp_next_iss</name>
         <load_address>0x8ab0</load_address>
         <run_address>0x8ab0</run_address>
         <size>0x18</size>
         <input_file_ref idref="fl-e"/>
      </object_component>
      <object_component id="oc-61c">
         <name>.text:tcp_seg_free</name>
         <load_address>0x8ac8</load_address>
         <run_address>0x8ac8</run_address>
         <size>0x18</size>
         <input_file_ref idref="fl-e"/>
      </object_component>
      <object_component id="oc-664">
         <name>.text:EMACReset</name>
         <load_address>0x8ae0</load_address>
         <run_address>0x8ae0</run_address>
         <size>0x16</size>
         <input_file_ref idref="fl-f8"/>
      </object_component>
      <object_component id="oc-8fa">
         <name>.text:EMACRxEnable</name>
         <load_address>0x8af6</load_address>
         <run_address>0x8af6</run_address>
         <size>0x16</size>
         <input_file_ref idref="fl-f8"/>
      </object_component>
      <object_component id="oc-8f4">
         <name>.text:EMACTxEnable</name>
         <load_address>0x8b0c</load_address>
         <run_address>0x8b0c</run_address>
         <size>0x16</size>
         <input_file_ref idref="fl-f8"/>
      </object_component>
      <object_component id="oc-91c">
         <name>.text:pbuf_ref</name>
         <load_address>0x8b22</load_address>
         <run_address>0x8b22</run_address>
         <size>0x16</size>
         <input_file_ref idref="fl-e"/>
      </object_component>
      <object_component id="oc-586">
         <name>.text</name>
         <load_address>0x8b38</load_address>
         <run_address>0x8b38</run_address>
         <size>0x16</size>
         <input_file_ref idref="fl-dc"/>
      </object_component>
      <object_component id="oc-2f6">
         <name>.text:FlashUserGet</name>
         <load_address>0x8b50</load_address>
         <run_address>0x8b50</run_address>
         <size>0x14</size>
         <input_file_ref idref="fl-f9"/>
      </object_component>
      <object_component id="oc-323">
         <name>.text:PWMClockSet</name>
         <load_address>0x8b64</load_address>
         <run_address>0x8b64</run_address>
         <size>0x14</size>
         <input_file_ref idref="fl-fc"/>
      </object_component>
      <object_component id="oc-2ea">
         <name>.text:SysTickEnable</name>
         <load_address>0x8b78</load_address>
         <run_address>0x8b78</run_address>
         <size>0x14</size>
         <input_file_ref idref="fl-ff"/>
      </object_component>
      <object_component id="oc-2f0">
         <name>.text:SysTickIntEnable</name>
         <load_address>0x8b8c</load_address>
         <run_address>0x8b8c</run_address>
         <size>0x14</size>
         <input_file_ref idref="fl-ff"/>
      </object_component>
      <object_component id="oc-227">
         <name>.text</name>
         <load_address>0x8ba0</load_address>
         <run_address>0x8ba0</run_address>
         <size>0x14</size>
         <input_file_ref idref="fl-e4"/>
      </object_component>
      <object_component id="oc-727">
         <name>.text</name>
         <load_address>0x8bb4</load_address>
         <run_address>0x8bb4</run_address>
         <size>0x14</size>
         <input_file_ref idref="fl-f6"/>
      </object_component>
      <object_component id="oc-826">
         <name>.text</name>
         <load_address>0x8bc8</load_address>
         <run_address>0x8bc8</run_address>
         <size>0x14</size>
         <input_file_ref idref="fl-de"/>
      </object_component>
      <object_component id="oc-55a">
         <name>.text</name>
         <load_address>0x8bdc</load_address>
         <run_address>0x8bdc</run_address>
         <size>0x14</size>
         <input_file_ref idref="fl-df"/>
      </object_component>
      <object_component id="oc-3c8">
         <name>.text:sys_arch_unprotect</name>
         <load_address>0x8bf0</load_address>
         <run_address>0x8bf0</run_address>
         <size>0x14</size>
         <input_file_ref idref="fl-e"/>
      </object_component>
      <object_component id="oc-7b1">
         <name>.text:tcp_close</name>
         <load_address>0x8c04</load_address>
         <run_address>0x8c04</run_address>
         <size>0x14</size>
         <input_file_ref idref="fl-e"/>
      </object_component>
      <object_component id="oc-351">
         <name>.text:GPIOPinTypeADC</name>
         <load_address>0x8c18</load_address>
         <run_address>0x8c18</run_address>
         <size>0x12</size>
         <input_file_ref idref="fl-fa"/>
      </object_component>
      <object_component id="oc-2c5">
         <name>.text:GPIOPinTypeEthernetLED</name>
         <load_address>0x8c2a</load_address>
         <run_address>0x8c2a</run_address>
         <size>0x12</size>
         <input_file_ref idref="fl-fa"/>
      </object_component>
      <object_component id="oc-31d">
         <name>.text:GPIOPinTypePWM</name>
         <load_address>0x8c3c</load_address>
         <run_address>0x8c3c</run_address>
         <size>0x12</size>
         <input_file_ref idref="fl-fa"/>
      </object_component>
      <object_component id="oc-34a">
         <name>.text:PWMOutputState</name>
         <load_address>0x8c4e</load_address>
         <run_address>0x8c4e</run_address>
         <size>0x12</size>
         <input_file_ref idref="fl-fc"/>
      </object_component>
      <object_component id="oc-377">
         <name>.text:TimerLoadSet</name>
         <load_address>0x8c60</load_address>
         <run_address>0x8c60</run_address>
         <size>0x12</size>
         <input_file_ref idref="fl-100"/>
      </object_component>
      <object_component id="oc-245">
         <name>.text:netif_set_link_down</name>
         <load_address>0x8c72</load_address>
         <run_address>0x8c72</run_address>
         <size>0x12</size>
         <input_file_ref idref="fl-e"/>
      </object_component>
      <object_component id="oc-81e">
         <name>.text:pbuf_clen</name>
         <load_address>0x8c84</load_address>
         <run_address>0x8c84</run_address>
         <size>0x12</size>
         <input_file_ref idref="fl-e"/>
      </object_component>
      <object_component id="oc-437">
         <name>.text:tcp_segs_free</name>
         <load_address>0x8c96</load_address>
         <run_address>0x8c96</run_address>
         <size>0x12</size>
         <input_file_ref idref="fl-e"/>
      </object_component>
      <object_component id="oc-8e2">
         <name>.text:EMACFrameFilterSet</name>
         <load_address>0x8ca8</load_address>
         <run_address>0x8ca8</run_address>
         <size>0x10</size>
         <input_file_ref idref="fl-f8"/>
      </object_component>
      <object_component id="oc-383">
         <name>.text:IntMasterEnable</name>
         <load_address>0x8cb8</load_address>
         <run_address>0x8cb8</run_address>
         <size>0x10</size>
         <input_file_ref idref="fl-fb"/>
      </object_component>
      <object_component id="oc-335">
         <name>.text:PWMDeadBandEnable</name>
         <load_address>0x8cc8</load_address>
         <run_address>0x8cc8</run_address>
         <size>0x10</size>
         <input_file_ref idref="fl-fc"/>
      </object_component>
      <object_component id="oc-32f">
         <name>.text:PWMGenPeriodSet</name>
         <load_address>0x8cd8</load_address>
         <run_address>0x8cd8</run_address>
         <size>0x10</size>
         <input_file_ref idref="fl-fc"/>
      </object_component>
      <object_component id="oc-2e4">
         <name>.text:SysTickPeriodSet</name>
         <load_address>0x8ce8</load_address>
         <run_address>0x8ce8</run_address>
         <size>0x10</size>
         <input_file_ref idref="fl-ff"/>
      </object_component>
      <object_component id="oc-534">
         <name>.text:getMedian</name>
         <load_address>0x8cf8</load_address>
         <run_address>0x8cf8</run_address>
         <size>0x10</size>
         <input_file_ref idref="fl-8"/>
      </object_component>
      <object_component id="oc-866">
         <name>.text:inet_chksum</name>
         <load_address>0x8d08</load_address>
         <run_address>0x8d08</run_address>
         <size>0x10</size>
         <input_file_ref idref="fl-e"/>
      </object_component>
      <object_component id="oc-66f">
         <name>.text:lwip_init</name>
         <load_address>0x8d18</load_address>
         <run_address>0x8d18</run_address>
         <size>0x10</size>
         <input_file_ref idref="fl-e"/>
      </object_component>
      <object_component id="oc-3c2">
         <name>.text:sys_arch_protect</name>
         <load_address>0x8d28</load_address>
         <run_address>0x8d28</run_address>
         <size>0x10</size>
         <input_file_ref idref="fl-e"/>
      </object_component>
      <object_component id="oc-363">
         <name>.text:ADCSequenceEnable</name>
         <load_address>0x8d38</load_address>
         <run_address>0x8d38</run_address>
         <size>0xe</size>
         <input_file_ref idref="fl-f7"/>
      </object_component>
      <object_component id="oc-395">
         <name>.text:TimerEnable</name>
         <load_address>0x8d46</load_address>
         <run_address>0x8d46</run_address>
         <size>0xe</size>
         <input_file_ref idref="fl-100"/>
      </object_component>
      <object_component id="oc-18">
         <name>.text:decompress:none</name>
         <load_address>0x8d54</load_address>
         <run_address>0x8d54</run_address>
         <size>0xe</size>
         <input_file_ref idref="fl-cd"/>
      </object_component>
      <object_component id="oc-521">
         <name>.text:CPUcpsie</name>
         <load_address>0x8d62</load_address>
         <run_address>0x8d62</run_address>
         <size>0xc</size>
         <input_file_ref idref="fl-101"/>
      </object_component>
      <object_component id="oc-344">
         <name>.text:PWMGenEnable</name>
         <load_address>0x8d6e</load_address>
         <run_address>0x8d6e</run_address>
         <size>0xc</size>
         <input_file_ref idref="fl-fc"/>
      </object_component>
      <object_component id="oc-1b4">
         <name>.text:SysCtlMOSCConfigSet</name>
         <load_address>0x8d7c</load_address>
         <run_address>0x8d7c</run_address>
         <size>0xc</size>
         <input_file_ref idref="fl-fe"/>
      </object_component>
      <object_component id="oc-1e">
         <name>.text:decompress:ZI</name>
         <load_address>0x8d88</load_address>
         <run_address>0x8d88</run_address>
         <size>0xc</size>
         <input_file_ref idref="fl-ce"/>
      </object_component>
      <object_component id="oc-278">
         <name>.text:lwIPLocalIPAddrGet</name>
         <load_address>0x8d94</load_address>
         <run_address>0x8d94</run_address>
         <size>0xc</size>
         <input_file_ref idref="fl-e"/>
      </object_component>
      <object_component id="oc-5ca">
         <name>.text:lwip_htons</name>
         <load_address>0x8da0</load_address>
         <run_address>0x8da0</run_address>
         <size>0xc</size>
[...]
         <object_component_ref idref="oc-8d"/>
      </symbol>
      <symbol id="sm-d82">
         <name>__TI_dtors_ptr</name>
         <value>0x200185e0</value>
         <object_component_ref idref="oc-f0"/>
      </symbol>
      <symbol id="sm-d83">
         <name>__TI_cleanup_ptr</name>
         <value>0x200185dc</value>
         <object_component_ref idref="oc-f0"/>
      </symbol>
      <symbol id="sm-d84">
         <name>__TI_enable_exit_profile_output</name>
         <value>0x200185e4</value>
         <object_component_ref idref="oc-f0"/>
      </symbol>
      <symbol id="sm-d9b">
         <name>__aeabi_dsub</name>
         <value>0x3ab7</value>
         <object_component_ref idref="oc-549"/>
      </symbol>
      <symbol id="sm-d9c">
         <name>__aeabi_dadd</name>
         <value>0x3ac1</value>
         <object_component_ref idref="oc-549"/>
      </symbol>
      <symbol id="sm-db0">
         <name>__aeabi_ddiv</name>
         <value>0x47d3</value>
         <object_component_ref idref="oc-53f"/>
      </symbol>
      <symbol id="sm-dbb">
         <name>__aeabi_dmul</name>
         <value>0x50b5</value>
         <object_component_ref idref="oc-53a"/>
      </symbol>
      <symbol id="sm-dc7">
         <name>__aeabi_d2f</name>
         <value>0x6cf1</value>
         <object_component_ref idref="oc-544"/>
      </symbol>
      <symbol id="sm-dd2">
         <name>__aeabi_f2d</name>
         <value>0x82f9</value>
         <object_component_ref idref="oc-209"/>
      </symbol>
      <symbol id="sm-de2">
         <name>memcmp</name>
         <value>0x8825</value>
         <object_component_ref idref="oc-3dc"/>
      </symbol>
      <symbol id="sm-dfd">
         <name>memcpy</name>
         <value>0x6269</value>
         <object_component_ref idref="oc-5d"/>
      </symbol>
      <symbol id="sm-dfe">
         <name>__aeabi_memcpy</name>
         <value>0x6269</value>
         <object_component_ref idref="oc-5d"/>
      </symbol>
      <symbol id="sm-dff">
         <name>__aeabi_memcpy8</name>
         <value>0x6269</value>
         <object_component_ref idref="oc-5d"/>
      </symbol>
      <symbol id="sm-e00">
         <name>__aeabi_memcpy4</name>
         <value>0x6269</value>
         <object_component_ref idref="oc-5d"/>
      </symbol>
      <symbol id="sm-e0f">
         <name>__aeabi_memset</name>
         <value>0x69c1</value>
         <object_component_ref idref="oc-69"/>
      </symbol>
      <symbol id="sm-e10">
         <name>memset</name>
         <value>0x69c7</value>
         <object_component_ref idref="oc-69"/>
      </symbol>
      <symbol id="sm-e11">
         <name>__aeabi_memset8</name>
         <value>0x69c1</value>
         <object_component_ref idref="oc-69"/>
      </symbol>
      <symbol id="sm-e12">
         <name>__aeabi_memset4</name>
         <value>0x69c1</value>
         <object_component_ref idref="oc-69"/>
      </symbol>
      <symbol id="sm-e13">
         <name>__aeabi_memclr8</name>
         <value>0x69bf</value>
         <object_component_ref idref="oc-69"/>
      </symbol>
      <symbol id="sm-e14">
         <name>__aeabi_memclr4</name>
         <value>0x69bf</value>
         <object_component_ref idref="oc-69"/>
      </symbol>
      <symbol id="sm-e15">
         <name>__aeabi_memclr</name>
         <value>0x69bf</value>
         <object_component_ref idref="oc-69"/>
      </symbol>
      <symbol id="sm-e1f">
         <name>__mpu_init</name>
         <value>0x6d5f</value>
         <object_component_ref idref="oc-75"/>
      </symbol>
      <symbol id="sm-e29">
         <name>_system_pre_init</name>
         <value>0x8e49</value>
         <object_component_ref idref="oc-7b"/>
      </symbol>
      <symbol id="sm-e42">
         <name>sprintf</name>
         <value>0x7361</value>
         <object_component_ref idref="oc-20e"/>
      </symbol>
      <symbol id="sm-e4a">
         <name>main_func_sp</name>
         <value>0x20018620</value>
         <object_component_ref idref="oc-93"/>
      </symbol>
      <symbol id="sm-e5a">
         <name>strchr</name>
         <value>0x8b39</value>
         <object_component_ref idref="oc-586"/>
      </symbol>
      <symbol id="sm-e69">
         <name>strcpy</name>
         <value>0x8bc9</value>
         <object_component_ref idref="oc-826"/>
      </symbol>
      <symbol id="sm-e77">
         <name>strlen</name>
         <value>0x8bdd</value>
         <object_component_ref idref="oc-55a"/>
      </symbol>
      <symbol id="sm-eb6">
         <name>strtold</name>
         <value>0x3099</value>
         <object_component_ref idref="oc-837"/>
      </symbol>
      <symbol id="sm-eb7">
         <name>strtod</name>
         <value>0x3099</value>
         <object_component_ref idref="oc-837"/>
      </symbol>
      <symbol id="sm-ec6">
         <name>__aeabi_uidivmod</name>
         <value>0x8161</value>
         <object_component_ref idref="oc-49a"/>
      </symbol>
      <symbol id="sm-ec7">
         <name>__aeabi_uidiv</name>
         <value>0x8161</value>
         <object_component_ref idref="oc-49a"/>
      </symbol>
      <symbol id="sm-ee0">
         <name>_nop</name>
         <value>0x8baf</value>
         <object_component_ref idref="oc-227"/>
      </symbol>
      <symbol id="sm-ee1">
         <name>_lock</name>
         <value>0x2001860c</value>
         <object_component_ref idref="oc-f3"/>
      </symbol>
      <symbol id="sm-ee2">
         <name>_unlock</name>
         <value>0x20018610</value>
         <object_component_ref idref="oc-f3"/>
      </symbol>
      <symbol id="sm-ee3">
         <name>_register_lock</name>
         <value>0x8ba7</value>
         <object_component_ref idref="oc-227"/>
      </symbol>
      <symbol id="sm-ee4">
         <name>_register_unlock</name>
         <value>0x8ba1</value>
         <object_component_ref idref="oc-227"/>
      </symbol>
      <symbol id="sm-fe5">
         <name>__TI_printfi</name>
         <value>0xa45</value>
         <object_component_ref idref="oc-3a6"/>
      </symbol>
      <symbol id="sm-ff9">
         <name>_args_main</name>
         <value>0x8a99</value>
         <object_component_ref idref="oc-87"/>
      </symbol>
      <symbol id="sm-100f">
         <name>atoi</name>
         <value>0x7ca1</value>
         <object_component_ref idref="oc-58c"/>
      </symbol>
      <symbol id="sm-1039">
         <name>__TI_auto_init</name>
         <value>0x6c11</value>
         <object_component_ref idref="oc-81"/>
      </symbol>
      <symbol id="sm-1053">
         <name>copy_in</name>
         <value>0x7ced</value>
         <object_component_ref idref="oc-da"/>
      </symbol>
      <symbol id="sm-105e">
         <name>_ctypes_</name>
         <value>0x9008</value>
         <object_component_ref idref="oc-734"/>
      </symbol>
      <symbol id="sm-1066">
         <name>errno</name>
         <value>0x2001861c</value>
         <object_component_ref idref="oc-72d"/>
      </symbol>
      <symbol id="sm-1088">
         <name>__aeabi_cdcmpeq</name>
         <value>0x6541</value>
         <object_component_ref idref="oc-560"/>
      </symbol>
      <symbol id="sm-1089">
         <name>__aeabi_cdcmple</name>
         <value>0x6541</value>
         <object_component_ref idref="oc-560"/>
      </symbol>
      <symbol id="sm-108a">
         <name>__aeabi_cdrcmple</name>
         <value>0x65c7</value>
         <object_component_ref idref="oc-565"/>
      </symbol>
      <symbol id="sm-1094">
         <name>__aeabi_d2iz</name>
         <value>0x7ea5</value>
         <object_component_ref idref="oc-56a"/>
      </symbol>
      <symbol id="sm-109e">
         <name>__aeabi_idiv0</name>
         <value>0x6397</value>
         <object_component_ref idref="oc-653"/>
      </symbol>
      <symbol id="sm-10a8">
         <name>__aeabi_i2d</name>
         <value>0x85c7</value>
         <object_component_ref idref="oc-575"/>
      </symbol>
      <symbol id="sm-10b7">
         <name>ltoa</name>
         <value>0x7849</value>
         <object_component_ref idref="oc-56f"/>
      </symbol>
      <symbol id="sm-10c7">
         <name>memccpy</name>
         <value>0x89e7</value>
         <object_component_ref idref="oc-592"/>
      </symbol>
      <symbol id="sm-10e2">
         <name>frexpl</name>
         <value>0x71d9</value>
         <object_component_ref idref="oc-57a"/>
      </symbol>
      <symbol id="sm-10e3">
         <name>frexp</name>
         <value>0x71d9</value>
         <object_component_ref idref="oc-57a"/>
      </symbol>
      <symbol id="sm-1100">
         <name>scalbn</name>
         <value>0x51b1</value>
         <object_component_ref idref="oc-580"/>
      </symbol>
      <symbol id="sm-1101">
         <name>scalbnl</name>
         <value>0x51b1</value>
         <object_component_ref idref="oc-580"/>
      </symbol>
      <symbol id="sm-1102">
         <name>ldexpl</name>
         <value>0x51b1</value>
         <object_component_ref idref="oc-580"/>
      </symbol>
      <symbol id="sm-1103">
         <name>ldexp</name>
         <value>0x51b1</value>
         <object_component_ref idref="oc-580"/>
      </symbol>
      <symbol id="sm-110d">
         <name>_system_post_cinit</name>
         <value>0x729f</value>
         <object_component_ref idref="oc-e0"/>
      </symbol>
      <symbol id="sm-1129">
         <name>__aeabi_uldivmod</name>
         <value>0x34ed</value>
         <object_component_ref idref="oc-555"/>
      </symbol>
      <symbol id="sm-1133">
         <name>copysign</name>
         <value>0x8bb5</value>
         <object_component_ref idref="oc-727"/>
      </symbol>
      <symbol id="sm-1134">
         <name>copysignl</name>
         <value>0x8bb5</value>
         <object_component_ref idref="oc-727"/>
      </symbol>
      <symbol id="sm-117c">
         <name>ADCProcessorTrigger</name>
         <value>0x8a37</value>
         <object_component_ref idref="oc-6e2"/>
      </symbol>
      <symbol id="sm-117d">
         <name>ADCSequenceEnable</name>
         <value>0x8d39</value>
         <object_component_ref idref="oc-363"/>
      </symbol>
      <symbol id="sm-117e">
         <name>ADCSequenceConfigure</name>
         <value>0x75e9</value>
         <object_component_ref idref="oc-357"/>
      </symbol>
      <symbol id="sm-117f">
         <name>ADCSequenceStepConfigure</name>
         <value>0x6945</value>
         <object_component_ref idref="oc-35d"/>
      </symbol>
      <symbol id="sm-1180">
         <name>ADCIntClear</name>
         <value>0x8ddd</value>
         <object_component_ref idref="oc-6ee"/>
      </symbol>
      <symbol id="sm-1181">
         <name>ADCIntStatus</name>
         <value>0x8599</value>
         <object_component_ref idref="oc-6e8"/>
      </symbol>
      <symbol id="sm-1182">
         <name>ADCSequenceDataGet</name>
         <value>0x8971</value>
         <object_component_ref idref="oc-6f4"/>
      </symbol>
      <symbol id="sm-1243">
         <name>EMACConfigSet</name>
         <value>0x8219</value>
         <object_component_ref idref="oc-257"/>
      </symbol>
      <symbol id="sm-1244">
         <name>EMACTxEnable</name>
         <value>0x8b0d</value>
         <object_component_ref idref="oc-8f4"/>
      </symbol>
      <symbol id="sm-1245">
         <name>EMACRxDMADescriptorListSet</name>
         <value>0x8e09</value>
         <object_component_ref idref="oc-97f"/>
      </symbol>
      <symbol id="sm-1246">
         <name>EMACPHYConfigSet</name>
         <value>0x7641</value>
         <object_component_ref idref="oc-4a8"/>
      </symbol>
      <symbol id="sm-1247">
         <name>EMACPHYRead</name>
         <value>0x8723</value>
         <object_component_ref idref="oc-23f"/>
      </symbol>
      <symbol id="sm-1248">
         <name>EMACTimestampIntStatus</name>
         <value>0x8e0f</value>
         <object_component_ref idref="oc-a2"/>
      </symbol>
      <symbol id="sm-1249">
         <name>EMACRxEnable</name>
         <value>0x8af7</value>
         <object_component_ref idref="oc-8fa"/>
      </symbol>
      <symbol id="sm-124a">
         <name>EMACIntClear</name>
         <value>0x839d</value>
         <object_component_ref idref="oc-8ee"/>
      </symbol>
      <symbol id="sm-124b">
         <name>EMACConfigGet</name>
         <value>0x8369</value>
         <object_component_ref idref="oc-251"/>
      </symbol>
      <symbol id="sm-124c">
         <name>EMACInit</name>
         <value>0x6a39</value>
         <object_component_ref idref="oc-4ae"/>
      </symbol>
      <symbol id="sm-124d">
         <name>EMACIntEnable</name>
         <value>0x81a1</value>
         <object_component_ref idref="oc-900"/>
      </symbol>
      <symbol id="sm-124e">
         <name>EMACPHYWrite</name>
         <value>0x8749</value>
         <object_component_ref idref="oc-8dc"/>
      </symbol>
      <symbol id="sm-124f">
         <name>EMACReset</name>
         <value>0x8ae1</value>
         <object_component_ref idref="oc-664"/>
      </symbol>
      <symbol id="sm-1250">
         <name>EMACFrameFilterSet</name>
         <value>0x8ca9</value>
         <object_component_ref idref="oc-8e2"/>
      </symbol>
      <symbol id="sm-1251">
         <name>EMACTxDMAPollDemand</name>
         <value>0x8df1</value>
         <object_component_ref idref="oc-928"/>
      </symbol>
      <symbol id="sm-1252">
         <name>EMACAddrGet</name>
         <value>0x898f</value>
         <object_component_ref idref="oc-8d0"/>
      </symbol>
      <symbol id="sm-1253">
         <name>EMACTxDMADescriptorListSet</name>
         <value>0x8e15</value>
         <object_component_ref idref="oc-985"/>
      </symbol>
      <symbol id="sm-1254">
         <name>EMACIntStatus</name>
         <value>0x8623</value>
         <object_component_ref idref="oc-8e8"/>
      </symbol>
      <symbol id="sm-1263">
         <name>FlashUserGet</name>
         <value>0x8b51</value>
         <object_component_ref idref="oc-2f6"/>
      </symbol>
      <symbol id="sm-12ad">
         <name>GPIOPinTypePWM</name>
         <value>0x8c3d</value>
         <object_component_ref idref="oc-31d"/>
      </symbol>
      <symbol id="sm-12ae">
         <name>GPIOPinConfigure</name>
         <value>0x7d85</value>
         <object_component_ref idref="oc-317"/>
      </symbol>
      <symbol id="sm-12af">
         <name>GPIOPinTypeADC</name>
         <value>0x8c19</value>
         <object_component_ref idref="oc-351"/>
      </symbol>
      <symbol id="sm-12b0">
         <name>GPIOPinRead</name>
         <value>0x8e1b</value>
         <object_component_ref idref="oc-203"/>
      </symbol>
      <symbol id="sm-12b1">
         <name>GPIODirModeSet</name>
         <value>0x867d</value>
         <object_component_ref idref="oc-47c"/>
      </symbol>
      <symbol id="sm-12b2">
         <name>GPIOPadConfigSet</name>
         <value>0x4909</value>
         <object_component_ref idref="oc-1cc"/>
      </symbol>
      <symbol id="sm-12b3">
         <name>GPIOPinTypeEthernetLED</name>
         <value>0x8c2b</value>
         <object_component_ref idref="oc-2c5"/>
      </symbol>
      <symbol id="sm-1306">
         <name>IntPrioritySet</name>
         <value>0x8795</value>
         <object_component_ref idref="oc-308"/>
      </symbol>
      <symbol id="sm-1307">
         <name>IntEnable</name>
         <value>0x6e39</value>
         <object_component_ref idref="oc-38f"/>
      </symbol>
      <symbol id="sm-1308">
         <name>IntRegister</name>
         <value>0x83d1</value>
         <object_component_ref idref="oc-51a"/>
      </symbol>
      <symbol id="sm-1309">
         <name>g_pfnRAMVectors</name>
         <value>0x20000000</value>
         <object_component_ref idref="oc-704"/>
      </symbol>
      <symbol id="sm-130a">
         <name>IntMasterEnable</name>
         <value>0x8cb9</value>
         <object_component_ref idref="oc-383"/>
      </symbol>
      <symbol id="sm-1349">
         <name>PWMGenPeriodSet</name>
         <value>0x8cd9</value>
         <object_component_ref idref="oc-32f"/>
      </symbol>
      <symbol id="sm-134a">
         <name>PWMDeadBandEnable</name>
         <value>0x8cc9</value>
         <object_component_ref idref="oc-335"/>
      </symbol>
      <symbol id="sm-134b">
         <name>PWMClockSet</name>
         <value>0x8b65</value>
         <object_component_ref idref="oc-323"/>
      </symbol>
      <symbol id="sm-134c">
         <name>PWMPulseWidthSet</name>
         <value>0x89ad</value>
         <object_component_ref idref="oc-33d"/>
      </symbol>
      <symbol id="sm-134d">
         <name>PWMOutputState</name>
         <value>0x8c4f</value>
         <object_component_ref idref="oc-34a"/>
      </symbol>
      <symbol id="sm-134e">
         <name>PWMGenEnable</name>
         <value>0x8d6f</value>
         <object_component_ref idref="oc-344"/>
      </symbol>
      <symbol id="sm-134f">
         <name>PWMGenConfigure</name>
         <value>0x886d</value>
         <object_component_ref idref="oc-329"/>
      </symbol>
      <symbol id="sm-13e0">
         <name>SysCtlDelay</name>
         <value>0x8e27</value>
         <object_component_ref idref="oc-202"/>
      </symbol>
      <symbol id="sm-13e1">
         <name>SysCtlMOSCConfigSet</name>
         <value>0x8d7d</value>
         <object_component_ref idref="oc-1b4"/>
      </symbol>
      <symbol id="sm-13e2">
         <name>SysCtlPeripheralEnable</name>
         <value>0x8405</value>
         <object_component_ref idref="oc-1c6"/>
      </symbol>
      <symbol id="sm-13e3">
         <name>SysCtlPeripheralReady</name>
         <value>0x8251</value>
         <object_component_ref idref="oc-311"/>
      </symbol>
      <symbol id="sm-13e4">
         <name>SysCtlClockFreqSet</name>
         <value>0x36e1</value>
         <object_component_ref idref="oc-1ba"/>
      </symbol>
      <symbol id="sm-13e5">
         <name>SysCtlPeripheralReset</name>
         <value>0x7995</value>
         <object_component_ref idref="oc-65e"/>
      </symbol>
      <symbol id="sm-1408">
         <name>SysTickEnable</name>
         <value>0x8b79</value>
         <object_component_ref idref="oc-2ea"/>
      </symbol>
      <symbol id="sm-1409">
         <name>SysTickIntEnable</name>
         <value>0x8b8d</value>
         <object_component_ref idref="oc-2f0"/>
      </symbol>
      <symbol id="sm-140a">
         <name>SysTickPeriodSet</name>
         <value>0x8ce9</value>
         <object_component_ref idref="oc-2e4"/>
      </symbol>
      <symbol id="sm-1465">
         <name>TimerLoadSet</name>
         <value>0x8c61</value>
         <object_component_ref idref="oc-377"/>
      </symbol>
      <symbol id="sm-1466">
         <name>TimerIntRegister</name>
         <value>0x8a4f</value>
         <object_component_ref idref="oc-37d"/>
      </symbol>
      <symbol id="sm-1467">
         <name>TimerEnable</name>
         <value>0x8d47</value>
         <object_component_ref idref="oc-395"/>
      </symbol>
      <symbol id="sm-1468">
         <name>TimerIntEnable</name>
         <value>0x8df9</value>
         <object_component_ref idref="oc-389"/>
      </symbol>
      <symbol id="sm-1469">
         <name>TimerConfigure</name>
         <value>0x72a1</value>
         <object_component_ref idref="oc-371"/>
      </symbol>
      <symbol id="sm-146a">
         <name>TimerIntClear</name>
         <value>0x8e45</value>
         <object_component_ref idref="oc-52e"/>
      </symbol>
      <symbol id="sm-1474">
         <name>CPUcpsie</name>
         <value>0x8d63</value>
         <object_component_ref idref="oc-521"/>
      </symbol>
      <symbol id="sm-1475">
         <name>__TI_static_base__</name>
         <value>0x0</value>
      </symbol>
      <symbol id="sm-1478">
         <name>SHT$$INIT_ARRAY$$Limit</name>
         <value>0x0</value>
      </symbol>
      <symbol id="sm-1479">
         <name>SHT$$INIT_ARRAY$$Base</name>
         <value>0x0</value>
      </symbol>
   </symbol_table>
   <title>Link successful</title>
</link_info>
