<?xml version="1.0"?>
<link_info>
   <banner>TI ARM Linker Unix v16.9.4.LTS</banner>
   <copyright>Copyright (c) 1996-2017 Texas Instruments Incorporated</copyright>
   <link_time>0x5a2839d8</link_time>
   <link_errors>0x0</link_errors>
   <output_file>enet_lwip.out</output_file>
   <entry_point>
      <name>_c_int00</name>
      <address>0x55c9</address>
   </entry_point>
   <input_file_list>
      <input_file id="fl-2">
         <path>./</path>
         <kind>object</kind>
         <file>enet_fs.obj</file>
         <name>enet_fs.obj</name>
      </input_file>
      <input_file id="fl-3">
         <path>./</path>
         <kind>object</kind>
         <file>enet_lwip.obj</file>
         <name>enet_lwip.obj</name>
      </input_file>
      <input_file id="fl-4">
         <path>./</path>
         <kind>object</kind>
         <file>startup_ccs.obj</file>
         <name>startup_ccs.obj</name>
      </input_file>
      <input_file id="fl-5">
         <path>./</path>
         <kind>object</kind>
         <file>usr_adc.obj</file>
         <name>usr_adc.obj</name>
      </input_file>
      <input_file id="fl-6">
         <path>./</path>
         <kind>object</kind>
         <file>usr_eth.obj</file>
         <name>usr_eth.obj</name>
      </input_file>
      <input_file id="fl-7">
         <path>./</path>
         <kind>object</kind>
         <file>usr_pwm.obj</file>
         <name>usr_pwm.obj</name>
      </input_file>
      <input_file id="fl-8">
         <path>./</path>
         <kind>object</kind>
         <file>usr_timer.obj</file>
         <name>usr_timer.obj</name>
      </input_file>
      <input_file id="fl-9">
         <path>./drivers/</path>
         <kind>object</kind>
         <file>pinout.obj</file>
         <name>pinout.obj</name>
      </input_file>
      <input_file id="fl-a">
         <path>./third_party/fatfs/port/</path>
         <kind>object</kind>
         <file>mmc-ek-tm4c1294xl.obj</file>
         <name>mmc-ek-tm4c1294xl.obj</name>
      </input_file>
      <input_file id="fl-b">
         <path>./third_party/fatfs/src/</path>
         <kind>object</kind>
         <file>ff.obj</file>
         <name>ff.obj</name>
      </input_file>
      <input_file id="fl-c">
         <path>./third_party/lwip-1.4.1/apps/httpserver_raw/</path>
         <kind>object</kind>
         <file>httpd.obj</file>
         <name>httpd.obj</name>
      </input_file>
      <input_file id="fl-d">
         <path>./utils/</path>
         <kind>object</kind>
         <file>locator.obj</file>
         <name>locator.obj</name>
      </input_file>
      <input_file id="fl-e">
         <path>./utils/</path>
         <kind>object</kind>
         <file>lwiplib.obj</file>
         <name>lwiplib.obj</name>
      </input_file>
      <input_file id="fl-f">
         <path>./utils/</path>
         <kind>object</kind>
         <file>uartstdio.obj</file>
         <name>uartstdio.obj</name>
      </input_file>
      <input_file id="fl-10">
         <path>./utils/</path>
         <kind>object</kind>
         <file>ustdlib.obj</file>
         <name>ustdlib.obj</name>
      </input_file>
      <input_file id="fl-15">
         <kind>object</kind>
         <file>&lt;internal&gt;</file>
         <name>&lt;internal&gt;</name>
      </input_file>
      <input_file id="fl-cb">
         <path>/Applications/ti/ccsv7/tools/compiler/ti-cgt-arm_16.9.4.LTS/lib/</path>
         <kind>archive</kind>
         <file>rtsv7M4_T_le_v4SPD16_eabi.lib</file>
         <name>boot.obj</name>
      </input_file>
      <input_file id="fl-cc">
         <path>/Applications/ti/ccsv7/tools/compiler/ti-cgt-arm_16.9.4.LTS/lib/</path>
         <kind>archive</kind>
         <file>rtsv7M4_T_le_v4SPD16_eabi.lib</file>
         <name>copy_decompress_lzss.obj</name>
      </input_file>
      <input_file id="fl-cd">
         <path>/Applications/ti/ccsv7/tools/compiler/ti-cgt-arm_16.9.4.LTS/lib/</path>
         <kind>archive</kind>
         <file>rtsv7M4_T_le_v4SPD16_eabi.lib</file>
         <name>copy_decompress_none.obj</name>
      </input_file>
      <input_file id="fl-ce">
         <path>/Applications/ti/ccsv7/tools/compiler/ti-cgt-arm_16.9.4.LTS/lib/</path>
         <kind>archive</kind>
         <file>rtsv7M4_T_le_v4SPD16_eabi.lib</file>
         <name>copy_zero_init.obj</name>
      </input_file>
      <input_file id="fl-cf">
         <path>/Applications/ti/ccsv7/tools/compiler/ti-cgt-arm_16.9.4.LTS/lib/</path>
         <kind>archive</kind>
         <file>rtsv7M4_T_le_v4SPD16_eabi.lib</file>
         <name>exit.obj</name>
      </input_file>
      <input_file id="fl-d0">
         <path>/Applications/ti/ccsv7/tools/compiler/ti-cgt-arm_16.9.4.LTS/lib/</path>
         <kind>archive</kind>
         <file>rtsv7M4_T_le_v4SPD16_eabi.lib</file>
         <name>memcmp.obj</name>
      </input_file>
      <input_file id="fl-d1">
         <path>/Applications/ti/ccsv7/tools/compiler/ti-cgt-arm_16.9.4.LTS/lib/</path>
         <kind>archive</kind>
         <file>rtsv7M4_T_le_v4SPD16_eabi.lib</file>
         <name>memcpy_t2.obj</name>
      </input_file>
      <input_file id="fl-d2">
         <path>/Applications/ti/ccsv7/tools/compiler/ti-cgt-arm_16.9.4.LTS/lib/</path>
         <kind>archive</kind>
         <file>rtsv7M4_T_le_v4SPD16_eabi.lib</file>
         <name>memset_t2.obj</name>
      </input_file>
      <input_file id="fl-d3">
         <path>/Applications/ti/ccsv7/tools/compiler/ti-cgt-arm_16.9.4.LTS/lib/</path>
         <kind>archive</kind>
         <file>rtsv7M4_T_le_v4SPD16_eabi.lib</file>
         <name>mpu_init.obj</name>
      </input_file>
      <input_file id="fl-d4">
         <path>/Applications/ti/ccsv7/tools/compiler/ti-cgt-arm_16.9.4.LTS/lib/</path>
         <kind>archive</kind>
         <file>rtsv7M4_T_le_v4SPD16_eabi.lib</file>
         <name>pre_init.obj</name>
      </input_file>
      <input_file id="fl-d5">
         <path>/Applications/ti/ccsv7/tools/compiler/ti-cgt-arm_16.9.4.LTS/lib/</path>
         <kind>archive</kind>
         <file>rtsv7M4_T_le_v4SPD16_eabi.lib</file>
         <name>stkdepth_vars.obj</name>
      </input_file>
      <input_file id="fl-d6">
         <path>/Applications/ti/ccsv7/tools/compiler/ti-cgt-arm_16.9.4.LTS/lib/</path>
         <kind>archive</kind>
         <file>rtsv7M4_T_le_v4SPD16_eabi.lib</file>
         <name>strchr.obj</name>
      </input_file>
      <input_file id="fl-d7">
         <path>/Applications/ti/ccsv7/tools/compiler/ti-cgt-arm_16.9.4.LTS/lib/</path>
         <kind>archive</kind>
         <file>rtsv7M4_T_le_v4SPD16_eabi.lib</file>
         <name>strcmp.obj</name>
      </input_file>
      <input_file id="fl-d8">
         <path>/Applications/ti/ccsv7/tools/compiler/ti-cgt-arm_16.9.4.LTS/lib/</path>
         <kind>archive</kind>
         <file>rtsv7M4_T_le_v4SPD16_eabi.lib</file>
         <name>strcpy.obj</name>
      </input_file>
      <input_file id="fl-d9">
         <path>/Applications/ti/ccsv7/tools/compiler/ti-cgt-arm_16.9.4.LTS/lib/</path>
         <kind>archive</kind>
         <file>rtsv7M4_T_le_v4SPD16_eabi.lib</file>
         <name>strlen.obj</name>
      </input_file>
      <input_file id="fl-da">
         <path>/Applications/ti/ccsv7/tools/compiler/ti-cgt-arm_16.9.4.LTS/lib/</path>
         <kind>archive</kind>
         <file>rtsv7M4_T_le_v4SPD16_eabi.lib</file>
         <name>strncmp.obj</name>
      </input_file>
      <input_file id="fl-db">
         <path>/Applications/ti/ccsv7/tools/compiler/ti-cgt-arm_16.9.4.LTS/lib/</path>
         <kind>archive</kind>
         <file>rtsv7M4_T_le_v4SPD16_eabi.lib</file>
         <name>strstr.obj</name>
      </input_file>
      <input_file id="fl-dc">
         <path>/Applications/ti/ccsv7/tools/compiler/ti-cgt-arm_16.9.4.LTS/lib/</path>
         <kind>archive</kind>
         <file>rtsv7M4_T_le_v4SPD16_eabi.lib</file>
         <name>u_divt2.obj</name>
      </input_file>
      <input_file id="fl-dd">
         <path>/Applications/ti/ccsv7/tools/compiler/ti-cgt-arm_16.9.4.LTS/lib/</path>
         <kind>archive</kind>
         <file>rtsv7M4_T_le_v4SPD16_eabi.lib</file>
         <name>_lock.obj</name>
      </input_file>
      <input_file id="fl-de">
         <path>/Applications/ti/ccsv7/tools/compiler/ti-cgt-arm_16.9.4.LTS/lib/</path>
         <kind>archive</kind>
         <file>rtsv7M4_T_le_v4SPD16_eabi.lib</file>
         <name>args_main.obj</name>
      </input_file>
      <input_file id="fl-df">
         <path>/Applications/ti/ccsv7/tools/compiler/ti-cgt-arm_16.9.4.LTS/lib/</path>
         <kind>archive</kind>
         <file>rtsv7M4_T_le_v4SPD16_eabi.lib</file>
         <name>autoinit.obj</name>
      </input_file>
      <input_file id="fl-e0">
         <path>/Applications/ti/ccsv7/tools/compiler/ti-cgt-arm_16.9.4.LTS/lib/</path>
         <kind>archive</kind>
         <file>rtsv7M4_T_le_v4SPD16_eabi.lib</file>
         <name>cpy_tbl.obj</name>
      </input_file>
      <input_file id="fl-e1">
         <path>/Applications/ti/ccsv7/tools/compiler/ti-cgt-arm_16.9.4.LTS/lib/</path>
         <kind>archive</kind>
         <file>rtsv7M4_T_le_v4SPD16_eabi.lib</file>
         <name>i_div0.obj</name>
      </input_file>
      <input_file id="fl-e2">
         <path>/Applications/ti/ccsv7/tools/compiler/ti-cgt-arm_16.9.4.LTS/lib/</path>
         <kind>archive</kind>
         <file>rtsv7M4_T_le_v4SPD16_eabi.lib</file>
         <name>startup.obj</name>
      </input_file>
      <input_file id="fl-e3">
         <path>/Users/chentuofei/ti/TivaWare_C_Series-2.1.3.156/driverlib/ccs/Debug/</path>
         <kind>archive</kind>
         <file>driverlib.lib</file>
         <name>adc.obj</name>
      </input_file>
      <input_file id="fl-e4">
         <path>/Users/chentuofei/ti/TivaWare_C_Series-2.1.3.156/driverlib/ccs/Debug/</path>
         <kind>archive</kind>
         <file>driverlib.lib</file>
         <name>emac.obj</name>
      </input_file>
      <input_file id="fl-e5">
         <path>/Users/chentuofei/ti/TivaWare_C_Series-2.1.3.156/driverlib/ccs/Debug/</path>
         <kind>archive</kind>
         <file>driverlib.lib</file>
         <name>flash.obj</name>
      </input_file>
      <input_file id="fl-e6">
         <path>/Users/chentuofei/ti/TivaWare_C_Series-2.1.3.156/driverlib/ccs/Debug/</path>
         <kind>archive</kind>
         <file>driverlib.lib</file>
         <name>gpio.obj</name>
      </input_file>
      <input_file id="fl-e7">
         <path>/Users/chentuofei/ti/TivaWare_C_Series-2.1.3.156/driverlib/ccs/Debug/</path>
         <kind>archive</kind>
         <file>driverlib.lib</file>
         <name>interrupt.obj</name>
      </input_file>
      <input_file id="fl-e8">
         <path>/Users/chentuofei/ti/TivaWare_C_Series-2.1.3.156/driverlib/ccs/Debug/</path>
         <kind>archive</kind>
         <file>driverlib.lib</file>
         <name>pwm.obj</name>
      </input_file>
      <input_file id="fl-e9">
         <path>/Users/chentuofei/ti/TivaWare_C_Series-2.1.3.156/driverlib/ccs/Debug/</path>
         <kind>archive</kind>
         <file>driverlib.lib</file>
         <name>sw_crc.obj</name>
      </input_file>
      <input_file id="fl-ea">
         <path>/Users/chentuofei/ti/TivaWare_C_Series-2.1.3.156/driverlib/ccs/Debug/</path>
         <kind>archive</kind>
         <file>driverlib.lib</file>
         <name>sysctl.obj</name>
      </input_file>
      <input_file id="fl-eb">
         <path>/Users/chentuofei/ti/TivaWare_C_Series-2.1.3.156/driverlib/ccs/Debug/</path>
         <kind>archive</kind>
         <file>driverlib.lib</file>
         <name>systick.obj</name>
      </input_file>
      <input_file id="fl-ec">
         <path>/Users/chentuofei/ti/TivaWare_C_Series-2.1.3.156/driverlib/ccs/Debug/</path>
         <kind>archive</kind>
         <file>driverlib.lib</file>
         <name>timer.obj</name>
      </input_file>
      <input_file id="fl-ed">
         <path>/Users/chentuofei/ti/TivaWare_C_Series-2.1.3.156/driverlib/ccs/Debug/</path>
         <kind>archive</kind>
         <file>driverlib.lib</file>
         <name>cpu.obj</name>
      </input_file>
   </input_file_list>
   <object_component_list>
      <object_component id="oc-f">
         <name>.intvecs</name>
         <load_address>0x0</load_address>
         <run_address>0x0</run_address>
         <size>0x200</size>
         <input_file_ref idref="fl-4"/>
      </object_component>
      <object_component id="oc-75f">
         <name>.text:tcp_receive</name>
         <load_address>0x200</load_address>
         <run_address>0x200</run_address>
         <size>0x7c0</size>
         <input_file_ref idref="fl-e"/>
      </object_component>
      <object_component id="oc-53e">
         <name>.text:tcp_input</name>
         <load_address>0x9c0</load_address>
         <run_address>0x9c0</run_address>
         <size>0x3b0</size>
         <input_file_ref idref="fl-e"/>
      </object_component>
      <object_component id="oc-680">
         <name>.text:tcp_process</name>
         <load_address>0xd70</load_address>
         <run_address>0xd70</run_address>
         <size>0x3b0</size>
         <input_file_ref idref="fl-e"/>
      </object_component>
      <object_component id="oc-736">
         <name>.text:tcp_write</name>
         <load_address>0x1120</load_address>
         <run_address>0x1120</run_address>
         <size>0x2ec</size>
         <input_file_ref idref="fl-e"/>
      </object_component>
      <object_component id="oc-26d">
         <name>.text:tcp_slowtmr</name>
         <load_address>0x140c</load_address>
         <run_address>0x140c</run_address>
         <size>0x2c8</size>
         <input_file_ref idref="fl-e"/>
      </object_component>
      <object_component id="oc-556">
         <name>.text:uvsnprintf</name>
         <load_address>0x16d4</load_address>
         <run_address>0x16d4</run_address>
         <size>0x24d</size>
         <input_file_ref idref="fl-10"/>
      </object_component>
      <object_component id="oc-37">
         <name>.text:FaultISR</name>
         <load_address>0x1922</load_address>
         <run_address>0x1922</run_address>
         <size>0x2</size>
         <input_file_ref idref="fl-4"/>
      </object_component>
      <object_component id="oc-1c0">
         <name>.text:PinoutSet</name>
         <load_address>0x1924</load_address>
         <run_address>0x1924</run_address>
         <size>0x218</size>
         <input_file_ref idref="fl-9"/>
      </object_component>
      <object_component id="oc-1ba">
         <name>.text:SysCtlClockFreqSet</name>
         <load_address>0x1b3c</load_address>
         <run_address>0x1b3c</run_address>
         <size>0x1ec</size>
         <input_file_ref idref="fl-ea"/>
      </object_component>
      <object_component id="oc-2b1">
         <name>.text:UARTvprintf</name>
         <load_address>0x1d28</load_address>
         <run_address>0x1d28</run_address>
         <size>0x1ea</size>
         <input_file_ref idref="fl-f"/>
      </object_component>
      <object_component id="oc-3d">
         <name>.text:IntDefaultHandler</name>
         <load_address>0x1f12</load_address>
         <run_address>0x1f12</run_address>
         <size>0x2</size>
         <input_file_ref idref="fl-4"/>
      </object_component>
      <object_component id="oc-3ac">
         <name>.text:ip_input</name>
         <load_address>0x1f14</load_address>
         <run_address>0x1f14</run_address>
         <size>0x1a8</size>
         <input_file_ref idref="fl-e"/>
      </object_component>
      <object_component id="oc-538">
         <name>.text:udp_input</name>
         <load_address>0x20bc</load_address>
         <run_address>0x20bc</run_address>
         <size>0x194</size>
         <input_file_ref idref="fl-e"/>
      </object_component>
      <object_component id="oc-3d4">
         <name>.text:tcp_output</name>
         <load_address>0x2250</load_address>
         <run_address>0x2250</run_address>
         <size>0x190</size>
         <input_file_ref idref="fl-e"/>
      </object_component>
      <object_component id="oc-544">
         <name>.text:icmp_input</name>
         <load_address>0x23e0</load_address>
         <run_address>0x23e0</run_address>
         <size>0x184</size>
         <input_file_ref idref="fl-e"/>
      </object_component>
      <object_component id="oc-2dc">
         <name>.text:start_application</name>
         <load_address>0x2564</load_address>
         <run_address>0x2564</run_address>
         <size>0x15c</size>
         <input_file_ref idref="fl-6"/>
      </object_component>
      <object_component id="oc-77a">
         <name>.text:tcp_close_shutdown</name>
         <load_address>0x26c0</load_address>
         <run_address>0x26c0</run_address>
         <size>0x148</size>
         <input_file_ref idref="fl-e"/>
      </object_component>
      <object_component id="oc-113">
         <name>.text:tivaif_receive</name>
         <load_address>0x2808</load_address>
         <run_address>0x2808</run_address>
         <size>0x140</size>
         <input_file_ref idref="fl-e"/>
      </object_component>
      <object_component id="oc-247">
         <name>.text:pbuf_alloc</name>
         <load_address>0x2948</load_address>
         <run_address>0x2948</run_address>
         <size>0x13a</size>
         <input_file_ref idref="fl-e"/>
      </object_component>
      <object_component id="oc-29c">
         <name>.text:GPIOPadConfigSet</name>
         <load_address>0x2a82</load_address>
         <run_address>0x2a82</run_address>
         <size>0x132</size>
         <input_file_ref idref="fl-e6"/>
      </object_component>
      <object_component id="oc-3a0">
         <name>.text:etharp_arp_input</name>
         <load_address>0x2bb4</load_address>
         <run_address>0x2bb4</run_address>
         <size>0x124</size>
         <input_file_ref idref="fl-e"/>
      </object_component>
      <object_component id="oc-6f6">
         <name>.text:etharp_output</name>
         <load_address>0x2cd8</load_address>
         <run_address>0x2cd8</run_address>
         <size>0x118</size>
         <input_file_ref idref="fl-e"/>
      </object_component>
      <object_component id="oc-617">
         <name>.text:eth_send</name>
         <load_address>0x2df0</load_address>
         <run_address>0x2df0</run_address>
         <size>0x114</size>
         <input_file_ref idref="fl-6"/>
      </object_component>
      <object_component id="oc-7f9">
         <name>.text:etharp_query</name>
         <load_address>0x2f04</load_address>
         <run_address>0x2f04</run_address>
         <size>0x114</size>
         <input_file_ref idref="fl-e"/>
      </object_component>
      <object_component id="oc-674">
         <name>.text:tcp_listen_input</name>
         <load_address>0x3018</load_address>
         <run_address>0x3018</run_address>
         <size>0x114</size>
         <input_file_ref idref="fl-e"/>
      </object_component>
      <object_component id="oc-6fc">
         <name>.text:tivaif_transmit</name>
         <load_address>0x312c</load_address>
         <run_address>0x312c</run_address>
         <size>0x100</size>
         <input_file_ref idref="fl-e"/>
      </object_component>
      <object_component id="oc-3c2">
         <name>.text:mem_malloc</name>
         <load_address>0x322c</load_address>
         <run_address>0x322c</run_address>
         <size>0xf8</size>
         <input_file_ref idref="fl-e"/>
      </object_component>
      <object_component id="oc-497">
         <name>.text:tcp_connect</name>
         <load_address>0x3324</load_address>
         <run_address>0x3324</run_address>
         <size>0xf8</size>
         <input_file_ref idref="fl-e"/>
      </object_component>
      <object_component id="oc-662">
         <name>.text:mem_trim</name>
         <load_address>0x341c</load_address>
         <run_address>0x341c</run_address>
         <size>0xec</size>
         <input_file_ref idref="fl-e"/>
      </object_component>
      <object_component id="oc-2d6">
         <name>.text:lwIPInit</name>
         <load_address>0x3508</load_address>
         <run_address>0x3508</run_address>
         <size>0xe4</size>
         <input_file_ref idref="fl-e"/>
      </object_component>
      <object_component id="oc-654">
         <name>.text:etharp_find_entry</name>
         <load_address>0x35ec</load_address>
         <run_address>0x35ec</run_address>
         <size>0xe0</size>
         <input_file_ref idref="fl-e"/>
      </object_component>
      <object_component id="oc-119">
         <name>.text:lwIPHostTimerHandler</name>
         <load_address>0x36cc</load_address>
         <run_address>0x36cc</run_address>
         <size>0xdc</size>
         <input_file_ref idref="fl-3"/>
      </object_component>
      <object_component id="oc-e8">
         <name>.text:main</name>
         <load_address>0x37a8</load_address>
         <run_address>0x37a8</run_address>
         <size>0xd0</size>
         <input_file_ref idref="fl-3"/>
      </object_component>
      <object_component id="oc-5de">
         <name>.text:tcp_alloc</name>
         <load_address>0x3878</load_address>
         <run_address>0x3878</run_address>
         <size>0xd0</size>
         <input_file_ref idref="fl-e"/>
      </object_component>
      <object_component id="oc-1d8">
         <name>.text:pwm_init</name>
         <load_address>0x3948</load_address>
         <run_address>0x3948</run_address>
         <size>0xcc</size>
         <input_file_ref idref="fl-7"/>
      </object_component>
      <object_component id="oc-7ba">
         <name>.text:InitDMADescriptors</name>
         <load_address>0x3a14</load_address>
         <run_address>0x3a14</run_address>
         <size>0xc4</size>
         <input_file_ref idref="fl-e"/>
      </object_component>
      <object_component id="oc-1d2">
         <name>.text:eth_init</name>
         <load_address>0x3ad8</load_address>
         <run_address>0x3ad8</run_address>
         <size>0xc4</size>
         <input_file_ref idref="fl-6"/>
      </object_component>
      <object_component id="oc-4f9">
         <name>.text:etharp_raw</name>
         <load_address>0x3b9c</load_address>
         <run_address>0x3b9c</run_address>
         <size>0xc4</size>
         <input_file_ref idref="fl-e"/>
      </object_component>
      <object_component id="oc-564">
         <name>.text:tcp_output_segment</name>
         <load_address>0x3c60</load_address>
         <run_address>0x3c60</run_address>
         <size>0xc0</size>
         <input_file_ref idref="fl-e"/>
      </object_component>
      <object_component id="oc-722">
         <name>.text:tcp_create_segment</name>
         <load_address>0x3d20</load_address>
         <run_address>0x3d20</run_address>
         <size>0xbc</size>
         <input_file_ref idref="fl-e"/>
      </object_component>
      <object_component id="oc-6ed">
         <name>.text:tivaif_hwinit</name>
         <load_address>0x3ddc</load_address>
         <run_address>0x3ddc</run_address>
         <size>0xbc</size>
         <input_file_ref idref="fl-e"/>
      </object_component>
      <object_component id="oc-241">
         <name>.text:ethernet_input</name>
         <load_address>0x3e98</load_address>
         <run_address>0x3e98</run_address>
         <size>0xac</size>
         <input_file_ref idref="fl-e"/>
      </object_component>
      <object_component id="oc-607">
         <name>.text:tcp_enqueue_flags</name>
         <load_address>0x3f44</load_address>
         <run_address>0x3f44</run_address>
         <size>0xa8</size>
         <input_file_ref idref="fl-e"/>
      </object_component>
      <object_component id="oc-61e">
         <name>.text:recv_callback</name>
         <load_address>0x3fec</load_address>
         <run_address>0x3fec</run_address>
         <size>0xa5</size>
         <input_file_ref idref="fl-6"/>
      </object_component>
      <object_component id="oc-31">
         <name>.text:NmiSR</name>
         <load_address>0x4092</load_address>
         <run_address>0x4092</run_address>
         <size>0x2</size>
         <input_file_ref idref="fl-4"/>
      </object_component>
      <object_component id="oc-1e4">
         <name>.text:adc_init</name>
         <load_address>0x4094</load_address>
         <run_address>0x4094</run_address>
         <size>0xa4</size>
         <input_file_ref idref="fl-5"/>
      </object_component>
      <object_component id="oc-6a3">
         <name>.text:ip_output_if</name>
         <load_address>0x4138</load_address>
         <run_address>0x4138</run_address>
         <size>0xa4</size>
         <input_file_ref idref="fl-e"/>
      </object_component>
      <object_component id="oc-368">
         <name>.text:Timer0AIntHandler</name>
         <load_address>0x41dc</load_address>
         <run_address>0x41dc</run_address>
         <size>0xa0</size>
         <input_file_ref idref="fl-8"/>
      </object_component>
      <object_component id="oc-5d">
         <name>.text</name>
         <load_address>0x427c</load_address>
         <run_address>0x427c</run_address>
         <size>0x9c</size>
         <input_file_ref idref="fl-d1"/>
      </object_component>
      <object_component id="oc-69d">
         <name>.text:pbuf_copy</name>
         <load_address>0x4318</load_address>
         <run_address>0x4318</run_address>
         <size>0x92</size>
         <input_file_ref idref="fl-e"/>
      </object_component>
      <object_component id="oc-5a3">
         <name>.text</name>
         <load_address>0x43aa</load_address>
         <run_address>0x43aa</run_address>
         <size>0x2</size>
         <input_file_ref idref="fl-e1"/>
      </object_component>
      <object_component id="oc-757">
         <name>.text:tcp_abandon</name>
         <load_address>0x43ac</load_address>
         <run_address>0x43ac</run_address>
         <size>0x90</size>
         <input_file_ref idref="fl-e"/>
      </object_component>
      <object_component id="oc-3e9">
         <name>.text:tcp_zero_window_probe</name>
         <load_address>0x443c</load_address>
         <run_address>0x443c</run_address>
         <size>0x8c</size>
         <input_file_ref idref="fl-e"/>
      </object_component>
      <object_component id="oc-67a">
         <name>.text:tcp_timewait_input</name>
         <load_address>0x44c8</load_address>
         <run_address>0x44c8</run_address>
         <size>0x84</size>
         <input_file_ref idref="fl-e"/>
      </object_component>
      <object_component id="oc-472">
         <name>.text:lwIPPrivateInit</name>
         <load_address>0x454c</load_address>
         <run_address>0x454c</run_address>
         <size>0x80</size>
         <input_file_ref idref="fl-e"/>
      </object_component>
      <object_component id="oc-751">
         <name>.text:tcp_parseopt</name>
         <load_address>0x45cc</load_address>
         <run_address>0x45cc</run_address>
         <size>0x80</size>
         <input_file_ref idref="fl-e"/>
      </object_component>
      <object_component id="oc-485">
         <name>.text:tcp_bind</name>
         <load_address>0x464c</load_address>
         <run_address>0x464c</run_address>
         <size>0x7c</size>
         <input_file_ref idref="fl-e"/>
      </object_component>
      <object_component id="oc-401">
         <name>.text:tcp_rst</name>
         <load_address>0x46c8</load_address>
         <run_address>0x46c8</run_address>
         <size>0x7c</size>
         <input_file_ref idref="fl-e"/>
      </object_component>
      <object_component id="oc-107">
         <name>.text:tivaif_process_phy_interrupt</name>
         <load_address>0x4744</load_address>
         <run_address>0x4744</run_address>
         <size>0x7c</size>
         <input_file_ref idref="fl-e"/>
      </object_component>
      <object_component id="oc-330">
         <name>.text:ADCSequenceStepConfigure</name>
         <load_address>0x47c0</load_address>
         <run_address>0x47c0</run_address>
         <size>0x7a</size>
         <input_file_ref idref="fl-e3"/>
      </object_component>
      <object_component id="oc-69">
         <name>.text</name>
         <load_address>0x483a</load_address>
         <run_address>0x483a</run_address>
         <size>0x7a</size>
         <input_file_ref idref="fl-d2"/>
      </object_component>
      <object_component id="oc-46c">
         <name>.text:EMACInit</name>
         <load_address>0x48b4</load_address>
         <run_address>0x48b4</run_address>
         <size>0x78</size>
         <input_file_ref idref="fl-e4"/>
      </object_component>
      <object_component id="oc-837">
         <name>.text:tcp_oos_insert_segment</name>
         <load_address>0x492c</load_address>
         <run_address>0x492c</run_address>
         <size>0x78</size>
         <input_file_ref idref="fl-e"/>
      </object_component>
      <object_component id="oc-1ea">
         <name>.text:timer_init</name>
         <load_address>0x49a4</load_address>
         <run_address>0x49a4</run_address>
         <size>0x78</size>
         <input_file_ref idref="fl-8"/>
      </object_component>
      <object_component id="oc-512">
         <name>.text:etharp_update_arp_entry</name>
         <load_address>0x4a1c</load_address>
         <run_address>0x4a1c</run_address>
         <size>0x74</size>
         <input_file_ref idref="fl-e"/>
      </object_component>
      <object_component id="oc-52c">
         <name>.text:raw_input</name>
         <load_address>0x4a90</load_address>
         <run_address>0x4a90</run_address>
         <size>0x74</size>
         <input_file_ref idref="fl-e"/>
      </object_component>
      <object_component id="oc-81">
         <name>.text</name>
         <load_address>0x4b04</load_address>
         <run_address>0x4b04</run_address>
         <size>0x70</size>
         <input_file_ref idref="fl-df"/>
      </object_component>
      <object_component id="oc-267">
         <name>.text:tcp_fasttmr</name>
         <load_address>0x4b74</load_address>
         <run_address>0x4b74</run_address>
         <size>0x70</size>
         <input_file_ref idref="fl-e"/>
      </object_component>
      <object_component id="oc-4ea">
         <name>.text:LEDWrite</name>
         <load_address>0x4be4</load_address>
         <run_address>0x4be4</run_address>
         <size>0x6c</size>
         <input_file_ref idref="fl-9"/>
      </object_component>
      <object_component id="oc-66b">
         <name>.text:icmp_send_response</name>
         <load_address>0x4c50</load_address>
         <run_address>0x4c50</run_address>
         <size>0x6c</size>
         <input_file_ref idref="fl-e"/>
      </object_component>
      <object_component id="oc-6d6">
         <name>.text:memp_init</name>
         <load_address>0x4cbc</load_address>
         <run_address>0x4cbc</run_address>
         <size>0x6c</size>
         <input_file_ref idref="fl-e"/>
      </object_component>
      <object_component id="oc-35c">
         <name>.text:IntEnable</name>
         <load_address>0x4d28</load_address>
         <run_address>0x4d28</run_address>
         <size>0x68</size>
         <input_file_ref idref="fl-e7"/>
      </object_component>
      <object_component id="oc-12">
         <name>.text:decompress:lzss</name>
         <load_address>0x4d90</load_address>
         <run_address>0x4d90</run_address>
         <size>0x68</size>
         <input_file_ref idref="fl-cc"/>
      </object_component>
      <object_component id="oc-770">
         <name>.text:lwip_standard_chksum</name>
         <load_address>0x4df8</load_address>
         <run_address>0x4df8</run_address>
         <size>0x68</size>
         <input_file_ref idref="fl-e"/>
      </object_component>
      <object_component id="oc-580">
         <name>.text:pbuf_copy_partial</name>
         <load_address>0x4e60</load_address>
         <run_address>0x4e60</run_address>
         <size>0x68</size>
         <input_file_ref idref="fl-e"/>
      </object_component>
      <object_component id="oc-711">
         <name>.text:sys_timeout</name>
         <load_address>0x4ec8</load_address>
         <run_address>0x4ec8</run_address>
         <size>0x68</size>
         <input_file_ref idref="fl-e"/>
      </object_component>
      <object_component id="oc-57a">
         <name>.text:tcp_output_alloc_header</name>
         <load_address>0x4f30</load_address>
         <run_address>0x4f30</run_address>
         <size>0x68</size>
         <input_file_ref idref="fl-e"/>
      </object_component>
      <object_component id="oc-3da">
         <name>.text:tcp_process_refused_data</name>
         <load_address>0x4f98</load_address>
         <run_address>0x4f98</run_address>
         <size>0x68</size>
         <input_file_ref idref="fl-e"/>
      </object_component>
      <object_component id="oc-38c">
         <name>.text:mem_free</name>
         <load_address>0x5000</load_address>
         <run_address>0x5000</run_address>
         <size>0x64</size>
         <input_file_ref idref="fl-e"/>
      </object_component>
      <object_component id="oc-505">
         <name>.text:plug_holes</name>
         <load_address>0x5064</load_address>
         <run_address>0x5064</run_address>
         <size>0x64</size>
         <input_file_ref idref="fl-e"/>
      </object_component>
      <object_component id="oc-3a6">
         <name>.text:pbuf_header</name>
         <load_address>0x50c8</load_address>
         <run_address>0x50c8</run_address>
         <size>0x62</size>
         <input_file_ref idref="fl-e"/>
      </object_component>
      <object_component id="oc-75">
         <name>.text</name>
         <load_address>0x512a</load_address>
         <run_address>0x512a</run_address>
         <size>0x2</size>
         <input_file_ref idref="fl-d3"/>
      </object_component>
      <object_component id="oc-33e">
         <name>.text:TimerConfigure</name>
         <load_address>0x512c</load_address>
         <run_address>0x512c</run_address>
         <size>0x60</size>
         <input_file_ref idref="fl-ec"/>
      </object_component>
      <object_component id="oc-2aa">
         <name>.text:UARTStdioConfig</name>
         <load_address>0x518c</load_address>
         <run_address>0x518c</run_address>
         <size>0x60</size>
         <input_file_ref idref="fl-f"/>
      </object_component>
      <object_component id="oc-1c6">
         <name>.text:ConfigureUART</name>
         <load_address>0x51ec</load_address>
         <run_address>0x51ec</run_address>
         <size>0x5c</size>
         <input_file_ref idref="fl-3"/>
      </object_component>
      <object_component id="oc-49">
         <name>.text:lwIPEthernetIntHandler</name>
         <load_address>0x5248</load_address>
         <run_address>0x5248</run_address>
         <size>0x5c</size>
         <input_file_ref idref="fl-e"/>
      </object_component>
      <object_component id="oc-6d0">
         <name>.text:mem_init</name>
         <load_address>0x52a4</load_address>
         <run_address>0x52a4</run_address>
         <size>0x5c</size>
         <input_file_ref idref="fl-e"/>
      </object_component>
      <object_component id="oc-7a1">
         <name>.text:netif_set_ipaddr</name>
         <load_address>0x5300</load_address>
         <run_address>0x5300</run_address>
         <size>0x5c</size>
         <input_file_ref idref="fl-e"/>
      </object_component>
      <object_component id="oc-68c">
         <name>.text:tcp_pcb_remove</name>
         <load_address>0x535c</load_address>
         <run_address>0x535c</run_address>
         <size>0x5c</size>
         <input_file_ref idref="fl-e"/>
      </object_component>
      <object_component id="oc-520">
         <name>.text:pbuf_realloc</name>
         <load_address>0x53b8</load_address>
         <run_address>0x53b8</run_address>
         <size>0x5a</size>
         <input_file_ref idref="fl-e"/>
      </object_component>
      <object_component id="oc-e0">
         <name>.text</name>
         <load_address>0x5412</load_address>
         <run_address>0x5412</run_address>
         <size>0x2</size>
         <input_file_ref idref="fl-e2"/>
      </object_component>
      <object_component id="oc-32a">
         <name>.text:ADCSequenceConfigure</name>
         <load_address>0x5414</load_address>
         <run_address>0x5414</run_address>
         <size>0x58</size>
         <input_file_ref idref="fl-e3"/>
      </object_component>
      <object_component id="oc-466">
         <name>.text:EMACPHYConfigSet</name>
         <load_address>0x546c</load_address>
         <run_address>0x546c</run_address>
         <size>0x58</size>
         <input_file_ref idref="fl-e4"/>
      </object_component>
      <object_component id="oc-3b6">
         <name>.text:memp_malloc</name>
         <load_address>0x54c4</load_address>
         <run_address>0x54c4</run_address>
         <size>0x58</size>
         <input_file_ref idref="fl-e"/>
      </object_component>
      <object_component id="oc-765">
         <name>.text:tcp_rexmit</name>
         <load_address>0x551c</load_address>
         <run_address>0x551c</run_address>
         <size>0x56</size>
         <input_file_ref idref="fl-e"/>
      </object_component>
      <object_component id="oc-4a2">
         <name>.text:accept_callback</name>
         <load_address>0x5574</load_address>
         <run_address>0x5574</run_address>
         <size>0x54</size>
         <input_file_ref idref="fl-6"/>
      </object_component>
      <object_component id="oc-24">
         <name>.text</name>
         <load_address>0x55c8</load_address>
         <run_address>0x55c8</run_address>
         <size>0x54</size>
         <input_file_ref idref="fl-cb"/>
      </object_component>
      <object_component id="oc-8d">
         <name>.text</name>
         <load_address>0x561c</load_address>
         <run_address>0x561c</run_address>
         <size>0x54</size>
         <input_file_ref idref="fl-cf"/>
      </object_component>
      <object_component id="oc-5e6">
         <name>.text:tcp_new_port</name>
         <load_address>0x5670</load_address>
         <run_address>0x5670</run_address>
         <size>0x54</size>
         <input_file_ref idref="fl-e"/>
      </object_component>
      <object_component id="oc-821">
         <name>.text:tcp_pbuf_prealloc</name>
         <load_address>0x56c4</load_address>
         <run_address>0x56c4</run_address>
         <size>0x52</size>
         <input_file_ref idref="fl-e"/>
      </object_component>
      <object_component id="oc-10d">
         <name>.text:tivaif_process_transmit</name>
         <load_address>0x5716</load_address>
         <run_address>0x5716</run_address>
         <size>0x52</size>
         <input_file_ref idref="fl-e"/>
      </object_component>
      <object_component id="oc-5ae">
         <name>.text:SysCtlPeripheralReset</name>
         <load_address>0x5768</load_address>
         <run_address>0x5768</run_address>
         <size>0x50</size>
         <input_file_ref idref="fl-ea"/>
      </object_component>
      <object_component id="oc-ae">
         <name>.text:lwIPServiceTimers</name>
         <load_address>0x57b8</load_address>
         <run_address>0x57b8</run_address>
         <size>0x50</size>
         <input_file_ref idref="fl-e"/>
      </object_component>
      <object_component id="oc-5c5">
         <name>.text:netif_add</name>
         <load_address>0x5808</load_address>
         <run_address>0x5808</run_address>
         <size>0x50</size>
         <input_file_ref idref="fl-e"/>
      </object_component>
      <object_component id="oc-81b">
         <name>.text:tcp_write_checks</name>
         <load_address>0x5858</load_address>
         <run_address>0x5858</run_address>
         <size>0x50</size>
         <input_file_ref idref="fl-e"/>
      </object_component>
      <object_component id="oc-697">
         <name>.text:inet_chksum_pbuf</name>
         <load_address>0x58a8</load_address>
         <run_address>0x58a8</run_address>
         <size>0x4e</size>
         <input_file_ref idref="fl-e"/>
      </object_component>
      <object_component id="oc-234">
         <name>.text:pbuf_free</name>
         <load_address>0x58f6</load_address>
         <run_address>0x58f6</run_address>
         <size>0x4e</size>
         <input_file_ref idref="fl-e"/>
      </object_component>
      <object_component id="oc-4ca">
         <name>.text:_TimerIntNumberGet</name>
         <load_address>0x5944</load_address>
         <run_address>0x5944</run_address>
         <size>0x4c</size>
         <input_file_ref idref="fl-ec"/>
      </object_component>
      <object_component id="oc-7f3">
         <name>.text:etharp_output_to_arp_index</name>
         <load_address>0x5990</load_address>
         <run_address>0x5990</run_address>
         <size>0x4c</size>
         <input_file_ref idref="fl-e"/>
      </object_component>
      <object_component id="oc-5f9">
         <name>.text:ip_route</name>
         <load_address>0x59dc</load_address>
         <run_address>0x59dc</run_address>
         <size>0x4c</size>
         <input_file_ref idref="fl-e"/>
      </object_component>
      <object_component id="oc-da">
         <name>.text</name>
         <load_address>0x5a28</load_address>
         <run_address>0x5a28</run_address>
         <size>0x4c</size>
         <input_file_ref idref="fl-e0"/>
      </object_component>
      <object_component id="oc-a8">
         <name>.text:tivaif_interrupt</name>
         <load_address>0x5a74</load_address>
         <run_address>0x5a74</run_address>
         <size>0x4c</size>
         <input_file_ref idref="fl-e"/>
      </object_component>
      <object_component id="oc-2f7">
         <name>.text:GPIOPinConfigure</name>
         <load_address>0x5ac0</load_address>
         <run_address>0x5ac0</run_address>
         <size>0x48</size>
         <input_file_ref idref="fl-e6"/>
      </object_component>
      <object_component id="oc-452">
         <name>.text:UARTwrite</name>
         <load_address>0x5b08</load_address>
         <run_address>0x5b08</run_address>
         <size>0x48</size>
         <input_file_ref idref="fl-f"/>
      </object_component>
      <object_component id="oc-28c">
         <name>.text:_SysCtlFrequencyGet</name>
         <load_address>0x5b50</load_address>
         <run_address>0x5b50</run_address>
         <size>0x48</size>
         <input_file_ref idref="fl-ea"/>
      </object_component>
      <object_component id="oc-586">
         <name>.text:ip_output</name>
         <load_address>0x5b98</load_address>
         <run_address>0x5b98</run_address>
         <size>0x48</size>
         <input_file_ref idref="fl-e"/>
      </object_component>
      <object_component id="oc-709">
         <name>.text:tcp_kill_prio</name>
         <load_address>0x5be0</load_address>
         <run_address>0x5be0</run_address>
         <size>0x48</size>
         <input_file_ref idref="fl-e"/>
      </object_component>
      <object_component id="oc-82b">
         <name>.text:tcp_rexmit_fast</name>
         <load_address>0x5c28</load_address>
         <run_address>0x5c28</run_address>
         <size>0x48</size>
         <input_file_ref idref="fl-e"/>
      </object_component>
      <object_component id="oc-806">
         <name>.text:tivaif_check_pbuf</name>
         <load_address>0x5c70</load_address>
         <run_address>0x5c70</run_address>
         <size>0x48</size>
         <input_file_ref idref="fl-e"/>
      </object_component>
      <object_component id="oc-55e">
         <name>.text:tcp_send_empty_ack</name>
         <load_address>0x5cb8</load_address>
         <run_address>0x5cb8</run_address>
         <size>0x46</size>
         <input_file_ref idref="fl-e"/>
      </object_component>
      <object_component id="oc-840">
         <name>.text:tcp_send_fin</name>
         <load_address>0x5cfe</load_address>
         <run_address>0x5cfe</run_address>
         <size>0x46</size>
         <input_file_ref idref="fl-e"/>
      </object_component>
      <object_component id="oc-3ef">
         <name>.text:tcp_keepalive</name>
         <load_address>0x5d44</load_address>
         <run_address>0x5d44</run_address>
         <size>0x44</size>
         <input_file_ref idref="fl-e"/>
      </object_component>
      <object_component id="oc-3fb">
         <name>.text:tcp_pcb_purge</name>
         <load_address>0x5d88</load_address>
         <run_address>0x5d88</run_address>
         <size>0x42</size>
         <input_file_ref idref="fl-e"/>
      </object_component>
      <object_component id="oc-11f">
         <name>.text:etharp_tmr</name>
         <load_address>0x5dcc</load_address>
         <run_address>0x5dcc</run_address>
         <size>0x40</size>
         <input_file_ref idref="fl-e"/>
      </object_component>
      <object_component id="oc-458">
         <name>.text</name>
         <load_address>0x5e0c</load_address>
         <run_address>0x5e0c</run_address>
         <size>0x40</size>
         <input_file_ref idref="fl-dc"/>
      </object_component>
      <object_component id="oc-7e4">
         <name>.text:EMACIntEnable</name>
         <load_address>0x5e4c</load_address>
         <run_address>0x5e4c</run_address>
         <size>0x3a</size>
         <input_file_ref idref="fl-e4"/>
      </object_component>
      <object_component id="oc-254">
         <name>.text:DisplayIPAddress</name>
         <load_address>0x5e88</load_address>
         <run_address>0x5e88</run_address>
         <size>0x38</size>
         <input_file_ref idref="fl-3"/>
      </object_component>
      <object_component id="oc-22d">
         <name>.text:EMACConfigSet</name>
         <load_address>0x5ec0</load_address>
         <run_address>0x5ec0</run_address>
         <size>0x38</size>
         <input_file_ref idref="fl-e4"/>
      </object_component>
      <object_component id="oc-2f1">
         <name>.text:SysCtlPeripheralReady</name>
         <load_address>0x5ef8</load_address>
         <run_address>0x5ef8</run_address>
         <size>0x38</size>
         <input_file_ref idref="fl-ea"/>
      </object_component>
      <object_component id="oc-392">
         <name>.text:memp_free</name>
         <load_address>0x5f30</load_address>
         <run_address>0x5f30</run_address>
         <size>0x38</size>
         <input_file_ref idref="fl-e"/>
      </object_component>
      <object_component id="oc-1de">
         <name>.text:pwm_duty_set</name>
         <load_address>0x5f68</load_address>
         <run_address>0x5f68</run_address>
         <size>0x38</size>
         <input_file_ref idref="fl-7"/>
      </object_component>
      <object_component id="oc-717">
         <name>.text:tcpip_tcp_timer</name>
         <load_address>0x5fa0</load_address>
         <run_address>0x5fa0</run_address>
         <size>0x38</size>
         <input_file_ref idref="fl-e"/>
      </object_component>
      <object_component id="oc-227">
         <name>.text:EMACConfigGet</name>
         <load_address>0x5fd8</load_address>
         <run_address>0x5fd8</run_address>
         <size>0x34</size>
         <input_file_ref idref="fl-e4"/>
      </object_component>
      <object_component id="oc-7d2">
         <name>.text:EMACIntClear</name>
         <load_address>0x600c</load_address>
         <run_address>0x600c</run_address>
         <size>0x34</size>
         <input_file_ref idref="fl-e4"/>
      </object_component>
      <object_component id="oc-4d0">
         <name>.text:IntRegister</name>
         <load_address>0x6040</load_address>
         <run_address>0x6040</run_address>
         <size>0x34</size>
         <input_file_ref idref="fl-e7"/>
      </object_component>
      <object_component id="oc-2eb">
         <name>.text:SysCtlPeripheralEnable</name>
         <load_address>0x6074</load_address>
         <run_address>0x6074</run_address>
         <size>0x34</size>
         <input_file_ref idref="fl-ea"/>
      </object_component>
      <object_component id="oc-703">
         <name>.text:tcp_kill_timewait</name>
         <load_address>0x60a8</load_address>
         <run_address>0x60a8</run_address>
         <size>0x34</size>
         <input_file_ref idref="fl-e"/>
      </object_component>
      <object_component id="oc-5ec">
         <name>.text:tcp_timer_needed</name>
         <load_address>0x60dc</load_address>
         <run_address>0x60dc</run_address>
         <size>0x34</size>
         <input_file_ref idref="fl-e"/>
      </object_component>
      <object_component id="oc-5d7">
         <name>.text:tivaif_init</name>
         <load_address>0x6110</load_address>
         <run_address>0x6110</run_address>
         <size>0x34</size>
         <input_file_ref idref="fl-e"/>
      </object_component>
      <object_component id="oc-526">
         <name>.text:ip4_addr_isbroadcast</name>
         <load_address>0x6144</load_address>
         <run_address>0x6144</run_address>
         <size>0x32</size>
         <input_file_ref idref="fl-e"/>
      </object_component>
      <object_component id="oc-6c1">
         <name>.text:tcp_recved</name>
         <load_address>0x6176</load_address>
         <run_address>0x6176</run_address>
         <size>0x32</size>
         <input_file_ref idref="fl-e"/>
      </object_component>
      <object_component id="oc-781">
         <name>.text:tcp_update_rcv_ann_wnd</name>
         <load_address>0x61a8</load_address>
         <run_address>0x61a8</run_address>
         <size>0x30</size>
         <input_file_ref idref="fl-e"/>
      </object_component>
      <object_component id="oc-3e3">
         <name>.text:tcp_rexmit_rto</name>
         <load_address>0x61d8</load_address>
         <run_address>0x61d8</run_address>
         <size>0x2e</size>
         <input_file_ref idref="fl-e"/>
      </object_component>
      <object_component id="oc-7cc">
         <name>.text:EMACIntStatus</name>
         <load_address>0x6206</load_address>
         <run_address>0x6206</run_address>
         <size>0x2c</size>
         <input_file_ref idref="fl-e4"/>
      </object_component>
      <object_component id="oc-377">
         <name>.text:etharp_request</name>
         <load_address>0x6234</load_address>
         <run_address>0x6234</run_address>
         <size>0x2c</size>
         <input_file_ref idref="fl-e"/>
      </object_component>
      <object_component id="oc-43c">
         <name>.text:GPIODirModeSet</name>
         <load_address>0x6260</load_address>
         <run_address>0x6260</run_address>
         <size>0x2a</size>
         <input_file_ref idref="fl-e6"/>
      </object_component>
      <object_component id="oc-23b">
         <name>.text:pbuf_cat</name>
         <load_address>0x628a</load_address>
         <run_address>0x628a</run_address>
         <size>0x2a</size>
         <input_file_ref idref="fl-e"/>
      </object_component>
      <object_component id="oc-6aa">
         <name>.text:ustrncpy</name>
         <load_address>0x62b4</load_address>
         <run_address>0x62b4</run_address>
         <size>0x2a</size>
         <input_file_ref idref="fl-10"/>
      </object_component>
      <object_component id="oc-215">
         <name>.text:EMACPHYRead</name>
         <load_address>0x62de</load_address>
         <run_address>0x62de</run_address>
         <size>0x26</size>
         <input_file_ref idref="fl-e4"/>
      </object_component>
      <object_component id="oc-7c0">
         <name>.text:EMACPHYWrite</name>
         <load_address>0x6304</load_address>
         <run_address>0x6304</run_address>
         <size>0x26</size>
         <input_file_ref idref="fl-e4"/>
      </object_component>
      <object_component id="oc-572">
         <name>.text:tcp_recv_null</name>
         <load_address>0x632a</load_address>
         <run_address>0x632a</run_address>
         <size>0x26</size>
         <input_file_ref idref="fl-e"/>
      </object_component>
      <object_component id="oc-2e2">
         <name>.text:IntPrioritySet</name>
         <load_address>0x6350</load_address>
         <run_address>0x6350</run_address>
         <size>0x24</size>
         <input_file_ref idref="fl-e7"/>
      </object_component>
      <object_component id="oc-25d">
         <name>.text:etharp_free_entry</name>
         <load_address>0x6374</load_address>
         <run_address>0x6374</run_address>
         <size>0x24</size>
         <input_file_ref idref="fl-e"/>
      </object_component>
      <object_component id="oc-221">
         <name>.text:netif_set_link_up</name>
         <load_address>0x6398</load_address>
         <run_address>0x6398</run_address>
         <size>0x24</size>
         <input_file_ref idref="fl-e"/>
      </object_component>
      <object_component id="oc-5d1">
         <name>.text:netif_set_up</name>
         <load_address>0x63bc</load_address>
         <run_address>0x63bc</run_address>
         <size>0x24</size>
         <input_file_ref idref="fl-e"/>
      </object_component>
      <object_component id="oc-39a">
         <name>.text</name>
         <load_address>0x63e0</load_address>
         <run_address>0x63e0</run_address>
         <size>0x24</size>
         <input_file_ref idref="fl-d0"/>
      </object_component>
      <object_component id="oc-831">
         <name>.text:tcp_seg_copy</name>
         <load_address>0x6404</load_address>
         <run_address>0x6404</run_address>
         <size>0x24</size>
         <input_file_ref idref="fl-e"/>
      </object_component>
      <object_component id="oc-309">
         <name>.text:PWMGenConfigure</name>
         <load_address>0x6428</load_address>
         <run_address>0x6428</run_address>
         <size>0x22</size>
         <input_file_ref idref="fl-e8"/>
      </object_component>
      <object_component id="oc-286">
         <name>.text:_SysCtlMemTimingGet</name>
         <load_address>0x644c</load_address>
         <run_address>0x644c</run_address>
         <size>0x20</size>
         <input_file_ref idref="fl-ea"/>
      </object_component>
      <object_component id="oc-65a">
         <name>.text:etharp_send_ip</name>
         <load_address>0x646c</load_address>
         <run_address>0x646c</run_address>
         <size>0x20</size>
         <input_file_ref idref="fl-e"/>
      </object_component>
      <object_component id="oc-9b">
         <name>.text:lwIPTimer</name>
         <load_address>0x648c</load_address>
         <run_address>0x648c</run_address>
         <size>0x20</size>
         <input_file_ref idref="fl-e"/>
      </object_component>
      <object_component id="oc-6dc">
         <name>.text:sys_timeouts_init</name>
         <load_address>0x64ac</load_address>
         <run_address>0x64ac</run_address>
         <size>0x20</size>
         <input_file_ref idref="fl-e"/>
      </object_component>
      <object_component id="oc-601">
         <name>.text:tcp_eff_send_mss</name>
         <load_address>0x64cc</load_address>
         <run_address>0x64cc</run_address>
         <size>0x20</size>
         <input_file_ref idref="fl-e"/>
      </object_component>
      <object_component id="oc-125">
         <name>.text:tcp_tmr</name>
         <load_address>0x64ec</load_address>
         <run_address>0x64ec</run_address>
         <size>0x20</size>
         <input_file_ref idref="fl-e"/>
      </object_component>
      <object_component id="oc-3ca">
         <name>.text:usprintf</name>
         <load_address>0x650c</load_address>
         <run_address>0x650c</run_address>
         <size>0x20</size>
         <input_file_ref idref="fl-10"/>
      </object_component>
      <object_component id="oc-7b4">
         <name>.text:EMACAddrGet</name>
         <load_address>0x652c</load_address>
         <run_address>0x652c</run_address>
         <size>0x1e</size>
         <input_file_ref idref="fl-e4"/>
      </object_component>
      <object_component id="oc-31d">
         <name>.text:PWMPulseWidthSet</name>
         <load_address>0x654a</load_address>
         <run_address>0x654a</run_address>
         <size>0x1e</size>
         <input_file_ref idref="fl-e8"/>
      </object_component>
      <object_component id="oc-6e3">
         <name>.text:netif_set_addr</name>
         <load_address>0x6568</load_address>
         <run_address>0x6568</run_address>
         <size>0x1c</size>
         <input_file_ref idref="fl-e"/>
      </object_component>
      <object_component id="oc-1cc">
         <name>.text:UARTprintf</name>
         <load_address>0x6584</load_address>
         <run_address>0x6584</run_address>
         <size>0x1a</size>
         <input_file_ref idref="fl-f"/>
      </object_component>
      <object_component id="oc-491">
         <name>.text:lwip_htonl</name>
         <load_address>0x659e</load_address>
         <run_address>0x659e</run_address>
         <size>0x1a</size>
         <input_file_ref idref="fl-e"/>
      </object_component>
      <object_component id="oc-34a">
         <name>.text:TimerIntRegister</name>
         <load_address>0x65b8</load_address>
         <run_address>0x65b8</run_address>
         <size>0x18</size>
         <input_file_ref idref="fl-ec"/>
      </object_component>
      <object_component id="oc-79a">
         <name>.text:arp_timer</name>
         <load_address>0x65d0</load_address>
         <run_address>0x65d0</run_address>
         <size>0x18</size>
         <input_file_ref idref="fl-e"/>
      </object_component>
      <object_component id="oc-3bc">
         <name>.text:pbuf_pool_is_empty</name>
         <load_address>0x65e8</load_address>
         <run_address>0x65e8</run_address>
         <size>0x18</size>
         <input_file_ref idref="fl-e"/>
      </object_component>
      <object_component id="oc-87">
         <name>.text</name>
         <load_address>0x6600</load_address>
         <run_address>0x6600</run_address>
         <size>0x18</size>
         <input_file_ref idref="fl-de"/>
      </object_component>
      <object_component id="oc-5ff">
         <name>.text:tcp_next_iss</name>
         <load_address>0x6618</load_address>
         <run_address>0x6618</run_address>
         <size>0x18</size>
         <input_file_ref idref="fl-e"/>
      </object_component>
      <object_component id="oc-56a">
         <name>.text:tcp_seg_free</name>
         <load_address>0x6630</load_address>
         <run_address>0x6630</run_address>
         <size>0x18</size>
         <input_file_ref idref="fl-e"/>
      </object_component>
      <object_component id="oc-5b4">
         <name>.text:EMACReset</name>
         <load_address>0x6648</load_address>
         <run_address>0x6648</run_address>
         <size>0x16</size>
         <input_file_ref idref="fl-e4"/>
      </object_component>
      <object_component id="oc-7de">
         <name>.text:EMACRxEnable</name>
         <load_address>0x665e</load_address>
         <run_address>0x665e</run_address>
         <size>0x16</size>
         <input_file_ref idref="fl-e4"/>
      </object_component>
      <object_component id="oc-7d8">
         <name>.text:EMACTxEnable</name>
         <load_address>0x6674</load_address>
         <run_address>0x6674</run_address>
         <size>0x16</size>
         <input_file_ref idref="fl-e4"/>
      </object_component>
      <object_component id="oc-800">
         <name>.text:pbuf_ref</name>
         <load_address>0x668a</load_address>
         <run_address>0x668a</run_address>
         <size>0x16</size>
         <input_file_ref idref="fl-e"/>
      </object_component>
      <object_component id="oc-2d0">
         <name>.text:FlashUserGet</name>
         <load_address>0x66a0</load_address>
         <run_address>0x66a0</run_address>
         <size>0x14</size>
         <input_file_ref idref="fl-e5"/>
      </object_component>
      <object_component id="oc-303">
         <name>.text:PWMClockSet</name>
         <load_address>0x66b4</load_address>
         <run_address>0x66b4</run_address>
         <size>0x14</size>
         <input_file_ref idref="fl-e8"/>
      </object_component>
      <object_component id="oc-2c4">
         <name>.text:SysTickEnable</name>
         <load_address>0x66c8</load_address>
         <run_address>0x66c8</run_address>
         <size>0x14</size>
         <input_file_ref idref="fl-eb"/>
      </object_component>
      <object_component id="oc-2ca">
         <name>.text:SysTickIntEnable</name>
         <load_address>0x66dc</load_address>
         <run_address>0x66dc</run_address>
         <size>0x14</size>
         <input_file_ref idref="fl-eb"/>
      </object_component>
      <object_component id="oc-1fd">
         <name>.text</name>
         <load_address>0x66f0</load_address>
         <run_address>0x66f0</run_address>
         <size>0x14</size>
         <input_file_ref idref="fl-dd"/>
      </object_component>
      <object_component id="oc-730">
         <name>.text</name>
         <load_address>0x6704</load_address>
         <run_address>0x6704</run_address>
         <size>0x14</size>
         <input_file_ref idref="fl-d8"/>
      </object_component>
      <object_component id="oc-386">
         <name>.text:sys_arch_unprotect</name>
         <load_address>0x6718</load_address>
         <run_address>0x6718</run_address>
         <size>0x14</size>
         <input_file_ref idref="fl-e"/>
      </object_component>
      <object_component id="oc-6bb">
         <name>.text:tcp_close</name>
         <load_address>0x672c</load_address>
         <run_address>0x672c</run_address>
         <size>0x14</size>
         <input_file_ref idref="fl-e"/>
      </object_component>
      <object_component id="oc-324">
         <name>.text:GPIOPinTypeADC</name>
         <load_address>0x6740</load_address>
         <run_address>0x6740</run_address>
         <size>0x12</size>
         <input_file_ref idref="fl-e6"/>
      </object_component>
      <object_component id="oc-2a2">
         <name>.text:GPIOPinTypeEthernetLED</name>
         <load_address>0x6752</load_address>
         <run_address>0x6752</run_address>
         <size>0x12</size>
         <input_file_ref idref="fl-e6"/>
      </object_component>
      <object_component id="oc-2fd">
         <name>.text:GPIOPinTypePWM</name>
         <load_address>0x6764</load_address>
         <run_address>0x6764</run_address>
         <size>0x12</size>
         <input_file_ref idref="fl-e6"/>
      </object_component>
      <object_component id="oc-344">
         <name>.text:TimerLoadSet</name>
         <load_address>0x6776</load_address>
         <run_address>0x6776</run_address>
         <size>0x12</size>
         <input_file_ref idref="fl-ec"/>
      </object_component>
      <object_component id="oc-21b">
         <name>.text:netif_set_link_down</name>
         <load_address>0x6788</load_address>
         <run_address>0x6788</run_address>
         <size>0x12</size>
         <input_file_ref idref="fl-e"/>
      </object_component>
      <object_component id="oc-728">
         <name>.text:pbuf_clen</name>
         <load_address>0x679a</load_address>
         <run_address>0x679a</run_address>
         <size>0x12</size>
         <input_file_ref idref="fl-e"/>
      </object_component>
      <object_component id="oc-3f5">
         <name>.text:tcp_segs_free</name>
         <load_address>0x67ac</load_address>
         <run_address>0x67ac</run_address>
         <size>0x12</size>
         <input_file_ref idref="fl-e"/>
      </object_component>
      <object_component id="oc-7c6">
         <name>.text:EMACFrameFilterSet</name>
         <load_address>0x67c0</load_address>
         <run_address>0x67c0</run_address>
         <size>0x10</size>
         <input_file_ref idref="fl-e4"/>
      </object_component>
      <object_component id="oc-350">
         <name>.text:IntMasterEnable</name>
         <load_address>0x67d0</load_address>
         <run_address>0x67d0</run_address>
         <size>0x10</size>
         <input_file_ref idref="fl-e7"/>
      </object_component>
      <object_component id="oc-315">
         <name>.text:PWMDeadBandEnable</name>
         <load_address>0x67e0</load_address>
         <run_address>0x67e0</run_address>
         <size>0x10</size>
         <input_file_ref idref="fl-e8"/>
      </object_component>
      <object_component id="oc-30f">
         <name>.text:PWMGenPeriodSet</name>
         <load_address>0x67f0</load_address>
         <run_address>0x67f0</run_address>
         <size>0x10</size>
         <input_file_ref idref="fl-e8"/>
      </object_component>
      <object_component id="oc-2be">
         <name>.text:SysTickPeriodSet</name>
         <load_address>0x6800</load_address>
         <run_address>0x6800</run_address>
         <size>0x10</size>
         <input_file_ref idref="fl-eb"/>
      </object_component>
      <object_component id="oc-74a">
         <name>.text:inet_chksum</name>
         <load_address>0x6810</load_address>
         <run_address>0x6810</run_address>
         <size>0x10</size>
         <input_file_ref idref="fl-e"/>
      </object_component>
      <object_component id="oc-5bf">
         <name>.text:lwip_init</name>
         <load_address>0x6820</load_address>
         <run_address>0x6820</run_address>
         <size>0x10</size>
         <input_file_ref idref="fl-e"/>
      </object_component>
      <object_component id="oc-380">
         <name>.text:sys_arch_protect</name>
         <load_address>0x6830</load_address>
         <run_address>0x6830</run_address>
         <size>0x10</size>
         <input_file_ref idref="fl-e"/>
      </object_component>
      <object_component id="oc-336">
         <name>.text:ADCSequenceEnable</name>
         <load_address>0x6840</load_address>
         <run_address>0x6840</run_address>
         <size>0xe</size>
         <input_file_ref idref="fl-e3"/>
      </object_component>
      <object_component id="oc-362">
         <name>.text:TimerEnable</name>
         <load_address>0x684e</load_address>
         <run_address>0x684e</run_address>
         <size>0xe</size>
         <input_file_ref idref="fl-ec"/>
      </object_component>
      <object_component id="oc-18">
         <name>.text:decompress:none</name>
         <load_address>0x685c</load_address>
         <run_address>0x685c</run_address>
         <size>0xe</size>
         <input_file_ref idref="fl-cd"/>
      </object_component>
      <object_component id="oc-4d7">
         <name>.text:CPUcpsie</name>
         <load_address>0x686a</load_address>
         <run_address>0x686a</run_address>
         <size>0xc</size>
         <input_file_ref idref="fl-ed"/>
      </object_component>
      <object_component id="oc-1b4">
         <name>.text:SysCtlMOSCConfigSet</name>
         <load_address>0x6878</load_address>
         <run_address>0x6878</run_address>
         <size>0xc</size>
         <input_file_ref idref="fl-ea"/>
      </object_component>
      <object_component id="oc-1e">
         <name>.text:decompress:ZI</name>
         <load_address>0x6884</load_address>
         <run_address>0x6884</run_address>
         <size>0xc</size>
         <input_file_ref idref="fl-ce"/>
      </object_component>
      <object_component id="oc-24e">
         <name>.text:lwIPLocalIPAddrGet</name>
         <load_address>0x6890</load_address>
         <run_address>0x6890</run_address>
         <size>0xc</size>
         <input_file_ref idref="fl-e"/>
      </object_component>
      <object_component id="oc-518">
         <name>.text:lwip_htons</name>
         <load_address>0x689c</load_address>
         <run_address>0x689c</run_address>
         <size>0xc</size>
         <input_file_ref idref="fl-e"/>
      </object_component>
      <object_component id="oc-5cb">
         <name>.text:netif_set_default</name>
         <load_address>0x68a8</load_address>
         <run_address>0x68a8</run_address>
         <size>0xc</size>
         <input_file_ref idref="fl-e"/>
      </object_component>
      <object_component id="oc-7ad">
         <name>.text:netif_set_gw</name>
         <load_address>0x68b4</load_address>
         <run_address>0x68b4</run_address>
         <size>0xc</size>
         <input_file_ref idref="fl-e"/>
      </object_component>
      <object_component id="oc-7a7">
         <name>.text:netif_set_netmask</name>
         <load_address>0x68c0</load_address>
         <run_address>0x68c0</run_address>
         <size>0xc</size>
         <input_file_ref idref="fl-e"/>
      </object_component>
      <object_component id="oc-794">
         <name>.text:sys_now</name>
         <load_address>0x68cc</load_address>
         <run_address>0x68cc</run_address>
         <size>0xc</size>
         <input_file_ref idref="fl-e"/>
      </object_component>
      <object_component id="oc-80c">
         <name>.text:EMACTxDMAPollDemand</name>
         <load_address>0x68d8</load_address>
         <run_address>0x68d8</run_address>
         <size>0x8</size>
         <input_file_ref idref="fl-e4"/>
      </object_component>
      <object_component id="oc-356">
         <name>.text:TimerIntEnable</name>
         <load_address>0x68e0</load_address>
         <run_address>0x68e0</run_address>
         <size>0x8</size>
         <input_file_ref idref="fl-ec"/>
      </object_component>
      <object_component id="oc-532">
         <name>.text:icmp_dest_unreach</name>
         <load_address>0x68e8</load_address>
         <run_address>0x68e8</run_address>
         <size>0x8</size>
         <input_file_ref idref="fl-e"/>
      </object_component>
      <object_component id="oc-854">
         <name>.text:EMACRxDMADescriptorListSet</name>
         <load_address>0x68f0</load_address>
         <run_address>0x68f0</run_address>
         <size>0x6</size>
         <input_file_ref idref="fl-e4"/>
      </object_component>
      <object_component id="oc-a2">
         <name>.text:EMACTimestampIntStatus</name>
         <load_address>0x68f6</load_address>
         <run_address>0x68f6</run_address>
         <size>0x6</size>
         <input_file_ref idref="fl-e4"/>
      </object_component>
      <object_component id="oc-85a">
         <name>.text:EMACTxDMADescriptorListSet</name>
         <load_address>0x68fc</load_address>
         <run_address>0x68fc</run_address>
         <size>0x6</size>
         <input_file_ref idref="fl-e4"/>
      </object_component>
      <object_component id="oc-641">
         <name>.text:GPIOPinWrite</name>
         <load_address>0x6902</load_address>
         <run_address>0x6902</run_address>
         <size>0x6</size>
         <input_file_ref idref="fl-e6"/>
      </object_component>
      <object_component id="oc-2b">
         <name>.text:ResetISR</name>
         <load_address>0x6908</load_address>
         <run_address>0x6908</run_address>
         <size>0x6</size>
         <input_file_ref idref="fl-4"/>
      </object_component>
      <object_component id="oc-25a">
         <name>.text:SysCtlDelay</name>
         <load_address>0x690e</load_address>
         <run_address>0x690e</run_address>
         <size>0x6</size>
         <input_file_ref idref="fl-ea"/>
      </object_component>
      <object_component id="oc-43">
         <name>.text:SysTickIntHandler</name>
         <load_address>0x6914</load_address>
         <run_address>0x6914</run_address>
         <size>0x6</size>
         <input_file_ref idref="fl-6"/>
      </object_component>
      <object_component id="oc-686">
         <name>.text:tcp_abort</name>
         <load_address>0x691a</load_address>
         <run_address>0x691a</run_address>
         <size>0x6</size>
         <input_file_ref idref="fl-e"/>
      </object_component>
      <object_component id="oc-479">
         <name>.text:tcp_new</name>
         <load_address>0x6920</load_address>
         <run_address>0x6920</run_address>
         <size>0x6</size>
         <input_file_ref idref="fl-e"/>
      </object_component>
      <object_component id="oc-611">
         <name>.text:tcp_recv</name>
         <load_address>0x6926</load_address>
         <run_address>0x6926</run_address>
         <size>0x6</size>
         <input_file_ref idref="fl-e"/>
      </object_component>
      <object_component id="oc-4e4">
         <name>.text:TimerIntClear</name>
         <load_address>0x692c</load_address>
         <run_address>0x692c</run_address>
         <size>0x4</size>
         <input_file_ref idref="fl-ec"/>
      </object_component>
      <object_component id="oc-7b">
         <name>.text</name>
         <load_address>0x6930</load_address>
         <run_address>0x6930</run_address>
         <size>0x4</size>
         <input_file_ref idref="fl-d4"/>
      </object_component>
      <object_component id="oc-48b">
         <name>.text:tcp_arg</name>
         <load_address>0x6934</load_address>
         <run_address>0x6934</run_address>
         <size>0x4</size>
         <input_file_ref idref="fl-e"/>
      </object_component>
      <object_component id="oc-47f">
         <name>.text:tcp_setprio</name>
         <load_address>0x6938</load_address>
         <run_address>0x6938</run_address>
         <size>0x4</size>
         <input_file_ref idref="fl-e"/>
      </object_component>
      <object_component id="oc-295">
         <name>.const:g_pppui32XTALtoVCO</name>
         <load_address>0x693c</load_address>
         <run_address>0x693c</run_address>
         <size>0x1b0</size>
         <input_file_ref idref="fl-ea"/>
      </object_component>
      <object_component id="oc-4a9">
         <name>.const:g_pui32Regs</name>
         <load_address>0x6aec</load_address>
         <run_address>0x6aec</run_address>
         <size>0x9c</size>
         <input_file_ref idref="fl-e7"/>
      </object_component>
      <object_component id="oc-4b2">
         <name>.const:g_pui32GPIOBaseAddrs</name>
         <load_address>0x6b88</load_address>
         <run_address>0x6b88</run_address>
         <size>0x90</size>
         <input_file_ref idref="fl-e6"/>
      </object_component>
      <object_component id="oc-4df">
         <name>.const</name>
         <load_address>0x6c18</load_address>
         <run_address>0x6c18</run_address>
         <size>0x70</size>
         <input_file_ref idref="fl-e7"/>
      </object_component>
      <object_component id="oc-292">
         <name>.const:g_pui32Xtals</name>
         <load_address>0x6c88</load_address>
         <run_address>0x6c88</run_address>
         <size>0x6c</size>
         <input_file_ref idref="fl-ea"/>
      </object_component>
      <object_component id="oc-632">
         <name>.const:g_ppui32TimerIntMap</name>
         <load_address>0x6cf4</load_address>
         <run_address>0x6cf4</run_address>
         <size>0x60</size>
         <input_file_ref idref="fl-ec"/>
      </object_component>
      <object_component id="oc-635">
         <name>.const:g_ppui32TimerIntMapSnowflake</name>
         <load_address>0x6d54</load_address>
         <run_address>0x6d54</run_address>
         <size>0x40</size>
         <input_file_ref idref="fl-ec"/>
      </object_component>
      <object_component id="oc-42f">
         <name>.const:g_sXTALtoMEMTIM</name>
         <load_address>0x6d94</load_address>
         <run_address>0x6d94</run_address>
         <size>0x30</size>
         <input_file_ref idref="fl-ea"/>
      </object_component>
      <object_component id="oc-5bb">
         <name>.const</name>
         <load_address>0x6dc4</load_address>
         <run_address>0x6dc4</run_address>
         <size>0x18</size>
         <input_file_ref idref="fl-e4"/>
      </object_component>
      <object_component id="oc-78a">
         <name>.const:memp_num</name>
         <load_address>0x6ddc</load_address>
         <run_address>0x6ddc</run_address>
         <size>0x10</size>
         <input_file_ref idref="fl-e"/>
      </object_component>
      <object_component id="oc-790">
         <name>.const:memp_sizes</name>
         <load_address>0x6dec</load_address>
         <run_address>0x6dec</run_address>
         <size>0x10</size>
         <input_file_ref idref="fl-e"/>
      </object_component>
      <object_component id="oc-5f2">
         <name>.const:tcp_pcb_lists</name>
         <load_address>0x6dfc</load_address>
         <run_address>0x6dfc</run_address>
         <size>0x10</size>
         <input_file_ref idref="fl-e"/>
      </object_component>
      <object_component id="oc-408">
         <name>.const:.string:tcp_backoff</name>
         <load_address>0x6e0c</load_address>
         <run_address>0x6e0c</run_address>
         <size>0xd</size>
         <input_file_ref idref="fl-e"/>
      </object_component>
      <object_component id="oc-448">
         <name>.const:g_ui32UARTBase</name>
         <load_address>0x6e1c</load_address>
         <run_address>0x6e1c</run_address>
         <size>0xc</size>
         <input_file_ref idref="fl-f"/>
      </object_component>
      <object_component id="oc-445">
         <name>.const:g_ui32UARTPeriph</name>
         <load_address>0x6e28</load_address>
         <run_address>0x6e28</run_address>
         <size>0xc</size>
         <input_file_ref idref="fl-f"/>
      </object_component>
      <object_component id="oc-298">
         <name>.const</name>
         <load_address>0x6e34</load_address>
         <run_address>0x6e34</run_address>
         <size>0x8</size>
         <input_file_ref idref="fl-ea"/>
      </object_component>
      <object_component id="oc-40b">
         <name>.const:.string:tcp_persist_backoff</name>
         <load_address>0x6e3c</load_address>
         <run_address>0x6e3c</run_address>
         <size>0x7</size>
         <input_file_ref idref="fl-e"/>
      </object_component>
      <object_component id="oc-3b2">
         <name>.const:ethbroadcast</name>
         <load_address>0x6e43</load_address>
         <run_address>0x6e43</run_address>
         <size>0x6</size>
         <input_file_ref idref="fl-e"/>
      </object_component>
      <object_component id="oc-4ff">
         <name>.const:ethzero</name>
         <load_address>0x6e49</load_address>
         <run_address>0x6e49</run_address>
         <size>0x6</size>
         <input_file_ref idref="fl-e"/>
      </object_component>
      <object_component id="oc-49f">
         <name>.const:ip_addr_any</name>
         <load_address>0x6e50</load_address>
         <run_address>0x6e50</run_address>
         <size>0x4</size>
         <input_file_ref idref="fl-e"/>
      </object_component>
      <object_component id="oc-89f">
         <name>.cinit..data.load</name>
         <load_address>0x6e58</load_address>
         <run_address>0x6e58</run_address>
         <size>0x3c</size>
      </object_component>
      <object_component id="oc-89c">
         <name>__TI_handler_table</name>
         <load_address>0x6e94</load_address>
         <run_address>0x6e94</run_address>
         <size>0xc</size>
      </object_component>
      <object_component id="oc-8a0">
         <name>.cinit..bss.load</name>
         <load_address>0x6ea0</load_address>
         <run_address>0x6ea0</run_address>
         <size>0x8</size>
      </object_component>
      <object_component id="oc-89e">
         <name>.cinit..vtable.load</name>
         <load_address>0x6ea8</load_address>
         <run_address>0x6ea8</run_address>
         <size>0x8</size>
      </object_component>
      <object_component id="oc-89d">
         <name>__TI_cinit_table</name>
         <load_address>0x6eb0</load_address>
         <run_address>0x6eb0</run_address>
         <size>0x18</size>
      </object_component>
      <object_component id="oc-639">
         <name>.vtable</name>
         <uninitialized>true</uninitialized>
         <run_address>0x20000000</run_address>
         <size>0x26c</size>
         <input_file_ref idref="fl-e7"/>
      </object_component>
      <object_component id="oc-4f3">
         <name>.data</name>
         <load_address>0x20018504</load_address>
         <run_address>0x20018504</run_address>
         <size>0x30</size>
         <input_file_ref idref="fl-5"/>
      </object_component>
      <object_component id="oc-61d">
         <name>.data</name>
         <load_address>0x200185a8</load_address>
         <run_address>0x200185a8</run_address>
         <size>0x4</size>
         <input_file_ref idref="fl-6"/>
      </object_component>
      <object_component id="oc-4f0">
         <name>.data</name>
         <load_address>0x20018594</load_address>
         <run_address>0x20018594</run_address>
         <size>0x8</size>
         <input_file_ref idref="fl-8"/>
      </object_component>
      <object_component id="oc-fb">
         <name>.data</name>
[...]
         <object_component_ref idref="oc-4ff"/>
      </symbol>
      <symbol id="sm-b9c">
         <name>lwIPTimer</name>
         <value>0x648d</value>
         <object_component_ref idref="oc-9b"/>
      </symbol>
      <symbol id="sm-b9d">
         <name>tcp_update_rcv_ann_wnd</name>
         <value>0x61a9</value>
         <object_component_ref idref="oc-781"/>
      </symbol>
      <symbol id="sm-b9e">
         <name>tcp_new</name>
         <value>0x6921</value>
         <object_component_ref idref="oc-479"/>
      </symbol>
      <symbol id="sm-b9f">
         <name>ethbroadcast</name>
         <value>0x6e43</value>
         <object_component_ref idref="oc-3b2"/>
      </symbol>
      <symbol id="sm-ba0">
         <name>lwip_init</name>
         <value>0x6821</value>
         <object_component_ref idref="oc-5bf"/>
      </symbol>
      <symbol id="sm-ba1">
         <name>lwIPEthernetIntHandler</name>
         <value>0x5249</value>
         <object_component_ref idref="oc-49"/>
      </symbol>
      <symbol id="sm-ba2">
         <name>tcp_tmr</name>
         <value>0x64ed</value>
         <object_component_ref idref="oc-125"/>
      </symbol>
      <symbol id="sm-ba3">
         <name>tcp_eff_send_mss</name>
         <value>0x64cd</value>
         <object_component_ref idref="oc-601"/>
      </symbol>
      <symbol id="sm-ba4">
         <name>tcp_process_refused_data</name>
         <value>0x4f99</value>
         <object_component_ref idref="oc-3da"/>
      </symbol>
      <symbol id="sm-ba5">
         <name>netif_add</name>
         <value>0x5809</value>
         <object_component_ref idref="oc-5c5"/>
      </symbol>
      <symbol id="sm-ba6">
         <name>tcp_seg_copy</name>
         <value>0x6405</value>
         <object_component_ref idref="oc-831"/>
      </symbol>
      <symbol id="sm-ba7">
         <name>netif_set_default</name>
         <value>0x68a9</value>
         <object_component_ref idref="oc-5cb"/>
      </symbol>
      <symbol id="sm-ba8">
         <name>sys_now</name>
         <value>0x68cd</value>
         <object_component_ref idref="oc-794"/>
      </symbol>
      <symbol id="sm-ba9">
         <name>ip_route</name>
         <value>0x59dd</value>
         <object_component_ref idref="oc-5f9"/>
      </symbol>
      <symbol id="sm-baa">
         <name>tcp_pcb_remove</name>
         <value>0x535d</value>
         <object_component_ref idref="oc-68c"/>
      </symbol>
      <symbol id="sm-bab">
         <name>g_RxDescList</name>
         <value>0x20018554</value>
         <object_component_ref idref="oc-7ee"/>
      </symbol>
      <symbol id="sm-bac">
         <name>g_TxDescList</name>
         <value>0x20018564</value>
         <object_component_ref idref="oc-7eb"/>
      </symbol>
      <symbol id="sm-bad">
         <name>sys_timeout</name>
         <value>0x4ec9</value>
         <object_component_ref idref="oc-711"/>
      </symbol>
      <symbol id="sm-bae">
         <name>etharp_tmr</name>
         <value>0x5dcd</value>
         <object_component_ref idref="oc-11f"/>
      </symbol>
      <symbol id="sm-baf">
         <name>tcp_abort</name>
         <value>0x691b</value>
         <object_component_ref idref="oc-686"/>
      </symbol>
      <symbol id="sm-bb0">
         <name>mem_trim</name>
         <value>0x341d</value>
         <object_component_ref idref="oc-662"/>
      </symbol>
      <symbol id="sm-bb1">
         <name>tcp_setprio</name>
         <value>0x6939</value>
         <object_component_ref idref="oc-47f"/>
      </symbol>
      <symbol id="sm-c1f">
         <name>UARTStdioConfig</name>
         <value>0x518d</value>
         <object_component_ref idref="oc-2aa"/>
      </symbol>
      <symbol id="sm-c20">
         <name>UARTwrite</name>
         <value>0x5b09</value>
         <object_component_ref idref="oc-452"/>
      </symbol>
      <symbol id="sm-c21">
         <name>UARTprintf</name>
         <value>0x6585</value>
         <object_component_ref idref="oc-1cc"/>
      </symbol>
      <symbol id="sm-c22">
         <name>UARTvprintf</name>
         <value>0x1d29</value>
         <object_component_ref idref="oc-2b1"/>
      </symbol>
      <symbol id="sm-c6f">
         <name>uvsnprintf</name>
         <value>0x16d5</value>
         <object_component_ref idref="oc-556"/>
      </symbol>
      <symbol id="sm-c70">
         <name>ustrncpy</name>
         <value>0x62b5</value>
         <object_component_ref idref="oc-6aa"/>
      </symbol>
      <symbol id="sm-c71">
         <name>usprintf</name>
         <value>0x650d</value>
         <object_component_ref idref="oc-3ca"/>
      </symbol>
      <symbol id="sm-c82">
         <name>_c_int00</name>
         <value>0x55c9</value>
         <object_component_ref idref="oc-24"/>
      </symbol>
      <symbol id="sm-c83">
         <name>__stack</name>
         <value>0x20017d04</value>
         <object_component_ref idref="oc-2a"/>
      </symbol>
      <symbol id="sm-ca1">
         <name>__TI_decompress_lzss</name>
         <value>0x4d91</value>
         <object_component_ref idref="oc-12"/>
      </symbol>
      <symbol id="sm-cb8">
         <name>__TI_decompress_none</name>
         <value>0x685d</value>
         <object_component_ref idref="oc-18"/>
      </symbol>
      <symbol id="sm-cca">
         <name>__TI_zero_init</name>
         <value>0x6885</value>
         <object_component_ref idref="oc-1e"/>
      </symbol>
      <symbol id="sm-ceb">
         <name>C$$EXIT</name>
         <value>0x561d</value>
         <object_component_ref idref="oc-8d"/>
      </symbol>
      <symbol id="sm-cec">
         <name>abort</name>
         <value>0x5621</value>
         <object_component_ref idref="oc-8d"/>
      </symbol>
      <symbol id="sm-ced">
         <name>exit</name>
         <value>0x5629</value>
         <object_component_ref idref="oc-8d"/>
      </symbol>
      <symbol id="sm-cee">
         <name>__TI_dtors_ptr</name>
         <value>0x20018578</value>
         <object_component_ref idref="oc-f0"/>
      </symbol>
      <symbol id="sm-cef">
         <name>__TI_cleanup_ptr</name>
         <value>0x20018574</value>
         <object_component_ref idref="oc-f0"/>
      </symbol>
      <symbol id="sm-cf0">
         <name>__TI_enable_exit_profile_output</name>
         <value>0x2001857c</value>
         <object_component_ref idref="oc-f0"/>
      </symbol>
      <symbol id="sm-d00">
         <name>memcmp</name>
         <value>0x63e1</value>
         <object_component_ref idref="oc-39a"/>
      </symbol>
      <symbol id="sm-d1b">
         <name>memcpy</name>
         <value>0x427d</value>
         <object_component_ref idref="oc-5d"/>
      </symbol>
      <symbol id="sm-d1c">
         <name>__aeabi_memcpy</name>
         <value>0x427d</value>
         <object_component_ref idref="oc-5d"/>
      </symbol>
      <symbol id="sm-d1d">
         <name>__aeabi_memcpy8</name>
         <value>0x427d</value>
         <object_component_ref idref="oc-5d"/>
      </symbol>
      <symbol id="sm-d1e">
         <name>__aeabi_memcpy4</name>
         <value>0x427d</value>
         <object_component_ref idref="oc-5d"/>
      </symbol>
      <symbol id="sm-d2d">
         <name>__aeabi_memset</name>
         <value>0x483d</value>
         <object_component_ref idref="oc-69"/>
      </symbol>
      <symbol id="sm-d2e">
         <name>memset</name>
         <value>0x4843</value>
         <object_component_ref idref="oc-69"/>
      </symbol>
      <symbol id="sm-d2f">
         <name>__aeabi_memset8</name>
         <value>0x483d</value>
         <object_component_ref idref="oc-69"/>
      </symbol>
      <symbol id="sm-d30">
         <name>__aeabi_memset4</name>
         <value>0x483d</value>
         <object_component_ref idref="oc-69"/>
      </symbol>
      <symbol id="sm-d31">
         <name>__aeabi_memclr8</name>
         <value>0x483b</value>
         <object_component_ref idref="oc-69"/>
      </symbol>
      <symbol id="sm-d32">
         <name>__aeabi_memclr4</name>
         <value>0x483b</value>
         <object_component_ref idref="oc-69"/>
      </symbol>
      <symbol id="sm-d33">
         <name>__aeabi_memclr</name>
         <value>0x483b</value>
         <object_component_ref idref="oc-69"/>
      </symbol>
      <symbol id="sm-d3d">
         <name>__mpu_init</name>
         <value>0x512b</value>
         <object_component_ref idref="oc-75"/>
      </symbol>
      <symbol id="sm-d47">
         <name>_system_pre_init</name>
         <value>0x6931</value>
         <object_component_ref idref="oc-7b"/>
      </symbol>
      <symbol id="sm-d4f">
         <name>main_func_sp</name>
         <value>0x200185a4</value>
         <object_component_ref idref="oc-93"/>
      </symbol>
      <symbol id="sm-d5f">
         <name>strcpy</name>
         <value>0x6705</value>
         <object_component_ref idref="oc-730"/>
      </symbol>
      <symbol id="sm-d71">
         <name>__aeabi_uidivmod</name>
         <value>0x5e0d</value>
         <object_component_ref idref="oc-458"/>
      </symbol>
      <symbol id="sm-d72">
         <name>__aeabi_uidiv</name>
         <value>0x5e0d</value>
         <object_component_ref idref="oc-458"/>
      </symbol>
      <symbol id="sm-d8b">
         <name>_nop</name>
         <value>0x66ff</value>
         <object_component_ref idref="oc-1fd"/>
      </symbol>
      <symbol id="sm-d8c">
         <name>_lock</name>
         <value>0x2001858c</value>
         <object_component_ref idref="oc-f3"/>
      </symbol>
      <symbol id="sm-d8d">
         <name>_unlock</name>
         <value>0x20018590</value>
         <object_component_ref idref="oc-f3"/>
      </symbol>
      <symbol id="sm-d8e">
         <name>_register_lock</name>
         <value>0x66f7</value>
         <object_component_ref idref="oc-1fd"/>
      </symbol>
      <symbol id="sm-d8f">
         <name>_register_unlock</name>
         <value>0x66f1</value>
         <object_component_ref idref="oc-1fd"/>
      </symbol>
      <symbol id="sm-da3">
         <name>_args_main</name>
         <value>0x6601</value>
         <object_component_ref idref="oc-87"/>
      </symbol>
      <symbol id="sm-dcd">
         <name>__TI_auto_init</name>
         <value>0x4b05</value>
         <object_component_ref idref="oc-81"/>
      </symbol>
      <symbol id="sm-de7">
         <name>copy_in</name>
         <value>0x5a29</value>
         <object_component_ref idref="oc-da"/>
      </symbol>
      <symbol id="sm-df1">
         <name>__aeabi_idiv0</name>
         <value>0x43ab</value>
         <object_component_ref idref="oc-5a3"/>
      </symbol>
      <symbol id="sm-dfb">
         <name>_system_post_cinit</name>
         <value>0x5413</value>
         <object_component_ref idref="oc-e0"/>
      </symbol>
      <symbol id="sm-e1e">
         <name>ADCSequenceEnable</name>
         <value>0x6841</value>
         <object_component_ref idref="oc-336"/>
      </symbol>
      <symbol id="sm-e1f">
         <name>ADCSequenceConfigure</name>
         <value>0x5415</value>
         <object_component_ref idref="oc-32a"/>
      </symbol>
      <symbol id="sm-e20">
         <name>ADCSequenceStepConfigure</name>
         <value>0x47c1</value>
         <object_component_ref idref="oc-330"/>
      </symbol>
      <symbol id="sm-ee1">
         <name>EMACConfigSet</name>
         <value>0x5ec1</value>
         <object_component_ref idref="oc-22d"/>
      </symbol>
      <symbol id="sm-ee2">
         <name>EMACTxEnable</name>
         <value>0x6675</value>
         <object_component_ref idref="oc-7d8"/>
      </symbol>
      <symbol id="sm-ee3">
         <name>EMACRxDMADescriptorListSet</name>
         <value>0x68f1</value>
         <object_component_ref idref="oc-854"/>
      </symbol>
      <symbol id="sm-ee4">
         <name>EMACPHYConfigSet</name>
         <value>0x546d</value>
         <object_component_ref idref="oc-466"/>
      </symbol>
      <symbol id="sm-ee5">
         <name>EMACPHYRead</name>
         <value>0x62df</value>
         <object_component_ref idref="oc-215"/>
      </symbol>
      <symbol id="sm-ee6">
         <name>EMACTimestampIntStatus</name>
         <value>0x68f7</value>
         <object_component_ref idref="oc-a2"/>
      </symbol>
      <symbol id="sm-ee7">
         <name>EMACRxEnable</name>
         <value>0x665f</value>
         <object_component_ref idref="oc-7de"/>
      </symbol>
      <symbol id="sm-ee8">
         <name>EMACIntClear</name>
         <value>0x600d</value>
         <object_component_ref idref="oc-7d2"/>
      </symbol>
      <symbol id="sm-ee9">
         <name>EMACConfigGet</name>
         <value>0x5fd9</value>
         <object_component_ref idref="oc-227"/>
      </symbol>
      <symbol id="sm-eea">
         <name>EMACInit</name>
         <value>0x48b5</value>
         <object_component_ref idref="oc-46c"/>
      </symbol>
      <symbol id="sm-eeb">
         <name>EMACIntEnable</name>
         <value>0x5e4d</value>
         <object_component_ref idref="oc-7e4"/>
      </symbol>
      <symbol id="sm-eec">
         <name>EMACPHYWrite</name>
         <value>0x6305</value>
         <object_component_ref idref="oc-7c0"/>
      </symbol>
      <symbol id="sm-eed">
         <name>EMACReset</name>
         <value>0x6649</value>
         <object_component_ref idref="oc-5b4"/>
      </symbol>
      <symbol id="sm-eee">
         <name>EMACFrameFilterSet</name>
         <value>0x67c1</value>
         <object_component_ref idref="oc-7c6"/>
      </symbol>
      <symbol id="sm-eef">
         <name>EMACTxDMAPollDemand</name>
         <value>0x68d9</value>
         <object_component_ref idref="oc-80c"/>
      </symbol>
      <symbol id="sm-ef0">
         <name>EMACAddrGet</name>
         <value>0x652d</value>
         <object_component_ref idref="oc-7b4"/>
      </symbol>
      <symbol id="sm-ef1">
         <name>EMACTxDMADescriptorListSet</name>
         <value>0x68fd</value>
         <object_component_ref idref="oc-85a"/>
      </symbol>
      <symbol id="sm-ef2">
         <name>EMACIntStatus</name>
         <value>0x6207</value>
         <object_component_ref idref="oc-7cc"/>
      </symbol>
      <symbol id="sm-f01">
         <name>FlashUserGet</name>
         <value>0x66a1</value>
         <object_component_ref idref="oc-2d0"/>
      </symbol>
      <symbol id="sm-f4b">
         <name>GPIOPinTypePWM</name>
         <value>0x6765</value>
         <object_component_ref idref="oc-2fd"/>
      </symbol>
      <symbol id="sm-f4c">
         <name>GPIOPinConfigure</name>
         <value>0x5ac1</value>
         <object_component_ref idref="oc-2f7"/>
      </symbol>
      <symbol id="sm-f4d">
         <name>GPIOPinTypeADC</name>
         <value>0x6741</value>
         <object_component_ref idref="oc-324"/>
      </symbol>
      <symbol id="sm-f4e">
         <name>GPIODirModeSet</name>
         <value>0x6261</value>
         <object_component_ref idref="oc-43c"/>
      </symbol>
      <symbol id="sm-f4f">
         <name>GPIOPinWrite</name>
         <value>0x6903</value>
         <object_component_ref idref="oc-641"/>
      </symbol>
      <symbol id="sm-f50">
         <name>GPIOPadConfigSet</name>
         <value>0x2a83</value>
         <object_component_ref idref="oc-29c"/>
      </symbol>
      <symbol id="sm-f51">
         <name>GPIOPinTypeEthernetLED</name>
         <value>0x6753</value>
         <object_component_ref idref="oc-2a2"/>
      </symbol>
      <symbol id="sm-fa4">
         <name>IntPrioritySet</name>
         <value>0x6351</value>
         <object_component_ref idref="oc-2e2"/>
      </symbol>
      <symbol id="sm-fa5">
         <name>IntEnable</name>
         <value>0x4d29</value>
         <object_component_ref idref="oc-35c"/>
      </symbol>
      <symbol id="sm-fa6">
         <name>IntRegister</name>
         <value>0x6041</value>
         <object_component_ref idref="oc-4d0"/>
      </symbol>
      <symbol id="sm-fa7">
         <name>g_pfnRAMVectors</name>
         <value>0x20000000</value>
         <object_component_ref idref="oc-639"/>
      </symbol>
      <symbol id="sm-fa8">
         <name>IntMasterEnable</name>
         <value>0x67d1</value>
         <object_component_ref idref="oc-350"/>
      </symbol>
      <symbol id="sm-fd7">
         <name>PWMGenPeriodSet</name>
         <value>0x67f1</value>
         <object_component_ref idref="oc-30f"/>
      </symbol>
      <symbol id="sm-fd8">
         <name>PWMDeadBandEnable</name>
         <value>0x67e1</value>
         <object_component_ref idref="oc-315"/>
      </symbol>
      <symbol id="sm-fd9">
         <name>PWMClockSet</name>
         <value>0x66b5</value>
         <object_component_ref idref="oc-303"/>
      </symbol>
      <symbol id="sm-fda">
         <name>PWMPulseWidthSet</name>
         <value>0x654b</value>
         <object_component_ref idref="oc-31d"/>
      </symbol>
      <symbol id="sm-fdb">
         <name>PWMGenConfigure</name>
         <value>0x6429</value>
         <object_component_ref idref="oc-309"/>
      </symbol>
      <symbol id="sm-106c">
         <name>SysCtlDelay</name>
         <value>0x690f</value>
         <object_component_ref idref="oc-25a"/>
      </symbol>
      <symbol id="sm-106d">
         <name>SysCtlMOSCConfigSet</name>
         <value>0x6879</value>
         <object_component_ref idref="oc-1b4"/>
      </symbol>
      <symbol id="sm-106e">
         <name>SysCtlPeripheralEnable</name>
         <value>0x6075</value>
         <object_component_ref idref="oc-2eb"/>
      </symbol>
      <symbol id="sm-106f">
         <name>SysCtlPeripheralReady</name>
         <value>0x5ef9</value>
         <object_component_ref idref="oc-2f1"/>
      </symbol>
      <symbol id="sm-1070">
         <name>SysCtlClockFreqSet</name>
         <value>0x1b3d</value>
         <object_component_ref idref="oc-1ba"/>
      </symbol>
      <symbol id="sm-1071">
         <name>SysCtlPeripheralReset</name>
         <value>0x5769</value>
         <object_component_ref idref="oc-5ae"/>
      </symbol>
      <symbol id="sm-1094">
         <name>SysTickEnable</name>
         <value>0x66c9</value>
         <object_component_ref idref="oc-2c4"/>
      </symbol>
      <symbol id="sm-1095">
         <name>SysTickIntEnable</name>
         <value>0x66dd</value>
         <object_component_ref idref="oc-2ca"/>
      </symbol>
      <symbol id="sm-1096">
         <name>SysTickPeriodSet</name>
         <value>0x6801</value>
         <object_component_ref idref="oc-2be"/>
      </symbol>
      <symbol id="sm-10f1">
         <name>TimerLoadSet</name>
         <value>0x6777</value>
         <object_component_ref idref="oc-344"/>
      </symbol>
      <symbol id="sm-10f2">
         <name>TimerIntRegister</name>
         <value>0x65b9</value>
         <object_component_ref idref="oc-34a"/>
      </symbol>
      <symbol id="sm-10f3">
         <name>TimerEnable</name>
         <value>0x684f</value>
         <object_component_ref idref="oc-362"/>
      </symbol>
      <symbol id="sm-10f4">
         <name>TimerIntEnable</name>
         <value>0x68e1</value>
         <object_component_ref idref="oc-356"/>
      </symbol>
      <symbol id="sm-10f5">
         <name>TimerConfigure</name>
         <value>0x512d</value>
         <object_component_ref idref="oc-33e"/>
      </symbol>
      <symbol id="sm-10f6">
         <name>TimerIntClear</name>
         <value>0x692d</value>
         <object_component_ref idref="oc-4e4"/>
      </symbol>
      <symbol id="sm-1100">
         <name>CPUcpsie</name>
         <value>0x686b</value>
         <object_component_ref idref="oc-4d7"/>
      </symbol>
      <symbol id="sm-1101">
         <name>__TI_static_base__</name>
         <value>0x0</value>
      </symbol>
      <symbol id="sm-1104">
         <name>SHT$$INIT_ARRAY$$Limit</name>
         <value>0x0</value>
      </symbol>
      <symbol id="sm-1105">
         <name>SHT$$INIT_ARRAY$$Base</name>
         <value>0x0</value>
      </symbol>
   </symbol_table>
   <title>Link successful</title>
</link_info>
