<?xml version="1.0"?>
<link_info>
   <banner>TI ARM Linker Unix v16.9.4.LTS</banner>
   <copyright>Copyright (c) 1996-2017 Texas Instruments Incorporated</copyright>
   <link_time>0x5a2837c2</link_time>
   <link_errors>0x0</link_errors>
   <output_file>lwip.out</output_file>
   <entry_point>
      <name>_c_int00</name>
      <address>0x413d</address>
   </entry_point>
   <input_file_list>
      <input_file id="fl-2">
         <path>./</path>
         <kind>object</kind>
         <file>enet_lwip.obj</file>
         <name>enet_lwip.obj</name>
      </input_file>
      <input_file id="fl-3">
         <path>./</path>
         <kind>object</kind>
         <file>startup_ccs.obj</file>
         <name>startup_ccs.obj</name>
      </input_file>
      <input_file id="fl-4">
         <path>./</path>
         <kind>object</kind>
         <file>usr_adc.obj</file>
         <name>usr_adc.obj</name>
      </input_file>
      <input_file id="fl-5">
         <path>./</path>
         <kind>object</kind>
         <file>usr_eth.obj</file>
         <name>usr_eth.obj</name>
      </input_file>
      <input_file id="fl-6">
         <path>./</path>
         <kind>object</kind>
         <file>usr_pwm.obj</file>
         <name>usr_pwm.obj</name>
      </input_file>
      <input_file id="fl-7">
         <path>./</path>
         <kind>object</kind>
         <file>usr_timer.obj</file>
         <name>usr_timer.obj</name>
      </input_file>
      <input_file id="fl-8">
         <path>./drivers/</path>
         <kind>object</kind>
         <file>pinout.obj</file>
         <name>pinout.obj</name>
      </input_file>
      <input_file id="fl-9">
         <path>./third_party/fatfs/port/</path>
         <kind>object</kind>
         <file>mmc-ek-tm4c1294xl.obj</file>
         <name>mmc-ek-tm4c1294xl.obj</name>
      </input_file>
      <input_file id="fl-a">
         <path>./third_party/fatfs/src/</path>
         <kind>object</kind>
         <file>ff.obj</file>
         <name>ff.obj</name>
      </input_file>
      <input_file id="fl-b">
         <path>./third_party/lwip-1.4.1/apps/httpserver_raw/</path>
         <kind>object</kind>
         <file>httpd.obj</file>
         <name>httpd.obj</name>
      </input_file>
      <input_file id="fl-c">
         <path>./utils/</path>
         <kind>object</kind>
         <file>locator.obj</file>
         <name>locator.obj</name>
      </input_file>
      <input_file id="fl-d">
         <path>./utils/</path>
         <kind>object</kind>
         <file>lwiplib.obj</file>
         <name>lwiplib.obj</name>
      </input_file>
      <input_file id="fl-e">
         <path>./utils/</path>
         <kind>object</kind>
         <file>uartstdio.obj</file>
         <name>uartstdio.obj</name>
      </input_file>
      <input_file id="fl-f">
         <path>./utils/</path>
         <kind>object</kind>
         <file>ustdlib.obj</file>
         <name>ustdlib.obj</name>
      </input_file>
      <input_file id="fl-14">
         <kind>object</kind>
         <file>&lt;internal&gt;</file>
         <name>&lt;internal&gt;</name>
      </input_file>
      <input_file id="fl-ca">
         <path>/Applications/ti/ccsv7/tools/compiler/ti-cgt-arm_16.9.4.LTS/lib/</path>
         <kind>archive</kind>
         <file>rtsv7M4_T_le_v4SPD16_eabi.lib</file>
         <name>boot.obj</name>
      </input_file>
      <input_file id="fl-cb">
         <path>/Applications/ti/ccsv7/tools/compiler/ti-cgt-arm_16.9.4.LTS/lib/</path>
         <kind>archive</kind>
         <file>rtsv7M4_T_le_v4SPD16_eabi.lib</file>
         <name>copy_decompress_lzss.obj</name>
      </input_file>
      <input_file id="fl-cc">
         <path>/Applications/ti/ccsv7/tools/compiler/ti-cgt-arm_16.9.4.LTS/lib/</path>
         <kind>archive</kind>
         <file>rtsv7M4_T_le_v4SPD16_eabi.lib</file>
         <name>copy_decompress_none.obj</name>
      </input_file>
      <input_file id="fl-cd">
         <path>/Applications/ti/ccsv7/tools/compiler/ti-cgt-arm_16.9.4.LTS/lib/</path>
         <kind>archive</kind>
         <file>rtsv7M4_T_le_v4SPD16_eabi.lib</file>
         <name>copy_zero_init.obj</name>
      </input_file>
      <input_file id="fl-ce">
         <path>/Applications/ti/ccsv7/tools/compiler/ti-cgt-arm_16.9.4.LTS/lib/</path>
         <kind>archive</kind>
         <file>rtsv7M4_T_le_v4SPD16_eabi.lib</file>
         <name>exit.obj</name>
      </input_file>
      <input_file id="fl-cf">
         <path>/Applications/ti/ccsv7/tools/compiler/ti-cgt-arm_16.9.4.LTS/lib/</path>
         <kind>archive</kind>
         <file>rtsv7M4_T_le_v4SPD16_eabi.lib</file>
         <name>memcmp.obj</name>
      </input_file>
      <input_file id="fl-d0">
         <path>/Applications/ti/ccsv7/tools/compiler/ti-cgt-arm_16.9.4.LTS/lib/</path>
         <kind>archive</kind>
         <file>rtsv7M4_T_le_v4SPD16_eabi.lib</file>
         <name>memcpy_t2.obj</name>
      </input_file>
      <input_file id="fl-d1">
         <path>/Applications/ti/ccsv7/tools/compiler/ti-cgt-arm_16.9.4.LTS/lib/</path>
         <kind>archive</kind>
         <file>rtsv7M4_T_le_v4SPD16_eabi.lib</file>
         <name>memset_t2.obj</name>
      </input_file>
      <input_file id="fl-d2">
         <path>/Applications/ti/ccsv7/tools/compiler/ti-cgt-arm_16.9.4.LTS/lib/</path>
         <kind>archive</kind>
         <file>rtsv7M4_T_le_v4SPD16_eabi.lib</file>
         <name>mpu_init.obj</name>
      </input_file>
      <input_file id="fl-d3">
         <path>/Applications/ti/ccsv7/tools/compiler/ti-cgt-arm_16.9.4.LTS/lib/</path>
         <kind>archive</kind>
         <file>rtsv7M4_T_le_v4SPD16_eabi.lib</file>
         <name>pre_init.obj</name>
      </input_file>
      <input_file id="fl-d4">
         <path>/Applications/ti/ccsv7/tools/compiler/ti-cgt-arm_16.9.4.LTS/lib/</path>
         <kind>archive</kind>
         <file>rtsv7M4_T_le_v4SPD16_eabi.lib</file>
         <name>stkdepth_vars.obj</name>
      </input_file>
      <input_file id="fl-d5">
         <path>/Applications/ti/ccsv7/tools/compiler/ti-cgt-arm_16.9.4.LTS/lib/</path>
         <kind>archive</kind>
         <file>rtsv7M4_T_le_v4SPD16_eabi.lib</file>
         <name>strchr.obj</name>
      </input_file>
      <input_file id="fl-d6">
         <path>/Applications/ti/ccsv7/tools/compiler/ti-cgt-arm_16.9.4.LTS/lib/</path>
         <kind>archive</kind>
         <file>rtsv7M4_T_le_v4SPD16_eabi.lib</file>
         <name>strcmp.obj</name>
      </input_file>
      <input_file id="fl-d7">
         <path>/Applications/ti/ccsv7/tools/compiler/ti-cgt-arm_16.9.4.LTS/lib/</path>
         <kind>archive</kind>
         <file>rtsv7M4_T_le_v4SPD16_eabi.lib</file>
         <name>strcpy.obj</name>
      </input_file>
      <input_file id="fl-d8">
         <path>/Applications/ti/ccsv7/tools/compiler/ti-cgt-arm_16.9.4.LTS/lib/</path>
         <kind>archive</kind>
         <file>rtsv7M4_T_le_v4SPD16_eabi.lib</file>
         <name>strlen.obj</name>
      </input_file>
      <input_file id="fl-d9">
         <path>/Applications/ti/ccsv7/tools/compiler/ti-cgt-arm_16.9.4.LTS/lib/</path>
         <kind>archive</kind>
         <file>rtsv7M4_T_le_v4SPD16_eabi.lib</file>
         <name>strncmp.obj</name>
      </input_file>
      <input_file id="fl-da">
         <path>/Applications/ti/ccsv7/tools/compiler/ti-cgt-arm_16.9.4.LTS/lib/</path>
         <kind>archive</kind>
         <file>rtsv7M4_T_le_v4SPD16_eabi.lib</file>
         <name>strstr.obj</name>
      </input_file>
      <input_file id="fl-db">
         <path>/Applications/ti/ccsv7/tools/compiler/ti-cgt-arm_16.9.4.LTS/lib/</path>
         <kind>archive</kind>
         <file>rtsv7M4_T_le_v4SPD16_eabi.lib</file>
         <name>u_divt2.obj</name>
      </input_file>
      <input_file id="fl-dc">
         <path>/Applications/ti/ccsv7/tools/compiler/ti-cgt-arm_16.9.4.LTS/lib/</path>
         <kind>archive</kind>
         <file>rtsv7M4_T_le_v4SPD16_eabi.lib</file>
         <name>_lock.obj</name>
      </input_file>
      <input_file id="fl-dd">
         <path>/Applications/ti/ccsv7/tools/compiler/ti-cgt-arm_16.9.4.LTS/lib/</path>
         <kind>archive</kind>
         <file>rtsv7M4_T_le_v4SPD16_eabi.lib</file>
         <name>args_main.obj</name>
      </input_file>
      <input_file id="fl-de">
         <path>/Applications/ti/ccsv7/tools/compiler/ti-cgt-arm_16.9.4.LTS/lib/</path>
         <kind>archive</kind>
         <file>rtsv7M4_T_le_v4SPD16_eabi.lib</file>
         <name>autoinit.obj</name>
      </input_file>
      <input_file id="fl-df">
         <path>/Applications/ti/ccsv7/tools/compiler/ti-cgt-arm_16.9.4.LTS/lib/</path>
         <kind>archive</kind>
         <file>rtsv7M4_T_le_v4SPD16_eabi.lib</file>
         <name>cpy_tbl.obj</name>
      </input_file>
      <input_file id="fl-e0">
         <path>/Applications/ti/ccsv7/tools/compiler/ti-cgt-arm_16.9.4.LTS/lib/</path>
         <kind>archive</kind>
         <file>rtsv7M4_T_le_v4SPD16_eabi.lib</file>
         <name>i_div0.obj</name>
      </input_file>
      <input_file id="fl-e1">
         <path>/Applications/ti/ccsv7/tools/compiler/ti-cgt-arm_16.9.4.LTS/lib/</path>
         <kind>archive</kind>
         <file>rtsv7M4_T_le_v4SPD16_eabi.lib</file>
         <name>startup.obj</name>
      </input_file>
      <input_file id="fl-e2">
         <path>/Users/chentuofei/ti/TivaWare_C_Series-2.1.3.156/driverlib/ccs/Debug/</path>
         <kind>archive</kind>
         <file>driverlib.lib</file>
         <name>adc.obj</name>
      </input_file>
      <input_file id="fl-e3">
         <path>/Users/chentuofei/ti/TivaWare_C_Series-2.1.3.156/driverlib/ccs/Debug/</path>
         <kind>archive</kind>
         <file>driverlib.lib</file>
         <name>emac.obj</name>
      </input_file>
      <input_file id="fl-e4">
         <path>/Users/chentuofei/ti/TivaWare_C_Series-2.1.3.156/driverlib/ccs/Debug/</path>
         <kind>archive</kind>
         <file>driverlib.lib</file>
         <name>flash.obj</name>
      </input_file>
      <input_file id="fl-e5">
         <path>/Users/chentuofei/ti/TivaWare_C_Series-2.1.3.156/driverlib/ccs/Debug/</path>
         <kind>archive</kind>
         <file>driverlib.lib</file>
         <name>gpio.obj</name>
      </input_file>
      <input_file id="fl-e6">
         <path>/Users/chentuofei/ti/TivaWare_C_Series-2.1.3.156/driverlib/ccs/Debug/</path>
         <kind>archive</kind>
         <file>driverlib.lib</file>
         <name>interrupt.obj</name>
      </input_file>
      <input_file id="fl-e7">
         <path>/Users/chentuofei/ti/TivaWare_C_Series-2.1.3.156/driverlib/ccs/Debug/</path>
         <kind>archive</kind>
         <file>driverlib.lib</file>
         <name>pwm.obj</name>
      </input_file>
      <input_file id="fl-e8">
         <path>/Users/chentuofei/ti/TivaWare_C_Series-2.1.3.156/driverlib/ccs/Debug/</path>
         <kind>archive</kind>
         <file>driverlib.lib</file>
         <name>sw_crc.obj</name>
      </input_file>
      <input_file id="fl-e9">
         <path>/Users/chentuofei/ti/TivaWare_C_Series-2.1.3.156/driverlib/ccs/Debug/</path>
         <kind>archive</kind>
         <file>driverlib.lib</file>
         <name>sysctl.obj</name>
      </input_file>
      <input_file id="fl-ea">
         <path>/Users/chentuofei/ti/TivaWare_C_Series-2.1.3.156/driverlib/ccs/Debug/</path>
         <kind>archive</kind>
         <file>driverlib.lib</file>
         <name>systick.obj</name>
      </input_file>
      <input_file id="fl-eb">
         <path>/Users/chentuofei/ti/TivaWare_C_Series-2.1.3.156/driverlib/ccs/Debug/</path>
         <kind>archive</kind>
         <file>driverlib.lib</file>
         <name>timer.obj</name>
      </input_file>
      <input_file id="fl-ec">
         <path>/Users/chentuofei/ti/TivaWare_C_Series-2.1.3.156/driverlib/ccs/Debug/</path>
         <kind>archive</kind>
         <file>driverlib.lib</file>
         <name>cpu.obj</name>
      </input_file>
   </input_file_list>
   <object_component_list>
      <object_component id="oc-f">
         <name>.intvecs</name>
         <load_address>0x0</load_address>
         <run_address>0x0</run_address>
         <size>0x200</size>
         <input_file_ref idref="fl-3"/>
      </object_component>
      <object_component id="oc-540">
         <name>.text:tcp_receive</name>
         <load_address>0x200</load_address>
         <run_address>0x200</run_address>
         <size>0x7c0</size>
         <input_file_ref idref="fl-d"/>
      </object_component>
      <object_component id="oc-409">
         <name>.text:tcp_input</name>
         <load_address>0x9c0</load_address>
         <run_address>0x9c0</run_address>
         <size>0x3b0</size>
         <input_file_ref idref="fl-d"/>
      </object_component>
      <object_component id="oc-4bb">
         <name>.text:tcp_process</name>
         <load_address>0xd70</load_address>
         <run_address>0xd70</run_address>
         <size>0x3b0</size>
         <input_file_ref idref="fl-d"/>
      </object_component>
      <object_component id="oc-25b">
         <name>.text:tcp_slowtmr</name>
         <load_address>0x1120</load_address>
         <run_address>0x1120</run_address>
         <size>0x2c8</size>
         <input_file_ref idref="fl-d"/>
      </object_component>
      <object_component id="oc-421">
         <name>.text:uvsnprintf</name>
         <load_address>0x13e8</load_address>
         <run_address>0x13e8</run_address>
         <size>0x24d</size>
         <input_file_ref idref="fl-f"/>
      </object_component>
      <object_component id="oc-37">
         <name>.text:FaultISR</name>
         <load_address>0x1636</load_address>
         <run_address>0x1636</run_address>
         <size>0x2</size>
         <input_file_ref idref="fl-3"/>
      </object_component>
      <object_component id="oc-1c0">
         <name>.text:PinoutSet</name>
         <load_address>0x1638</load_address>
         <run_address>0x1638</run_address>
         <size>0x218</size>
         <input_file_ref idref="fl-8"/>
      </object_component>
      <object_component id="oc-1ba">
         <name>.text:SysCtlClockFreqSet</name>
         <load_address>0x1850</load_address>
         <run_address>0x1850</run_address>
         <size>0x1ec</size>
         <input_file_ref idref="fl-e9"/>
      </object_component>
      <object_component id="oc-29e">
         <name>.text:UARTvprintf</name>
         <load_address>0x1a3c</load_address>
         <run_address>0x1a3c</run_address>
         <size>0x1ea</size>
         <input_file_ref idref="fl-e"/>
      </object_component>
      <object_component id="oc-3d">
         <name>.text:IntDefaultHandler</name>
         <load_address>0x1c26</load_address>
         <run_address>0x1c26</run_address>
         <size>0x2</size>
         <input_file_ref idref="fl-3"/>
      </object_component>
      <object_component id="oc-313">
         <name>.text:ip_input</name>
         <load_address>0x1c28</load_address>
         <run_address>0x1c28</run_address>
         <size>0x1a8</size>
         <input_file_ref idref="fl-d"/>
      </object_component>
      <object_component id="oc-403">
         <name>.text:udp_input</name>
         <load_address>0x1dd0</load_address>
         <run_address>0x1dd0</run_address>
         <size>0x194</size>
         <input_file_ref idref="fl-d"/>
      </object_component>
      <object_component id="oc-33b">
         <name>.text:tcp_output</name>
         <load_address>0x1f64</load_address>
         <run_address>0x1f64</run_address>
         <size>0x190</size>
         <input_file_ref idref="fl-d"/>
      </object_component>
      <object_component id="oc-40f">
         <name>.text:icmp_input</name>
         <load_address>0x20f4</load_address>
         <run_address>0x20f4</run_address>
         <size>0x184</size>
         <input_file_ref idref="fl-d"/>
      </object_component>
      <object_component id="oc-55f">
         <name>.text:tcp_close_shutdown</name>
         <load_address>0x2278</load_address>
         <run_address>0x2278</run_address>
         <size>0x148</size>
         <input_file_ref idref="fl-d"/>
      </object_component>
      <object_component id="oc-113">
         <name>.text:tivaif_receive</name>
         <load_address>0x23c0</load_address>
         <run_address>0x23c0</run_address>
         <size>0x140</size>
         <input_file_ref idref="fl-d"/>
      </object_component>
      <object_component id="oc-236">
         <name>.text:pbuf_alloc</name>
         <load_address>0x2500</load_address>
         <run_address>0x2500</run_address>
         <size>0x13a</size>
         <input_file_ref idref="fl-d"/>
      </object_component>
      <object_component id="oc-289">
         <name>.text:GPIOPadConfigSet</name>
         <load_address>0x263a</load_address>
         <run_address>0x263a</run_address>
         <size>0x132</size>
         <input_file_ref idref="fl-e5"/>
      </object_component>
      <object_component id="oc-307">
         <name>.text:etharp_arp_input</name>
         <load_address>0x276c</load_address>
         <run_address>0x276c</run_address>
         <size>0x124</size>
         <input_file_ref idref="fl-d"/>
      </object_component>
      <object_component id="oc-4af">
         <name>.text:tcp_listen_input</name>
         <load_address>0x2890</load_address>
         <run_address>0x2890</run_address>
         <size>0x114</size>
         <input_file_ref idref="fl-d"/>
      </object_component>
      <object_component id="oc-329">
         <name>.text:mem_malloc</name>
         <load_address>0x29a4</load_address>
         <run_address>0x29a4</run_address>
         <size>0xf8</size>
         <input_file_ref idref="fl-d"/>
      </object_component>
      <object_component id="oc-49d">
         <name>.text:mem_trim</name>
         <load_address>0x2a9c</load_address>
         <run_address>0x2a9c</run_address>
         <size>0xec</size>
         <input_file_ref idref="fl-d"/>
      </object_component>
      <object_component id="oc-48f">
         <name>.text:etharp_find_entry</name>
         <load_address>0x2b88</load_address>
         <run_address>0x2b88</run_address>
         <size>0xe0</size>
         <input_file_ref idref="fl-d"/>
      </object_component>
      <object_component id="oc-119">
         <name>.text:lwIPHostTimerHandler</name>
         <load_address>0x2c68</load_address>
         <run_address>0x2c68</run_address>
         <size>0xdc</size>
         <input_file_ref idref="fl-2"/>
      </object_component>
      <object_component id="oc-520">
         <name>.text:tcp_alloc</name>
         <load_address>0x2d44</load_address>
         <run_address>0x2d44</run_address>
         <size>0xd0</size>
         <input_file_ref idref="fl-d"/>
      </object_component>
      <object_component id="oc-3c4">
         <name>.text:etharp_raw</name>
         <load_address>0x2e14</load_address>
         <run_address>0x2e14</run_address>
         <size>0xc4</size>
         <input_file_ref idref="fl-d"/>
      </object_component>
      <object_component id="oc-435">
         <name>.text:tcp_output_segment</name>
         <load_address>0x2ed8</load_address>
         <run_address>0x2ed8</run_address>
         <size>0xc0</size>
         <input_file_ref idref="fl-d"/>
      </object_component>
      <object_component id="oc-58b">
         <name>.text:tcp_create_segment</name>
         <load_address>0x2f98</load_address>
         <run_address>0x2f98</run_address>
         <size>0xbc</size>
         <input_file_ref idref="fl-d"/>
      </object_component>
      <object_component id="oc-230">
         <name>.text:ethernet_input</name>
         <load_address>0x3054</load_address>
         <run_address>0x3054</run_address>
         <size>0xac</size>
         <input_file_ref idref="fl-d"/>
      </object_component>
      <object_component id="oc-532">
         <name>.text:tcp_enqueue_flags</name>
         <load_address>0x3100</load_address>
         <run_address>0x3100</run_address>
         <size>0xa8</size>
         <input_file_ref idref="fl-d"/>
      </object_component>
      <object_component id="oc-4de">
         <name>.text:ip_output_if</name>
         <load_address>0x31a8</load_address>
         <run_address>0x31a8</run_address>
         <size>0xa4</size>
         <input_file_ref idref="fl-d"/>
      </object_component>
      <object_component id="oc-5d">
         <name>.text</name>
         <load_address>0x324c</load_address>
         <run_address>0x324c</run_address>
         <size>0x9c</size>
         <input_file_ref idref="fl-d0"/>
      </object_component>
      <object_component id="oc-4d8">
         <name>.text:pbuf_copy</name>
         <load_address>0x32e8</load_address>
         <run_address>0x32e8</run_address>
         <size>0x92</size>
         <input_file_ref idref="fl-d"/>
      </object_component>
      <object_component id="oc-31">
         <name>.text:NmiSR</name>
         <load_address>0x337a</load_address>
         <run_address>0x337a</run_address>
         <size>0x2</size>
         <input_file_ref idref="fl-3"/>
      </object_component>
      <object_component id="oc-538">
         <name>.text:tcp_abandon</name>
         <load_address>0x337c</load_address>
         <run_address>0x337c</run_address>
         <size>0x90</size>
         <input_file_ref idref="fl-d"/>
      </object_component>
      <object_component id="oc-e8">
         <name>.text:main</name>
         <load_address>0x340c</load_address>
         <run_address>0x340c</run_address>
         <size>0x8c</size>
         <input_file_ref idref="fl-2"/>
      </object_component>
      <object_component id="oc-350">
         <name>.text:tcp_zero_window_probe</name>
         <load_address>0x3498</load_address>
         <run_address>0x3498</run_address>
         <size>0x8c</size>
         <input_file_ref idref="fl-d"/>
      </object_component>
      <object_component id="oc-4b5">
         <name>.text:tcp_timewait_input</name>
         <load_address>0x3524</load_address>
         <run_address>0x3524</run_address>
         <size>0x84</size>
         <input_file_ref idref="fl-d"/>
      </object_component>
      <object_component id="oc-52c">
         <name>.text:tcp_parseopt</name>
         <load_address>0x35a8</load_address>
         <run_address>0x35a8</run_address>
         <size>0x80</size>
         <input_file_ref idref="fl-d"/>
      </object_component>
      <object_component id="oc-368">
         <name>.text:tcp_rst</name>
         <load_address>0x3628</load_address>
         <run_address>0x3628</run_address>
         <size>0x7c</size>
         <input_file_ref idref="fl-d"/>
      </object_component>
      <object_component id="oc-107">
         <name>.text:tivaif_process_phy_interrupt</name>
         <load_address>0x36a4</load_address>
         <run_address>0x36a4</run_address>
         <size>0x7c</size>
         <input_file_ref idref="fl-d"/>
      </object_component>
      <object_component id="oc-69">
         <name>.text</name>
         <load_address>0x3720</load_address>
         <run_address>0x3720</run_address>
         <size>0x7a</size>
         <input_file_ref idref="fl-d1"/>
      </object_component>
      <object_component id="oc-474">
         <name>.text</name>
         <load_address>0x379a</load_address>
         <run_address>0x379a</run_address>
         <size>0x2</size>
         <input_file_ref idref="fl-e0"/>
      </object_component>
      <object_component id="oc-5a5">
         <name>.text:tcp_oos_insert_segment</name>
         <load_address>0x379c</load_address>
         <run_address>0x379c</run_address>
         <size>0x78</size>
         <input_file_ref idref="fl-d"/>
      </object_component>
      <object_component id="oc-3dd">
         <name>.text:etharp_update_arp_entry</name>
         <load_address>0x3814</load_address>
         <run_address>0x3814</run_address>
         <size>0x74</size>
         <input_file_ref idref="fl-d"/>
      </object_component>
      <object_component id="oc-3f7">
         <name>.text:raw_input</name>
         <load_address>0x3888</load_address>
         <run_address>0x3888</run_address>
         <size>0x74</size>
         <input_file_ref idref="fl-d"/>
      </object_component>
      <object_component id="oc-81">
         <name>.text</name>
         <load_address>0x38fc</load_address>
         <run_address>0x38fc</run_address>
         <size>0x70</size>
         <input_file_ref idref="fl-de"/>
      </object_component>
      <object_component id="oc-255">
         <name>.text:tcp_fasttmr</name>
         <load_address>0x396c</load_address>
         <run_address>0x396c</run_address>
         <size>0x70</size>
         <input_file_ref idref="fl-d"/>
      </object_component>
      <object_component id="oc-1d9">
         <name>.text:LEDWrite</name>
         <load_address>0x39dc</load_address>
         <run_address>0x39dc</run_address>
         <size>0x6c</size>
         <input_file_ref idref="fl-8"/>
      </object_component>
      <object_component id="oc-1d2">
         <name>.text:eth_init</name>
         <load_address>0x3a48</load_address>
         <run_address>0x3a48</run_address>
         <size>0x6c</size>
         <input_file_ref idref="fl-5"/>
      </object_component>
      <object_component id="oc-4a6">
         <name>.text:icmp_send_response</name>
         <load_address>0x3ab4</load_address>
         <run_address>0x3ab4</run_address>
         <size>0x6c</size>
         <input_file_ref idref="fl-d"/>
      </object_component>
      <object_component id="oc-12">
         <name>.text:decompress:lzss</name>
         <load_address>0x3b20</load_address>
         <run_address>0x3b20</run_address>
         <size>0x68</size>
         <input_file_ref idref="fl-cb"/>
      </object_component>
      <object_component id="oc-552">
         <name>.text:lwip_standard_chksum</name>
         <load_address>0x3b88</load_address>
         <run_address>0x3b88</run_address>
         <size>0x68</size>
         <input_file_ref idref="fl-d"/>
      </object_component>
      <object_component id="oc-451">
         <name>.text:pbuf_copy_partial</name>
         <load_address>0x3bf0</load_address>
         <run_address>0x3bf0</run_address>
         <size>0x68</size>
         <input_file_ref idref="fl-d"/>
      </object_component>
      <object_component id="oc-57d">
         <name>.text:sys_timeout</name>
         <load_address>0x3c58</load_address>
         <run_address>0x3c58</run_address>
         <size>0x68</size>
         <input_file_ref idref="fl-d"/>
      </object_component>
      <object_component id="oc-44b">
         <name>.text:tcp_output_alloc_header</name>
         <load_address>0x3cc0</load_address>
         <run_address>0x3cc0</run_address>
         <size>0x68</size>
         <input_file_ref idref="fl-d"/>
      </object_component>
      <object_component id="oc-341">
         <name>.text:tcp_process_refused_data</name>
         <load_address>0x3d28</load_address>
         <run_address>0x3d28</run_address>
         <size>0x68</size>
         <input_file_ref idref="fl-d"/>
      </object_component>
      <object_component id="oc-2f3">
         <name>.text:mem_free</name>
         <load_address>0x3d90</load_address>
         <run_address>0x3d90</run_address>
         <size>0x64</size>
         <input_file_ref idref="fl-d"/>
      </object_component>
      <object_component id="oc-3d0">
         <name>.text:plug_holes</name>
         <load_address>0x3df4</load_address>
         <run_address>0x3df4</run_address>
         <size>0x64</size>
         <input_file_ref idref="fl-d"/>
      </object_component>
      <object_component id="oc-30d">
         <name>.text:pbuf_header</name>
         <load_address>0x3e58</load_address>
         <run_address>0x3e58</run_address>
         <size>0x62</size>
         <input_file_ref idref="fl-d"/>
      </object_component>
      <object_component id="oc-75">
         <name>.text</name>
         <load_address>0x3eba</load_address>
         <run_address>0x3eba</run_address>
         <size>0x2</size>
         <input_file_ref idref="fl-d2"/>
      </object_component>
      <object_component id="oc-297">
         <name>.text:UARTStdioConfig</name>
         <load_address>0x3ebc</load_address>
         <run_address>0x3ebc</run_address>
         <size>0x60</size>
         <input_file_ref idref="fl-e"/>
      </object_component>
      <object_component id="oc-1c6">
         <name>.text:ConfigureUART</name>
         <load_address>0x3f1c</load_address>
         <run_address>0x3f1c</run_address>
         <size>0x5c</size>
         <input_file_ref idref="fl-2"/>
      </object_component>
      <object_component id="oc-49">
         <name>.text:lwIPEthernetIntHandler</name>
         <load_address>0x3f78</load_address>
         <run_address>0x3f78</run_address>
         <size>0x5c</size>
         <input_file_ref idref="fl-d"/>
      </object_component>
      <object_component id="oc-4c7">
         <name>.text:tcp_pcb_remove</name>
         <load_address>0x3fd4</load_address>
         <run_address>0x3fd4</run_address>
         <size>0x5c</size>
         <input_file_ref idref="fl-d"/>
      </object_component>
      <object_component id="oc-3eb">
         <name>.text:pbuf_realloc</name>
         <load_address>0x4030</load_address>
         <run_address>0x4030</run_address>
         <size>0x5a</size>
         <input_file_ref idref="fl-d"/>
      </object_component>
      <object_component id="oc-e0">
         <name>.text</name>
         <load_address>0x408a</load_address>
         <run_address>0x408a</run_address>
         <size>0x2</size>
         <input_file_ref idref="fl-e1"/>
      </object_component>
      <object_component id="oc-31d">
         <name>.text:memp_malloc</name>
         <load_address>0x408c</load_address>
         <run_address>0x408c</run_address>
         <size>0x58</size>
         <input_file_ref idref="fl-d"/>
      </object_component>
      <object_component id="oc-546">
         <name>.text:tcp_rexmit</name>
         <load_address>0x40e4</load_address>
         <run_address>0x40e4</run_address>
         <size>0x56</size>
         <input_file_ref idref="fl-d"/>
      </object_component>
      <object_component id="oc-24">
         <name>.text</name>
         <load_address>0x413c</load_address>
         <run_address>0x413c</run_address>
         <size>0x54</size>
         <input_file_ref idref="fl-ca"/>
      </object_component>
      <object_component id="oc-8d">
         <name>.text</name>
         <load_address>0x4190</load_address>
         <run_address>0x4190</run_address>
         <size>0x54</size>
         <input_file_ref idref="fl-ce"/>
      </object_component>
      <object_component id="oc-10d">
         <name>.text:tivaif_process_transmit</name>
         <load_address>0x41e4</load_address>
         <run_address>0x41e4</run_address>
         <size>0x52</size>
         <input_file_ref idref="fl-d"/>
      </object_component>
      <object_component id="oc-ae">
         <name>.text:lwIPServiceTimers</name>
         <load_address>0x4238</load_address>
         <run_address>0x4238</run_address>
         <size>0x50</size>
         <input_file_ref idref="fl-d"/>
      </object_component>
      <object_component id="oc-4d2">
         <name>.text:inet_chksum_pbuf</name>
         <load_address>0x4288</load_address>
         <run_address>0x4288</run_address>
         <size>0x4e</size>
         <input_file_ref idref="fl-d"/>
      </object_component>
      <object_component id="oc-223">
         <name>.text:pbuf_free</name>
         <load_address>0x42d6</load_address>
         <run_address>0x42d6</run_address>
         <size>0x4e</size>
         <input_file_ref idref="fl-d"/>
      </object_component>
      <object_component id="oc-4fb">
         <name>.text:ip_route</name>
         <load_address>0x4324</load_address>
         <run_address>0x4324</run_address>
         <size>0x4c</size>
         <input_file_ref idref="fl-d"/>
      </object_component>
      <object_component id="oc-da">
         <name>.text</name>
         <load_address>0x4370</load_address>
         <run_address>0x4370</run_address>
         <size>0x4c</size>
         <input_file_ref idref="fl-df"/>
      </object_component>
      <object_component id="oc-a8">
         <name>.text:tivaif_interrupt</name>
         <load_address>0x43bc</load_address>
         <run_address>0x43bc</run_address>
         <size>0x4c</size>
         <input_file_ref idref="fl-d"/>
      </object_component>
      <object_component id="oc-3a3">
         <name>.text:UARTwrite</name>
         <load_address>0x4408</load_address>
         <run_address>0x4408</run_address>
         <size>0x48</size>
         <input_file_ref idref="fl-e"/>
      </object_component>
      <object_component id="oc-279">
         <name>.text:_SysCtlFrequencyGet</name>
         <load_address>0x4450</load_address>
         <run_address>0x4450</run_address>
         <size>0x48</size>
         <input_file_ref idref="fl-e9"/>
      </object_component>
      <object_component id="oc-457">
         <name>.text:ip_output</name>
         <load_address>0x4498</load_address>
         <run_address>0x4498</run_address>
         <size>0x48</size>
         <input_file_ref idref="fl-d"/>
      </object_component>
      <object_component id="oc-574">
         <name>.text:tcp_kill_prio</name>
         <load_address>0x44e0</load_address>
         <run_address>0x44e0</run_address>
         <size>0x48</size>
         <input_file_ref idref="fl-d"/>
      </object_component>
      <object_component id="oc-599">
         <name>.text:tcp_rexmit_fast</name>
         <load_address>0x4528</load_address>
         <run_address>0x4528</run_address>
         <size>0x48</size>
         <input_file_ref idref="fl-d"/>
      </object_component>
      <object_component id="oc-42f">
         <name>.text:tcp_send_empty_ack</name>
         <load_address>0x4570</load_address>
         <run_address>0x4570</run_address>
         <size>0x46</size>
         <input_file_ref idref="fl-d"/>
      </object_component>
      <object_component id="oc-5ae">
         <name>.text:tcp_send_fin</name>
         <load_address>0x45b6</load_address>
         <run_address>0x45b6</run_address>
         <size>0x46</size>
         <input_file_ref idref="fl-d"/>
      </object_component>
      <object_component id="oc-356">
         <name>.text:tcp_keepalive</name>
         <load_address>0x45fc</load_address>
         <run_address>0x45fc</run_address>
         <size>0x44</size>
         <input_file_ref idref="fl-d"/>
      </object_component>
      <object_component id="oc-362">
         <name>.text:tcp_pcb_purge</name>
         <load_address>0x4640</load_address>
         <run_address>0x4640</run_address>
         <size>0x42</size>
         <input_file_ref idref="fl-d"/>
      </object_component>
      <object_component id="oc-11f">
         <name>.text:etharp_tmr</name>
         <load_address>0x4684</load_address>
         <run_address>0x4684</run_address>
         <size>0x40</size>
         <input_file_ref idref="fl-d"/>
      </object_component>
      <object_component id="oc-3a9">
         <name>.text</name>
         <load_address>0x46c4</load_address>
         <run_address>0x46c4</run_address>
         <size>0x40</size>
         <input_file_ref idref="fl-db"/>
      </object_component>
      <object_component id="oc-243">
         <name>.text:DisplayIPAddress</name>
         <load_address>0x4704</load_address>
         <run_address>0x4704</run_address>
         <size>0x38</size>
         <input_file_ref idref="fl-2"/>
      </object_component>
      <object_component id="oc-21c">
         <name>.text:EMACConfigSet</name>
         <load_address>0x473c</load_address>
         <run_address>0x473c</run_address>
         <size>0x38</size>
         <input_file_ref idref="fl-e3"/>
      </object_component>
      <object_component id="oc-2f9">
         <name>.text:memp_free</name>
         <load_address>0x4774</load_address>
         <run_address>0x4774</run_address>
         <size>0x38</size>
         <input_file_ref idref="fl-d"/>
      </object_component>
      <object_component id="oc-583">
         <name>.text:tcpip_tcp_timer</name>
         <load_address>0x47ac</load_address>
         <run_address>0x47ac</run_address>
         <size>0x38</size>
         <input_file_ref idref="fl-d"/>
      </object_component>
      <object_component id="oc-216">
         <name>.text:EMACConfigGet</name>
         <load_address>0x47e4</load_address>
         <run_address>0x47e4</run_address>
         <size>0x34</size>
         <input_file_ref idref="fl-e3"/>
      </object_component>
      <object_component id="oc-3b3">
         <name>.text:IntRegister</name>
         <load_address>0x4818</load_address>
         <run_address>0x4818</run_address>
         <size>0x34</size>
         <input_file_ref idref="fl-e6"/>
      </object_component>
      <object_component id="oc-56e">
         <name>.text:tcp_kill_timewait</name>
         <load_address>0x484c</load_address>
         <run_address>0x484c</run_address>
         <size>0x34</size>
         <input_file_ref idref="fl-d"/>
      </object_component>
      <object_component id="oc-526">
         <name>.text:tcp_timer_needed</name>
         <load_address>0x4880</load_address>
         <run_address>0x4880</run_address>
         <size>0x34</size>
         <input_file_ref idref="fl-d"/>
      </object_component>
      <object_component id="oc-3f1">
         <name>.text:ip4_addr_isbroadcast</name>
         <load_address>0x48b4</load_address>
         <run_address>0x48b4</run_address>
         <size>0x32</size>
         <input_file_ref idref="fl-d"/>
      </object_component>
      <object_component id="oc-509">
         <name>.text:tcp_recved</name>
         <load_address>0x48e6</load_address>
         <run_address>0x48e6</run_address>
         <size>0x32</size>
         <input_file_ref idref="fl-d"/>
      </object_component>
      <object_component id="oc-566">
         <name>.text:tcp_update_rcv_ann_wnd</name>
         <load_address>0x4918</load_address>
         <run_address>0x4918</run_address>
         <size>0x30</size>
         <input_file_ref idref="fl-d"/>
      </object_component>
      <object_component id="oc-34a">
         <name>.text:tcp_rexmit_rto</name>
         <load_address>0x4948</load_address>
         <run_address>0x4948</run_address>
         <size>0x2e</size>
         <input_file_ref idref="fl-d"/>
      </object_component>
      <object_component id="oc-2de">
         <name>.text:etharp_request</name>
         <load_address>0x4978</load_address>
         <run_address>0x4978</run_address>
         <size>0x2c</size>
         <input_file_ref idref="fl-d"/>
      </object_component>
      <object_component id="oc-38d">
         <name>.text:GPIODirModeSet</name>
         <load_address>0x49a4</load_address>
         <run_address>0x49a4</run_address>
         <size>0x2a</size>
         <input_file_ref idref="fl-e5"/>
      </object_component>
      <object_component id="oc-22a">
         <name>.text:pbuf_cat</name>
         <load_address>0x49ce</load_address>
         <run_address>0x49ce</run_address>
         <size>0x2a</size>
         <input_file_ref idref="fl-d"/>
      </object_component>
      <object_component id="oc-4e5">
         <name>.text:ustrncpy</name>
         <load_address>0x49f8</load_address>
         <run_address>0x49f8</run_address>
         <size>0x2a</size>
         <input_file_ref idref="fl-f"/>
      </object_component>
      <object_component id="oc-204">
         <name>.text:EMACPHYRead</name>
         <load_address>0x4a22</load_address>
         <run_address>0x4a22</run_address>
         <size>0x26</size>
         <input_file_ref idref="fl-e3"/>
      </object_component>
      <object_component id="oc-443">
         <name>.text:tcp_recv_null</name>
         <load_address>0x4a48</load_address>
         <run_address>0x4a48</run_address>
         <size>0x26</size>
         <input_file_ref idref="fl-d"/>
      </object_component>
      <object_component id="oc-2c9">
         <name>.text:IntPrioritySet</name>
         <load_address>0x4a70</load_address>
         <run_address>0x4a70</run_address>
         <size>0x24</size>
         <input_file_ref idref="fl-e6"/>
      </object_component>
      <object_component id="oc-24b">
         <name>.text:etharp_free_entry</name>
         <load_address>0x4a94</load_address>
         <run_address>0x4a94</run_address>
         <size>0x24</size>
         <input_file_ref idref="fl-d"/>
      </object_component>
      <object_component id="oc-210">
         <name>.text:netif_set_link_up</name>
         <load_address>0x4ab8</load_address>
         <run_address>0x4ab8</run_address>
         <size>0x24</size>
         <input_file_ref idref="fl-d"/>
      </object_component>
      <object_component id="oc-301">
         <name>.text</name>
         <load_address>0x4adc</load_address>
         <run_address>0x4adc</run_address>
         <size>0x24</size>
         <input_file_ref idref="fl-cf"/>
      </object_component>
      <object_component id="oc-59f">
         <name>.text:tcp_seg_copy</name>
         <load_address>0x4b00</load_address>
         <run_address>0x4b00</run_address>
         <size>0x24</size>
         <input_file_ref idref="fl-d"/>
      </object_component>
      <object_component id="oc-273">
         <name>.text:_SysCtlMemTimingGet</name>
         <load_address>0x4b24</load_address>
         <run_address>0x4b24</run_address>
         <size>0x20</size>
         <input_file_ref idref="fl-e9"/>
      </object_component>
      <object_component id="oc-495">
         <name>.text:etharp_send_ip</name>
         <load_address>0x4b44</load_address>
         <run_address>0x4b44</run_address>
         <size>0x20</size>
         <input_file_ref idref="fl-d"/>
      </object_component>
      <object_component id="oc-9b">
         <name>.text:lwIPTimer</name>
         <load_address>0x4b64</load_address>
         <run_address>0x4b64</run_address>
         <size>0x20</size>
         <input_file_ref idref="fl-d"/>
      </object_component>
      <object_component id="oc-4f5">
         <name>.text:tcp_eff_send_mss</name>
         <load_address>0x4b84</load_address>
         <run_address>0x4b84</run_address>
         <size>0x20</size>
         <input_file_ref idref="fl-d"/>
      </object_component>
      <object_component id="oc-125">
         <name>.text:tcp_tmr</name>
         <load_address>0x4ba4</load_address>
         <run_address>0x4ba4</run_address>
         <size>0x20</size>
         <input_file_ref idref="fl-d"/>
      </object_component>
      <object_component id="oc-331">
         <name>.text:usprintf</name>
         <load_address>0x4bc4</load_address>
         <run_address>0x4bc4</run_address>
         <size>0x20</size>
         <input_file_ref idref="fl-f"/>
      </object_component>
      <object_component id="oc-2b1">
         <name>.text:SysTickIntRegister</name>
         <load_address>0x4be4</load_address>
         <run_address>0x4be4</run_address>
         <size>0x1c</size>
         <input_file_ref idref="fl-ea"/>
      </object_component>
      <object_component id="oc-1cc">
         <name>.text:UARTprintf</name>
         <load_address>0x4c00</load_address>
         <run_address>0x4c00</run_address>
         <size>0x1a</size>
         <input_file_ref idref="fl-e"/>
      </object_component>
      <object_component id="oc-429">
         <name>.text:lwip_htonl</name>
         <load_address>0x4c1a</load_address>
         <run_address>0x4c1a</run_address>
         <size>0x1a</size>
         <input_file_ref idref="fl-d"/>
      </object_component>
      <object_component id="oc-323">
         <name>.text:pbuf_pool_is_empty</name>
         <load_address>0x4c34</load_address>
         <run_address>0x4c34</run_address>
         <size>0x18</size>
         <input_file_ref idref="fl-d"/>
      </object_component>
      <object_component id="oc-87">
         <name>.text</name>
         <load_address>0x4c4c</load_address>
         <run_address>0x4c4c</run_address>
         <size>0x18</size>
         <input_file_ref idref="fl-dd"/>
      </object_component>
      <object_component id="oc-57a">
         <name>.text:tcp_next_iss</name>
         <load_address>0x4c64</load_address>
         <run_address>0x4c64</run_address>
         <size>0x18</size>
         <input_file_ref idref="fl-d"/>
      </object_component>
      <object_component id="oc-43b">
         <name>.text:tcp_seg_free</name>
         <load_address>0x4c7c</load_address>
         <run_address>0x4c7c</run_address>
         <size>0x18</size>
         <input_file_ref idref="fl-d"/>
      </object_component>
      <object_component id="oc-5be">
         <name>.text:pbuf_ref</name>
         <load_address>0x4c94</load_address>
         <run_address>0x4c94</run_address>
         <size>0x16</size>
         <input_file_ref idref="fl-d"/>
      </object_component>
      <object_component id="oc-2c3">
         <name>.text:FlashUserGet</name>
         <load_address>0x4cac</load_address>
         <run_address>0x4cac</run_address>
         <size>0x14</size>
         <input_file_ref idref="fl-e4"/>
      </object_component>
      <object_component id="oc-2b7">
         <name>.text:SysTickEnable</name>
         <load_address>0x4cc0</load_address>
         <run_address>0x4cc0</run_address>
         <size>0x14</size>
         <input_file_ref idref="fl-ea"/>
      </object_component>
      <object_component id="oc-2bd">
         <name>.text:SysTickIntEnable</name>
         <load_address>0x4cd4</load_address>
         <run_address>0x4cd4</run_address>
         <size>0x14</size>
         <input_file_ref idref="fl-ea"/>
      </object_component>
      <object_component id="oc-1ec">
         <name>.text</name>
         <load_address>0x4ce8</load_address>
         <run_address>0x4ce8</run_address>
         <size>0x14</size>
         <input_file_ref idref="fl-dc"/>
      </object_component>
      <object_component id="oc-2ed">
         <name>.text:sys_arch_unprotect</name>
         <load_address>0x4cfc</load_address>
         <run_address>0x4cfc</run_address>
         <size>0x14</size>
         <input_file_ref idref="fl-d"/>
      </object_component>
      <object_component id="oc-503">
         <name>.text:tcp_close</name>
         <load_address>0x4d10</load_address>
         <run_address>0x4d10</run_address>
         <size>0x14</size>
         <input_file_ref idref="fl-d"/>
      </object_component>
      <object_component id="oc-28f">
         <name>.text:GPIOPinTypeEthernetLED</name>
         <load_address>0x4d24</load_address>
         <run_address>0x4d24</run_address>
         <size>0x12</size>
         <input_file_ref idref="fl-e5"/>
      </object_component>
      <object_component id="oc-20a">
         <name>.text:netif_set_link_down</name>
         <load_address>0x4d36</load_address>
         <run_address>0x4d36</run_address>
         <size>0x12</size>
         <input_file_ref idref="fl-d"/>
      </object_component>
      <object_component id="oc-591">
         <name>.text:pbuf_clen</name>
         <load_address>0x4d48</load_address>
         <run_address>0x4d48</run_address>
         <size>0x12</size>
         <input_file_ref idref="fl-d"/>
      </object_component>
      <object_component id="oc-35c">
         <name>.text:tcp_segs_free</name>
         <load_address>0x4d5a</load_address>
         <run_address>0x4d5a</run_address>
         <size>0x12</size>
         <input_file_ref idref="fl-d"/>
      </object_component>
      <object_component id="oc-2ab">
         <name>.text:SysTickPeriodSet</name>
         <load_address>0x4d6c</load_address>
         <run_address>0x4d6c</run_address>
         <size>0x10</size>
         <input_file_ref idref="fl-ea"/>
      </object_component>
      <object_component id="oc-519">
         <name>.text:inet_chksum</name>
         <load_address>0x4d7c</load_address>
         <run_address>0x4d7c</run_address>
         <size>0x10</size>
         <input_file_ref idref="fl-d"/>
      </object_component>
      <object_component id="oc-2e7">
         <name>.text:sys_arch_protect</name>
         <load_address>0x4d8c</load_address>
         <run_address>0x4d8c</run_address>
         <size>0x10</size>
         <input_file_ref idref="fl-d"/>
      </object_component>
      <object_component id="oc-18">
         <name>.text:decompress:none</name>
         <load_address>0x4d9c</load_address>
         <run_address>0x4d9c</run_address>
         <size>0xe</size>
         <input_file_ref idref="fl-cc"/>
      </object_component>
      <object_component id="oc-1b4">
         <name>.text:SysCtlMOSCConfigSet</name>
         <load_address>0x4dac</load_address>
         <run_address>0x4dac</run_address>
         <size>0xc</size>
         <input_file_ref idref="fl-e9"/>
      </object_component>
      <object_component id="oc-1e">
         <name>.text:decompress:ZI</name>
         <load_address>0x4db8</load_address>
         <run_address>0x4db8</run_address>
         <size>0xc</size>
         <input_file_ref idref="fl-cd"/>
      </object_component>
      <object_component id="oc-23d">
         <name>.text:lwIPLocalIPAddrGet</name>
         <load_address>0x4dc4</load_address>
         <run_address>0x4dc4</run_address>
         <size>0xc</size>
         <input_file_ref idref="fl-d"/>
      </object_component>
      <object_component id="oc-3e3">
         <name>.text:lwip_htons</name>
         <load_address>0x4dd0</load_address>
         <run_address>0x4dd0</run_address>
         <size>0xc</size>
         <input_file_ref idref="fl-d"/>
      </object_component>
      <object_component id="oc-3fd">
         <name>.text:icmp_dest_unreach</name>
         <load_address>0x4ddc</load_address>
         <run_address>0x4ddc</run_address>
         <size>0x8</size>
         <input_file_ref idref="fl-d"/>
      </object_component>
      <object_component id="oc-a2">
         <name>.text:EMACTimestampIntStatus</name>
         <load_address>0x4de4</load_address>
         <run_address>0x4de4</run_address>
         <size>0x6</size>
         <input_file_ref idref="fl-e3"/>
      </object_component>
      <object_component id="oc-2d0">
         <name>.text:GPIOPinWrite</name>
         <load_address>0x4dea</load_address>
         <run_address>0x4dea</run_address>
         <size>0x6</size>
         <input_file_ref idref="fl-e5"/>
      </object_component>
      <object_component id="oc-2b">
         <name>.text:ResetISR</name>
         <load_address>0x4df0</load_address>
         <run_address>0x4df0</run_address>
         <size>0x6</size>
         <input_file_ref idref="fl-3"/>
      </object_component>
      <object_component id="oc-1d8">
         <name>.text:SysCtlDelay</name>
         <load_address>0x4df6</load_address>
         <run_address>0x4df6</run_address>
         <size>0x6</size>
         <input_file_ref idref="fl-e9"/>
      </object_component>
      <object_component id="oc-43">
         <name>.text:SysTickIntHandler</name>
         <load_address>0x4dfc</load_address>
         <run_address>0x4dfc</run_address>
         <size>0x6</size>
         <input_file_ref idref="fl-5"/>
      </object_component>
      <object_component id="oc-4c1">
         <name>.text:tcp_abort</name>
         <load_address>0x4e02</load_address>
         <run_address>0x4e02</run_address>
         <size>0x6</size>
         <input_file_ref idref="fl-d"/>
      </object_component>
      <object_component id="oc-7b">
         <name>.text</name>
         <load_address>0x4e08</load_address>
         <run_address>0x4e08</run_address>
         <size>0x4</size>
         <input_file_ref idref="fl-d3"/>
      </object_component>
      <object_component id="oc-282">
         <name>.const:g_pppui32XTALtoVCO</name>
         <load_address>0x4e0c</load_address>
         <run_address>0x4e0c</run_address>
         <size>0x1b0</size>
         <input_file_ref idref="fl-e9"/>
      </object_component>
      <object_component id="oc-3be">
         <name>.const:g_pui32Regs</name>
         <load_address>0x4fbc</load_address>
         <run_address>0x4fbc</run_address>
         <size>0x9c</size>
         <input_file_ref idref="fl-e6"/>
      </object_component>
      <object_component id="oc-27f">
         <name>.const:g_pui32Xtals</name>
         <load_address>0x5058</load_address>
         <run_address>0x5058</run_address>
         <size>0x6c</size>
         <input_file_ref idref="fl-e9"/>
      </object_component>
      <object_component id="oc-380">
         <name>.const:g_sXTALtoMEMTIM</name>
         <load_address>0x50c4</load_address>
         <run_address>0x50c4</run_address>
         <size>0x30</size>
         <input_file_ref idref="fl-e9"/>
      </object_component>
      <object_component id="oc-36f">
         <name>.const:.string:tcp_backoff</name>
         <load_address>0x50f4</load_address>
         <run_address>0x50f4</run_address>
         <size>0xd</size>
         <input_file_ref idref="fl-d"/>
      </object_component>
      <object_component id="oc-399">
         <name>.const:g_ui32UARTBase</name>
         <load_address>0x5104</load_address>
         <run_address>0x5104</run_address>
         <size>0xc</size>
         <input_file_ref idref="fl-e"/>
      </object_component>
      <object_component id="oc-396">
         <name>.const:g_ui32UARTPeriph</name>
         <load_address>0x5110</load_address>
         <run_address>0x5110</run_address>
         <size>0xc</size>
         <input_file_ref idref="fl-e"/>
      </object_component>
      <object_component id="oc-285">
         <name>.const</name>
         <load_address>0x511c</load_address>
         <run_address>0x511c</run_address>
         <size>0x8</size>
         <input_file_ref idref="fl-e9"/>
      </object_component>
      <object_component id="oc-372">
         <name>.const:.string:tcp_persist_backoff</name>
         <load_address>0x5124</load_address>
         <run_address>0x5124</run_address>
         <size>0x7</size>
         <input_file_ref idref="fl-d"/>
      </object_component>
      <object_component id="oc-319">
         <name>.const:ethbroadcast</name>
         <load_address>0x512b</load_address>
         <run_address>0x512b</run_address>
         <size>0x6</size>
         <input_file_ref idref="fl-d"/>
      </object_component>
      <object_component id="oc-3ca">
         <name>.const:ethzero</name>
         <load_address>0x5131</load_address>
         <run_address>0x5131</run_address>
         <size>0x6</size>
         <input_file_ref idref="fl-d"/>
      </object_component>
      <object_component id="oc-5ea">
         <name>.cinit..data.load</name>
         <load_address>0x5138</load_address>
         <run_address>0x5138</run_address>
         <size>0x19</size>
      </object_component>
      <object_component id="oc-5e7">
         <name>__TI_handler_table</name>
         <load_address>0x5154</load_address>
         <run_address>0x5154</run_address>
         <size>0xc</size>
      </object_component>
      <object_component id="oc-5eb">
         <name>.cinit..bss.load</name>
         <load_address>0x5160</load_address>
         <run_address>0x5160</run_address>
         <size>0x8</size>
      </object_component>
      <object_component id="oc-5e9">
         <name>.cinit..vtable.load</name>
         <load_address>0x5168</load_address>
         <run_address>0x5168</run_address>
         <size>0x8</size>
      </object_component>
      <object_component id="oc-5e8">
         <name>__TI_cinit_table</name>
         <load_address>0x5170</load_address>
         <run_address>0x5170</run_address>
         <size>0x18</size>
      </object_component>
      <object_component id="oc-47d">
         <name>.vtable</name>
         <uninitialized>true</uninitialized>
         <run_address>0x20000000</run_address>
         <size>0x26c</size>
         <input_file_ref idref="fl-e6"/>
      </object_component>
      <object_component id="oc-fb">
         <name>.data</name>
         <load_address>0x20000d54</load_address>
         <run_address>0x20000d54</run_address>
         <size>0x20</size>
         <input_file_ref idref="fl-d"/>
      </object_component>
      <object_component id="oc-39c">
         <name>.data</name>
         <load_address>0x20000d88</load_address>
         <run_address>0x20000d88</run_address>
         <size>0x5</size>
         <input_file_ref idref="fl-e"/>
      </object_component>
      <object_component id="oc-f0">
         <name>.data:$O1$$</name>
         <load_address>0x20000d74</load_address>
         <run_address>0x20000d74</run_address>
         <size>0xc</size>
         <input_file_ref idref="fl-ce"/>
      </object_component>
      <object_component id="oc-93">
         <name>.data</name>
         <load_address>0x20000d90</load_address>
         <run_address>0x20000d90</run_address>
         <size>0x4</size>
         <input_file_ref idref="fl-d4"/>
      </object_component>
      <object_component id="oc-f3">
         <name>.data:$O1$$</name>
         <load_address>0x20000d80</load_address>
         <run_address>0x20000d80</run_address>
         <size>0x8</size>
         <input_file_ref idref="fl-dc"/>
      </object_component>
      <object_component id="oc-261">
         <name>.bss</name>
         <uninitialized>true</uninitialized>
         <run_address>0x20000c54</run_address>
         <size>0x50</size>
         <input_file_ref idref="fl-d"/>
      </object_component>
      <object_component id="oc-3d7">
         <name>.bss:memp_tab</name>
         <uninitialized>true</uninitialized>
         <run_address>0x20000cd4</run_address>
         <size>0x20</size>
         <input_file_ref idref="fl-d"/>
      </object_component>
      <object_component id="oc-4ce">
         <name>.bss:inseg</name>
         <uninitialized>true</uninitialized>
         <run_address>0x20000cf4</run_address>
         <size>0x10</size>
         <input_file_ref idref="fl-d"/>
      </object_component>
      <object_component id="oc-251">
         <name>.bss:arp_table</name>
         <uninitialized>true</uninitialized>
         <run_address>0x20000b8c</run_address>
         <size>0xc8</size>
         <input_file_ref idref="fl-d"/>
      </object_component>
      <object_component id="oc-b7">
         <name>.bss:g_sNetIF</name>
         <uninitialized>true</uninitialized>
         <run_address>0x20000ca4</run_address>
         <size>0x30</size>
         <input_file_ref idref="fl-d"/>
      </object_component>
      <object_component id="oc-249">
         <name>.common:g_ui32IPAddress</name>
         <uninitialized>true</uninitialized>
         <run_address>0x20000d1c</run_address>
         <size>0x4</size>
      </object_component>
      <object_component id="oc-1df">
         <name>.common:g_ui32SysClock</name>
         <uninitialized>true</uninitialized>
         <run_address>0x20000d24</run_address>
         <size>0x4</size>
      </object_component>
      <object_component id="oc-417">
         <name>.common:netif_list</name>
         <uninitialized>true</uninitialized>
         <run_address>0x20000d2c</run_address>
         <size>0x4</size>
      </object_component>
      <object_component id="oc-55d">
         <name>.common:netif_default</name>
         <uninitialized>true</uninitialized>
         <run_address>0x20000d28</run_address>
         <size>0x4</size>
      </object_component>
      <object_component id="oc-41e">
         <name>.common:pbuf_free_ooseq_pending</name>
         <uninitialized>true</uninitialized>
         <run_address>0x20000d50</run_address>
         <size>0x1</size>
      </object_component>
      <object_component id="oc-23c">
         <name>.common:lwip_stats</name>
         <uninitialized>true</uninitialized>
         <run_address>0x20000a6c</run_address>
         <size>0x120</size>
      </object_component>
      <object_component id="oc-36e">
         <name>.common:tcp_ticks</name>
         <uninitialized>true</uninitialized>
         <run_address>0x20000d40</run_address>
         <size>0x4</size>
      </object_component>
      <object_component id="oc-5b4">
         <name>.common:tcp_bound_pcbs</name>
         <uninitialized>true</uninitialized>
         <run_address>0x20000d34</run_address>
         <size>0x4</size>
      </object_component>
      <object_component id="oc-4cd">
         <name>.common:tcp_listen_pcbs</name>
         <uninitialized>true</uninitialized>
         <run_address>0x20000d3c</run_address>
         <size>0x4</size>
      </object_component>
      <object_component id="oc-347">
         <name>.common:tcp_active_pcbs</name>
         <uninitialized>true</uninitialized>
         <run_address>0x20000d30</run_address>
         <size>0x4</size>
      </object_component>
      <object_component id="oc-375">
         <name>.common:tcp_tw_pcbs</name>
         <uninitialized>true</uninitialized>
         <run_address>0x20000d48</run_address>
         <size>0x4</size>
      </object_component>
      <object_component id="oc-54c">
         <name>.common:tcp_tmp_pcb</name>
         <uninitialized>true</uninitialized>
         <run_address>0x20000d44</run_address>
         <size>0x4</size>
      </object_component>
      <object_component id="oc-348">
         <name>.common:tcp_active_pcbs_changed</name>
         <uninitialized>true</uninitialized>
         <run_address>0x20000d51</run_address>
         <size>0x1</size>
      </object_component>
      <object_component id="oc-441">
         <name>.common:tcp_input_pcb</name>
         <uninitialized>true</uninitialized>
         <run_address>0x20000d38</run_address>
         <size>0x4</size>
      </object_component>
      <object_component id="oc-4ad">
         <name>.common:udp_pcbs</name>
         <uninitialized>true</uninitialized>
         <run_address>0x20000d4c</run_address>
         <size>0x4</size>
      </object_component>
      <object_component id="oc-418">
         <name>.common:current_netif</name>
         <uninitialized>true</uninitialized>
         <run_address>0x20000d10</run_address>
         <size>0x4</size>
      </object_component>
      <object_component id="oc-419">
         <name>.common:current_header</name>
         <uninitialized>true</uninitialized>
         <run_address>0x20000d04</run_address>
         <size>0x4</size>
      </object_component>
      <object_component id="oc-416">
         <name>.common:current_iphdr_src</name>
         <uninitialized>true</uninitialized>
         <run_address>0x20000d0c</run_address>
         <size>0x4</size>
      </object_component>
      <object_component id="oc-415">
         <name>.common:current_iphdr_dest</name>
         <uninitialized>true</uninitialized>
         <run_address>0x20000d08</run_address>
         <size>0x4</size>
      </object_component>
      <object_component id="oc-116">
         <name>.common:g_ui32NormalInts</name>
         <uninitialized>true</uninitialized>
         <run_address>0x20000d20</run_address>
         <size>0x4</size>
      </object_component>
      <object_component id="oc-117">
         <name>.common:g_ui32AbnormalInts</name>
         <uninitialized>true</uninitialized>
         <run_address>0x20000d18</run_address>
         <size>0x4</size>
      </object_component>
      <object_component id="oc-b4">
         <name>.common:g_pfnTimerHandler</name>
         <uninitialized>true</uninitialized>
         <run_address>0x20000d14</run_address>
         <size>0x4</size>
      </object_component>
      <object_component id="oc-2a">
         <name>.stack</name>
         <uninitialized>true</uninitialized>
         <run_address>0x2000026c</run_address>
         <size>0x0</size>
         <input_file_ref idref="fl-ca"/>
      </object_component>
      <object_component id="oc-5ec">
         <name>.stack</name>
         <uninitialized>true</uninitialized>
         <run_address>0x2000026c</run_address>
         <size>0x0</size>
      </object_component>
      <object_component id="oc-1e0">
         <name>.debug_info</name>
         <load_address>0x0</load_address>
         <run_address>0x0</run_address>
         <size>0x7a2</size>
         <input_file_ref idref="fl-2"/>
      </object_component>
      <object_component id="oc-1c7">
         <name>.debug_info</name>
         <load_address>0x7a2</load_address>
         <run_address>0x7a2</run_address>
         <size>0x149</size>
         <input_file_ref idref="fl-2"/>
      </object_component>
      <object_component id="oc-e9">
         <name>.debug_info</name>
         <load_address>0x8eb</load_address>
         <run_address>0x8eb</run_address>
         <size>0x1c0</size>
         <input_file_ref idref="fl-2"/>
      </object_component>
      <object_component id="oc-244">
         <name>.debug_info</name>
         <load_address>0xaab</load_address>
         <run_address>0xaab</run_address>
         <size>0x17c</size>
         <input_file_ref idref="fl-2"/>
      </object_component>
      <object_component id="oc-11a">
         <name>.debug_info</name>
         <load_address>0xc27</load_address>
         <run_address>0xc27</run_address>
         <size>0x1d7</size>
         <input_file_ref idref="fl-2"/>
      </object_component>
      <object_component id="oc-151">
         <name>.debug_info</name>
         <load_address>0xdfe</load_address>
         <run_address>0xdfe</run_address>
         <size>0x12f</size>
         <input_file_ref idref="fl-2"/>
      </object_component>
      <object_component id="oc-14c">
         <name>.debug_info</name>
         <load_address>0xf2d</load_address>
         <run_address>0xf2d</run_address>
         <size>0x87</size>
         <input_file_ref idref="fl-2"/>
      </object_component>
      <object_component id="oc-12e">
         <name>.debug_info</name>
         <load_address>0xfb4</load_address>
         <run_address>0xfb4</run_address>
         <size>0x8b</size>
         <input_file_ref idref="fl-2"/>
      </object_component>
      <object_component id="oc-156">
         <name>.debug_info</name>
         <load_address>0x103f</load_address>
         <run_address>0x103f</run_address>
         <size>0x8a</size>
         <input_file_ref idref="fl-2"/>
      </object_component>
      <object_component id="oc-160">
         <name>.debug_info</name>
         <load_address>0x10c9</load_address>
         <run_address>0x10c9</run_address>
         <size>0x651</size>
         <input_file_ref idref="fl-2"/>
      </object_component>
      <object_component id="oc-165">
         <name>.debug_info</name>
         <load_address>0x171a</load_address>
         <run_address>0x171a</run_address>
         <size>0x174</size>
         <input_file_ref idref="fl-2"/>
      </object_component>
      <object_component id="oc-16a">
         <name>.debug_info</name>
         <load_address>0x188e</load_address>
         <run_address>0x188e</run_address>
         <size>0x2c</size>
         <input_file_ref idref="fl-2"/>
      </object_component>
      <object_component id="oc-197">
         <name>.debug_info</name>
         <load_address>0x18ba</load_address>
         <run_address>0x18ba</run_address>
         <size>0x193</size>
         <input_file_ref idref="fl-2"/>
      </object_component>
      <object_component id="oc-bb">
         <name>.debug_info</name>
         <load_address>0x1a4d</load_address>
         <run_address>0x1a4d</run_address>
         <size>0x18b</size>
         <input_file_ref idref="fl-2"/>
      </object_component>
      <object_component id="oc-142">
         <name>.debug_info</name>
         <load_address>0x1bd8</load_address>
         <run_address>0x1bd8</run_address>
         <size>0x87</size>
         <input_file_ref idref="fl-2"/>
      </object_component>
      <object_component id="oc-15b">
         <name>.debug_info</name>
         <load_address>0x1c5f</load_address>
         <run_address>0x1c5f</run_address>
         <size>0x2c</size>
         <input_file_ref idref="fl-2"/>
      </object_component>
      <object_component id="oc-174">
         <name>.debug_info</name>
         <load_address>0x1c8b</load_address>
         <run_address>0x1c8b</run_address>
         <size>0x2c</size>
         <input_file_ref idref="fl-2"/>
      </object_component>
      <object_component id="oc-2a6">
         <name>.debug_info</name>
         <load_address>0x1cb7</load_address>
         <run_address>0x1cb7</run_address>
         <size>0x4e</size>
         <input_file_ref idref="fl-2"/>
      </object_component>
      <object_component id="oc-183">
         <name>.debug_info</name>
         <load_address>0x1d05</load_address>
         <run_address>0x1d05</run_address>
         <size>0xf5</size>
         <input_file_ref idref="fl-2"/>
      </object_component>
      <object_component id="oc-138">
         <name>.debug_info</name>
         <load_address>0x1dfa</load_address>
         <run_address>0x1dfa</run_address>
         <size>0x9f</size>
         <input_file_ref idref="fl-2"/>
      </object_component>
      <object_component id="oc-188">
         <name>.debug_info</name>
         <load_address>0x1e99</load_address>
         <run_address>0x1e99</run_address>
         <size>0x167</size>
         <input_file_ref idref="fl-2"/>
      </object_component>
      <object_component id="oc-13d">
         <name>.debug_info</name>
         <load_address>0x2000</load_address>
         <run_address>0x2000</run_address>
         <size>0x3fa</size>
         <input_file_ref idref="fl-2"/>
      </object_component>
      <object_component id="oc-147">
         <name>.debug_info</name>
         <load_address>0x23fa</load_address>
         <run_address>0x23fa</run_address>
         <size>0x17e</size>
         <input_file_ref idref="fl-2"/>
      </object_component>
      <object_component id="oc-51">
         <name>.debug_info</name>
         <load_address>0x2578</load_address>
         <run_address>0x2578</run_address>
         <size>0x2e9</size>
         <input_file_ref idref="fl-3"/>
      </object_component>
      <object_component id="oc-10">
         <name>.debug_info</name>
         <load_address>0x2861</load_address>
         <run_address>0x2861</run_address>
         <size>0xdc</size>
         <input_file_ref idref="fl-3"/>
      </object_component>
      <object_component id="oc-2c">
         <name>.debug_info</name>
         <load_address>0x293d</load_address>
         <run_address>0x293d</run_address>
         <size>0x10c</size>
         <input_file_ref idref="fl-3"/>
      </object_component>
      <object_component id="oc-32">
         <name>.debug_info</name>
         <load_address>0x2a49</load_address>
         <run_address>0x2a49</run_address>
         <size>0xfa</size>
         <input_file_ref idref="fl-3"/>
      </object_component>
      <object_component id="oc-3e">
         <name>.debug_info</name>
         <load_address>0x2b43</load_address>
         <run_address>0x2b43</run_address>
         <size>0x115</size>
         <input_file_ref idref="fl-3"/>
      </object_component>
      <object_component id="oc-38">
         <name>.debug_info</name>
         <load_address>0x2c58</load_address>
         <run_address>0x2c58</run_address>
         <size>0x101</size>
         <input_file_ref idref="fl-3"/>
      </object_component>
      <object_component id="oc-58">
         <name>.debug_info</name>
         <load_address>0x2d59</load_address>
         <run_address>0x2d59</run_address>
         <size>0x84</size>
         <input_file_ref idref="fl-3"/>
      </object_component>
      <object_component id="oc-1d3">
         <name>.debug_info</name>
         <load_address>0x2ddd</load_address>
         <run_address>0x2ddd</run_address>
         <size>0x1e1</size>
         <input_file_ref idref="fl-5"/>
      </object_component>
      <object_component id="oc-44">
         <name>.debug_info</name>
         <load_address>0x2fbe</load_address>
         <run_address>0x2fbe</run_address>
         <size>0x11d</size>
         <input_file_ref idref="fl-5"/>
      </object_component>
      <object_component id="oc-296">
         <name>.debug_info</name>
         <load_address>0x30db</load_address>
         <run_address>0x30db</run_address>
         <size>0x39a</size>
         <input_file_ref idref="fl-8"/>
      </object_component>
      <object_component id="oc-1c1">
         <name>.debug_info</name>
         <load_address>0x3475</load_address>
         <run_address>0x3475</run_address>
         <size>0x395</size>
         <input_file_ref idref="fl-8"/>
      </object_component>
      <object_component id="oc-1da">
         <name>.debug_info</name>
         <load_address>0x380a</load_address>
         <run_address>0x380a</run_address>
         <size>0x2c5</size>
         <input_file_ref idref="fl-8"/>
      </object_component>
      <object_component id="oc-d1">
         <name>.debug_info</name>
         <load_address>0x3acf</load_address>
         <run_address>0x3acf</run_address>
         <size>0x2c</size>
         <input_file_ref idref="fl-b"/>
      </object_component>
      <object_component id="oc-b5">
         <name>.debug_info</name>
         <load_address>0x3afb</load_address>
         <run_address>0x3afb</run_address>
         <size>0x10ca</size>
         <input_file_ref idref="fl-d"/>
      </object_component>
      <object_component id="oc-262">
         <name>.debug_info</name>
         <load_address>0x4bc5</load_address>
         <run_address>0x4bc5</run_address>
         <size>0x40a</size>
         <input_file_ref idref="fl-d"/>
      </object_component>
      <object_component id="oc-3d8">
         <name>.debug_info</name>
         <load_address>0x4fcf</load_address>
         <run_address>0x4fcf</run_address>
         <size>0x103</size>
         <input_file_ref idref="fl-d"/>
      </object_component>
      <object_component id="oc-fc">
         <name>.debug_info</name>
         <load_address>0x50d2</load_address>
         <run_address>0x50d2</run_address>
         <size>0x205</size>
         <input_file_ref idref="fl-d"/>
      </object_component>
      <object_component id="oc-370">
         <name>.debug_info</name>
         <load_address>0x52d7</load_address>
         <run_address>0x52d7</run_address>
         <size>0x10a</size>
         <input_file_ref idref="fl-d"/>
      </object_component>
      <object_component id="oc-373">
         <name>.debug_info</name>
         <load_address>0x53e1</load_address>
         <run_address>0x53e1</run_address>
         <size>0x11a</size>
         <input_file_ref idref="fl-d"/>
      </object_component>
      <object_component id="oc-4cf">
         <name>.debug_info</name>
         <load_address>0x54fb</load_address>
         <run_address>0x54fb</run_address>
         <size>0xfd</size>
         <input_file_ref idref="fl-d"/>
      </object_component>
      <object_component id="oc-31a">
         <name>.debug_info</name>
         <load_address>0x55f8</load_address>
         <run_address>0x55f8</run_address>
         <size>0x10c</size>
         <input_file_ref idref="fl-d"/>
      </object_component>
      <object_component id="oc-3cb">
         <name>.debug_info</name>
         <load_address>0x5704</load_address>
         <run_address>0x5704</run_address>
         <size>0x102</size>
         <input_file_ref idref="fl-d"/>
      </object_component>
      <object_component id="oc-252">
         <name>.debug_info</name>
         <load_address>0x5806</load_address>
         <run_address>0x5806</run_address>
         <size>0x105</size>
         <input_file_ref idref="fl-d"/>
      </object_component>
      <object_component id="oc-b8">
         <name>.debug_info</name>
         <load_address>0x590b</load_address>
         <run_address>0x590b</run_address>
         <size>0x103</size>
         <input_file_ref idref="fl-d"/>
      </object_component>
      <object_component id="oc-30e">
         <name>.debug_info</name>
         <load_address>0x5a0e</load_address>
         <run_address>0x5a0e</run_address>
         <size>0x29f</size>
         <input_file_ref idref="fl-d"/>
      </object_component>
      <object_component id="oc-5bf">
         <name>.debug_info</name>
         <load_address>0x5cad</load_address>
         <run_address>0x5cad</run_address>
         <size>0x213</size>
         <input_file_ref idref="fl-d"/>
      </object_component>
      <object_component id="oc-4d9">
         <name>.debug_info</name>
         <load_address>0x5ec0</load_address>
         <run_address>0x5ec0</run_address>
         <size>0x281</size>
         <input_file_ref idref="fl-d"/>
      </object_component>
      <object_component id="oc-592">
         <name>.debug_info</name>
         <load_address>0x6141</load_address>
         <run_address>0x6141</run_address>
         <size>0x1f8</size>
         <input_file_ref idref="fl-d"/>
      </object_component>
      <object_component id="oc-3f2">
         <name>.debug_info</name>
         <load_address>0x6339</load_address>
         <run_address>0x6339</run_address>
         <size>0x244</size>
         <input_file_ref idref="fl-d"/>
      </object_component>
      <object_component id="oc-3e4">
         <name>.debug_info</name>
         <load_address>0x657d</load_address>
         <run_address>0x657d</run_address>
         <size>0x1e6</size>
         <input_file_ref idref="fl-d"/>
      </object_component>
      <object_component id="oc-24c">
         <name>.debug_info</name>
         <load_address>0x6763</load_address>
         <run_address>0x6763</run_address>
         <size>0x207</size>
         <input_file_ref idref="fl-d"/>
      </object_component>
      <object_component id="oc-120">
         <name>.debug_info</name>
         <load_address>0x696a</load_address>
         <run_address>0x696a</run_address>
         <size>0x1f7</size>
         <input_file_ref idref="fl-d"/>
      </object_component>
      <object_component id="oc-57e">
         <name>.debug_info</name>
         <load_address>0x6b61</load_address>
         <run_address>0x6b61</run_address>
         <size>0x283</size>
         <input_file_ref idref="fl-d"/>
      </object_component>
      <object_component id="oc-42a">
         <name>.debug_info</name>
         <load_address>0x6de4</load_address>
         <run_address>0x6de4</run_address>
         <size>0x1e6</size>
         <input_file_ref idref="fl-d"/>
      </object_component>
      <object_component id="oc-44c">
         <name>.debug_info</name>
         <load_address>0x6fca</load_address>
         <run_address>0x6fca</run_address>
         <size>0x31f</size>
         <input_file_ref idref="fl-d"/>
      </object_component>
      <object_component id="oc-4fc">
         <name>.debug_info</name>
         <load_address>0x72e9</load_address>
         <run_address>0x72e9</run_address>
         <size>0x20f</size>
         <input_file_ref idref="fl-d"/>
      </object_component>
      <object_component id="oc-2fa">
         <name>.debug_info</name>
         <load_address>0x74f8</load_address>
         <run_address>0x74f8</run_address>
         <size>0x23f</size>
         <input_file_ref idref="fl-d"/>
      </object_component>
      <object_component id="oc-43c">
         <name>.debug_info</name>
         <load_address>0x7737</load_address>
         <run_address>0x7737</run_address>
         <size>0x211</size>
         <input_file_ref idref="fl-d"/>
      </object_component>
      <object_component id="oc-58c">
         <name>.debug_info</name>
         <load_address>0x7948</load_address>
         <run_address>0x7948</run_address>
         <size>0x34f</size>
         <input_file_ref idref="fl-d"/>
      </object_component>
      <object_component id="oc-533">
         <name>.debug_info</name>
         <load_address>0x7c97</load_address>
         <run_address>0x7c97</run_address>
         <size>0x2b1</size>
         <input_file_ref idref="fl-d"/>
      </object_component>
      <object_component id="oc-5af">
         <name>.debug_info</name>
         <load_address>0x7f48</load_address>
         <run_address>0x7f48</run_address>
         <size>0x259</size>
         <input_file_ref idref="fl-d"/>
      </object_component>
      <object_component id="oc-35d">
         <name>.debug_info</name>
[...]
      </symbol>
      <symbol id="sm-84a">
         <name>tcp_abandon</name>
         <value>0x337d</value>
         <object_component_ref idref="oc-538"/>
      </symbol>
      <symbol id="sm-84b">
         <name>etharp_request</name>
         <value>0x4979</value>
         <object_component_ref idref="oc-2de"/>
      </symbol>
      <symbol id="sm-84c">
         <name>tcp_keepalive</name>
         <value>0x45fd</value>
         <object_component_ref idref="oc-356"/>
      </symbol>
      <symbol id="sm-84d">
         <name>netif_set_link_down</name>
         <value>0x4d37</value>
         <object_component_ref idref="oc-20a"/>
      </symbol>
      <symbol id="sm-84e">
         <name>tcp_recved</name>
         <value>0x48e7</value>
         <object_component_ref idref="oc-509"/>
      </symbol>
      <symbol id="sm-84f">
         <name>tcp_timer_needed</name>
         <value>0x4881</value>
         <object_component_ref idref="oc-526"/>
      </symbol>
      <symbol id="sm-850">
         <name>ethernet_input</name>
         <value>0x3055</value>
         <object_component_ref idref="oc-230"/>
      </symbol>
      <symbol id="sm-851">
         <name>sys_arch_unprotect</name>
         <value>0x4cfd</value>
         <object_component_ref idref="oc-2ed"/>
      </symbol>
      <symbol id="sm-852">
         <name>pbuf_header</name>
         <value>0x3e59</value>
         <object_component_ref idref="oc-30d"/>
      </symbol>
      <symbol id="sm-853">
         <name>pbuf_realloc</name>
         <value>0x4031</value>
         <object_component_ref idref="oc-3eb"/>
      </symbol>
      <symbol id="sm-854">
         <name>tcp_rexmit_rto</name>
         <value>0x4949</value>
         <object_component_ref idref="oc-34a"/>
      </symbol>
      <symbol id="sm-855">
         <name>memp_free</name>
         <value>0x4775</value>
         <object_component_ref idref="oc-2f9"/>
      </symbol>
      <symbol id="sm-856">
         <name>pbuf_free</name>
         <value>0x42d7</value>
         <object_component_ref idref="oc-223"/>
      </symbol>
      <symbol id="sm-857">
         <name>tcp_backoff</name>
         <value>0x50f4</value>
         <object_component_ref idref="oc-36f"/>
      </symbol>
      <symbol id="sm-858">
         <name>mem_malloc</name>
         <value>0x29a5</value>
         <object_component_ref idref="oc-329"/>
      </symbol>
      <symbol id="sm-859">
         <name>pbuf_clen</name>
         <value>0x4d49</value>
         <object_component_ref idref="oc-591"/>
      </symbol>
      <symbol id="sm-85a">
         <name>tcp_persist_backoff</name>
         <value>0x5124</value>
         <object_component_ref idref="oc-372"/>
      </symbol>
      <symbol id="sm-85b">
         <name>inet_chksum</name>
         <value>0x4d7d</value>
         <object_component_ref idref="oc-519"/>
      </symbol>
      <symbol id="sm-85c">
         <name>sys_arch_protect</name>
         <value>0x4d8d</value>
         <object_component_ref idref="oc-2e7"/>
      </symbol>
      <symbol id="sm-85d">
         <name>tcp_alloc</name>
         <value>0x2d45</value>
         <object_component_ref idref="oc-520"/>
      </symbol>
      <symbol id="sm-85e">
         <name>pbuf_ref</name>
         <value>0x4c95</value>
         <object_component_ref idref="oc-5be"/>
      </symbol>
      <symbol id="sm-85f">
         <name>tcp_send_empty_ack</name>
         <value>0x4571</value>
         <object_component_ref idref="oc-42f"/>
      </symbol>
      <symbol id="sm-860">
         <name>ip_output_if</name>
         <value>0x31a9</value>
         <object_component_ref idref="oc-4de"/>
      </symbol>
      <symbol id="sm-861">
         <name>pbuf_cat</name>
         <value>0x49cf</value>
         <object_component_ref idref="oc-22a"/>
      </symbol>
      <symbol id="sm-862">
         <name>lwip_ntohs</name>
         <value>0x4dd1</value>
         <object_component_ref idref="oc-3e3"/>
      </symbol>
      <symbol id="sm-863">
         <name>ip4_addr_isbroadcast</name>
         <value>0x48b5</value>
         <object_component_ref idref="oc-3f1"/>
      </symbol>
      <symbol id="sm-864">
         <name>lwip_ntohl</name>
         <value>0x4c1b</value>
         <object_component_ref idref="oc-429"/>
      </symbol>
      <symbol id="sm-865">
         <name>memp_malloc</name>
         <value>0x408d</value>
         <object_component_ref idref="oc-31d"/>
      </symbol>
      <symbol id="sm-866">
         <name>ip_input</name>
         <value>0x1c29</value>
         <object_component_ref idref="oc-313"/>
      </symbol>
      <symbol id="sm-867">
         <name>tcp_enqueue_flags</name>
         <value>0x3101</value>
         <object_component_ref idref="oc-532"/>
      </symbol>
      <symbol id="sm-868">
         <name>tcp_input</name>
         <value>0x9c1</value>
         <object_component_ref idref="oc-409"/>
      </symbol>
      <symbol id="sm-869">
         <name>udp_input</name>
         <value>0x1dd1</value>
         <object_component_ref idref="oc-403"/>
      </symbol>
      <symbol id="sm-86a">
         <name>tcp_send_fin</name>
         <value>0x45b7</value>
         <object_component_ref idref="oc-5ae"/>
      </symbol>
      <symbol id="sm-86b">
         <name>raw_input</name>
         <value>0x3889</value>
         <object_component_ref idref="oc-3f7"/>
      </symbol>
      <symbol id="sm-86c">
         <name>tcp_next_iss</name>
         <value>0x4c65</value>
         <object_component_ref idref="oc-57a"/>
      </symbol>
      <symbol id="sm-86d">
         <name>tcp_zero_window_probe</name>
         <value>0x3499</value>
         <object_component_ref idref="oc-350"/>
      </symbol>
      <symbol id="sm-86e">
         <name>pbuf_copy_partial</name>
         <value>0x3bf1</value>
         <object_component_ref idref="oc-451"/>
      </symbol>
      <symbol id="sm-86f">
         <name>pbuf_alloc</name>
         <value>0x2501</value>
         <object_component_ref idref="oc-236"/>
      </symbol>
      <symbol id="sm-870">
         <name>icmp_input</name>
         <value>0x20f5</value>
         <object_component_ref idref="oc-40f"/>
      </symbol>
      <symbol id="sm-871">
         <name>inet_chksum_pbuf</name>
         <value>0x4289</value>
         <object_component_ref idref="oc-4d2"/>
      </symbol>
      <symbol id="sm-872">
         <name>ip_output</name>
         <value>0x4499</value>
         <object_component_ref idref="oc-457"/>
      </symbol>
      <symbol id="sm-873">
         <name>pbuf_copy</name>
         <value>0x32e9</value>
         <object_component_ref idref="oc-4d8"/>
      </symbol>
      <symbol id="sm-874">
         <name>tcp_segs_free</name>
         <value>0x4d5b</value>
         <object_component_ref idref="oc-35c"/>
      </symbol>
      <symbol id="sm-875">
         <name>tcp_close</name>
         <value>0x4d11</value>
         <object_component_ref idref="oc-503"/>
      </symbol>
      <symbol id="sm-876">
         <name>tivaif_interrupt</name>
         <value>0x43bd</value>
         <object_component_ref idref="oc-a8"/>
      </symbol>
      <symbol id="sm-877">
         <name>ethzero</name>
         <value>0x5131</value>
         <object_component_ref idref="oc-3ca"/>
      </symbol>
      <symbol id="sm-878">
         <name>lwIPTimer</name>
         <value>0x4b65</value>
         <object_component_ref idref="oc-9b"/>
      </symbol>
      <symbol id="sm-879">
         <name>tcp_update_rcv_ann_wnd</name>
         <value>0x4919</value>
         <object_component_ref idref="oc-566"/>
      </symbol>
      <symbol id="sm-87a">
         <name>ethbroadcast</name>
         <value>0x512b</value>
         <object_component_ref idref="oc-319"/>
      </symbol>
      <symbol id="sm-87b">
         <name>lwIPEthernetIntHandler</name>
         <value>0x3f79</value>
         <object_component_ref idref="oc-49"/>
      </symbol>
      <symbol id="sm-87c">
         <name>tcp_tmr</name>
         <value>0x4ba5</value>
         <object_component_ref idref="oc-125"/>
      </symbol>
      <symbol id="sm-87d">
         <name>tcp_eff_send_mss</name>
         <value>0x4b85</value>
         <object_component_ref idref="oc-4f5"/>
      </symbol>
      <symbol id="sm-87e">
         <name>tcp_process_refused_data</name>
         <value>0x3d29</value>
         <object_component_ref idref="oc-341"/>
      </symbol>
      <symbol id="sm-87f">
         <name>tcp_seg_copy</name>
         <value>0x4b01</value>
         <object_component_ref idref="oc-59f"/>
      </symbol>
      <symbol id="sm-880">
         <name>ip_route</name>
         <value>0x4325</value>
         <object_component_ref idref="oc-4fb"/>
      </symbol>
      <symbol id="sm-881">
         <name>tcp_pcb_remove</name>
         <value>0x3fd5</value>
         <object_component_ref idref="oc-4c7"/>
      </symbol>
      <symbol id="sm-882">
         <name>sys_timeout</name>
         <value>0x3c59</value>
         <object_component_ref idref="oc-57d"/>
      </symbol>
      <symbol id="sm-883">
         <name>etharp_tmr</name>
         <value>0x4685</value>
         <object_component_ref idref="oc-11f"/>
      </symbol>
      <symbol id="sm-884">
         <name>tcp_abort</name>
         <value>0x4e03</value>
         <object_component_ref idref="oc-4c1"/>
      </symbol>
      <symbol id="sm-885">
         <name>mem_trim</name>
         <value>0x2a9d</value>
         <object_component_ref idref="oc-49d"/>
      </symbol>
      <symbol id="sm-8f3">
         <name>UARTStdioConfig</name>
         <value>0x3ebd</value>
         <object_component_ref idref="oc-297"/>
      </symbol>
      <symbol id="sm-8f4">
         <name>UARTwrite</name>
         <value>0x4409</value>
         <object_component_ref idref="oc-3a3"/>
      </symbol>
      <symbol id="sm-8f5">
         <name>UARTprintf</name>
         <value>0x4c01</value>
         <object_component_ref idref="oc-1cc"/>
      </symbol>
      <symbol id="sm-8f6">
         <name>UARTvprintf</name>
         <value>0x1a3d</value>
         <object_component_ref idref="oc-29e"/>
      </symbol>
      <symbol id="sm-943">
         <name>uvsnprintf</name>
         <value>0x13e9</value>
         <object_component_ref idref="oc-421"/>
      </symbol>
      <symbol id="sm-944">
         <name>ustrncpy</name>
         <value>0x49f9</value>
         <object_component_ref idref="oc-4e5"/>
      </symbol>
      <symbol id="sm-945">
         <name>usprintf</name>
         <value>0x4bc5</value>
         <object_component_ref idref="oc-331"/>
      </symbol>
      <symbol id="sm-956">
         <name>_c_int00</name>
         <value>0x413d</value>
         <object_component_ref idref="oc-24"/>
      </symbol>
      <symbol id="sm-957">
         <name>__stack</name>
         <value>0x2000026c</value>
         <object_component_ref idref="oc-2a"/>
      </symbol>
      <symbol id="sm-975">
         <name>__TI_decompress_lzss</name>
         <value>0x3b21</value>
         <object_component_ref idref="oc-12"/>
      </symbol>
      <symbol id="sm-98c">
         <name>__TI_decompress_none</name>
         <value>0x4d9d</value>
         <object_component_ref idref="oc-18"/>
      </symbol>
      <symbol id="sm-99e">
         <name>__TI_zero_init</name>
         <value>0x4db9</value>
         <object_component_ref idref="oc-1e"/>
      </symbol>
      <symbol id="sm-9bf">
         <name>C$$EXIT</name>
         <value>0x4191</value>
         <object_component_ref idref="oc-8d"/>
      </symbol>
      <symbol id="sm-9c0">
         <name>abort</name>
         <value>0x4195</value>
         <object_component_ref idref="oc-8d"/>
      </symbol>
      <symbol id="sm-9c1">
         <name>exit</name>
         <value>0x419d</value>
         <object_component_ref idref="oc-8d"/>
      </symbol>
      <symbol id="sm-9c2">
         <name>__TI_dtors_ptr</name>
         <value>0x20000d78</value>
         <object_component_ref idref="oc-f0"/>
      </symbol>
      <symbol id="sm-9c3">
         <name>__TI_cleanup_ptr</name>
         <value>0x20000d74</value>
         <object_component_ref idref="oc-f0"/>
      </symbol>
      <symbol id="sm-9c4">
         <name>__TI_enable_exit_profile_output</name>
         <value>0x20000d7c</value>
         <object_component_ref idref="oc-f0"/>
      </symbol>
      <symbol id="sm-9d4">
         <name>memcmp</name>
         <value>0x4add</value>
         <object_component_ref idref="oc-301"/>
      </symbol>
      <symbol id="sm-9ef">
         <name>memcpy</name>
         <value>0x324d</value>
         <object_component_ref idref="oc-5d"/>
      </symbol>
      <symbol id="sm-9f0">
         <name>__aeabi_memcpy</name>
         <value>0x324d</value>
         <object_component_ref idref="oc-5d"/>
      </symbol>
      <symbol id="sm-9f1">
         <name>__aeabi_memcpy8</name>
         <value>0x324d</value>
         <object_component_ref idref="oc-5d"/>
      </symbol>
      <symbol id="sm-9f2">
         <name>__aeabi_memcpy4</name>
         <value>0x324d</value>
         <object_component_ref idref="oc-5d"/>
      </symbol>
      <symbol id="sm-a01">
         <name>__aeabi_memset</name>
         <value>0x3723</value>
         <object_component_ref idref="oc-69"/>
      </symbol>
      <symbol id="sm-a02">
         <name>memset</name>
         <value>0x3729</value>
         <object_component_ref idref="oc-69"/>
      </symbol>
      <symbol id="sm-a03">
         <name>__aeabi_memset8</name>
         <value>0x3723</value>
         <object_component_ref idref="oc-69"/>
      </symbol>
      <symbol id="sm-a04">
         <name>__aeabi_memset4</name>
         <value>0x3723</value>
         <object_component_ref idref="oc-69"/>
      </symbol>
      <symbol id="sm-a05">
         <name>__aeabi_memclr8</name>
         <value>0x3721</value>
         <object_component_ref idref="oc-69"/>
      </symbol>
      <symbol id="sm-a06">
         <name>__aeabi_memclr4</name>
         <value>0x3721</value>
         <object_component_ref idref="oc-69"/>
      </symbol>
      <symbol id="sm-a07">
         <name>__aeabi_memclr</name>
         <value>0x3721</value>
         <object_component_ref idref="oc-69"/>
      </symbol>
      <symbol id="sm-a11">
         <name>__mpu_init</name>
         <value>0x3ebb</value>
         <object_component_ref idref="oc-75"/>
      </symbol>
      <symbol id="sm-a1b">
         <name>_system_pre_init</name>
         <value>0x4e09</value>
         <object_component_ref idref="oc-7b"/>
      </symbol>
      <symbol id="sm-a23">
         <name>main_func_sp</name>
         <value>0x20000d90</value>
         <object_component_ref idref="oc-93"/>
      </symbol>
      <symbol id="sm-a38">
         <name>__aeabi_uidivmod</name>
         <value>0x46c5</value>
         <object_component_ref idref="oc-3a9"/>
      </symbol>
      <symbol id="sm-a39">
         <name>__aeabi_uidiv</name>
         <value>0x46c5</value>
         <object_component_ref idref="oc-3a9"/>
      </symbol>
      <symbol id="sm-a52">
         <name>_nop</name>
         <value>0x4cf7</value>
         <object_component_ref idref="oc-1ec"/>
      </symbol>
      <symbol id="sm-a53">
         <name>_lock</name>
         <value>0x20000d80</value>
         <object_component_ref idref="oc-f3"/>
      </symbol>
      <symbol id="sm-a54">
         <name>_unlock</name>
         <value>0x20000d84</value>
         <object_component_ref idref="oc-f3"/>
      </symbol>
      <symbol id="sm-a55">
         <name>_register_lock</name>
         <value>0x4cef</value>
         <object_component_ref idref="oc-1ec"/>
      </symbol>
      <symbol id="sm-a56">
         <name>_register_unlock</name>
         <value>0x4ce9</value>
         <object_component_ref idref="oc-1ec"/>
      </symbol>
      <symbol id="sm-a6a">
         <name>_args_main</name>
         <value>0x4c4d</value>
         <object_component_ref idref="oc-87"/>
      </symbol>
      <symbol id="sm-a94">
         <name>__TI_auto_init</name>
         <value>0x38fd</value>
         <object_component_ref idref="oc-81"/>
      </symbol>
      <symbol id="sm-aae">
         <name>copy_in</name>
         <value>0x4371</value>
         <object_component_ref idref="oc-da"/>
      </symbol>
      <symbol id="sm-ab8">
         <name>__aeabi_idiv0</name>
         <value>0x379b</value>
         <object_component_ref idref="oc-474"/>
      </symbol>
      <symbol id="sm-ac2">
         <name>_system_post_cinit</name>
         <value>0x408b</value>
         <object_component_ref idref="oc-e0"/>
      </symbol>
      <symbol id="sm-af5">
         <name>EMACConfigSet</name>
         <value>0x473d</value>
         <object_component_ref idref="oc-21c"/>
      </symbol>
      <symbol id="sm-af6">
         <name>EMACPHYRead</name>
         <value>0x4a23</value>
         <object_component_ref idref="oc-204"/>
      </symbol>
      <symbol id="sm-af7">
         <name>EMACTimestampIntStatus</name>
         <value>0x4de5</value>
         <object_component_ref idref="oc-a2"/>
      </symbol>
      <symbol id="sm-af8">
         <name>EMACConfigGet</name>
         <value>0x47e5</value>
         <object_component_ref idref="oc-216"/>
      </symbol>
      <symbol id="sm-b07">
         <name>FlashUserGet</name>
         <value>0x4cad</value>
         <object_component_ref idref="oc-2c3"/>
      </symbol>
      <symbol id="sm-b2e">
         <name>GPIODirModeSet</name>
         <value>0x49a5</value>
         <object_component_ref idref="oc-38d"/>
      </symbol>
      <symbol id="sm-b2f">
         <name>GPIOPinWrite</name>
         <value>0x4deb</value>
         <object_component_ref idref="oc-2d0"/>
      </symbol>
      <symbol id="sm-b30">
         <name>GPIOPadConfigSet</name>
         <value>0x263b</value>
         <object_component_ref idref="oc-289"/>
      </symbol>
      <symbol id="sm-b31">
         <name>GPIOPinTypeEthernetLED</name>
         <value>0x4d25</value>
         <object_component_ref idref="oc-28f"/>
      </symbol>
      <symbol id="sm-b59">
         <name>IntPrioritySet</name>
         <value>0x4a71</value>
         <object_component_ref idref="oc-2c9"/>
      </symbol>
      <symbol id="sm-b5a">
         <name>IntRegister</name>
         <value>0x4819</value>
         <object_component_ref idref="oc-3b3"/>
      </symbol>
      <symbol id="sm-b5b">
         <name>g_pfnRAMVectors</name>
         <value>0x20000000</value>
         <object_component_ref idref="oc-47d"/>
      </symbol>
      <symbol id="sm-bcc">
         <name>SysCtlDelay</name>
         <value>0x4df7</value>
         <object_component_ref idref="oc-1d8"/>
      </symbol>
      <symbol id="sm-bcd">
         <name>SysCtlMOSCConfigSet</name>
         <value>0x4dad</value>
         <object_component_ref idref="oc-1b4"/>
      </symbol>
      <symbol id="sm-bce">
         <name>SysCtlClockFreqSet</name>
         <value>0x1851</value>
         <object_component_ref idref="oc-1ba"/>
      </symbol>
      <symbol id="sm-bfb">
         <name>SysTickEnable</name>
         <value>0x4cc1</value>
         <object_component_ref idref="oc-2b7"/>
      </symbol>
      <symbol id="sm-bfc">
         <name>SysTickIntRegister</name>
         <value>0x4be5</value>
         <object_component_ref idref="oc-2b1"/>
      </symbol>
      <symbol id="sm-bfd">
         <name>SysTickIntEnable</name>
         <value>0x4cd5</value>
         <object_component_ref idref="oc-2bd"/>
      </symbol>
      <symbol id="sm-bfe">
         <name>SysTickPeriodSet</name>
         <value>0x4d6d</value>
         <object_component_ref idref="oc-2ab"/>
      </symbol>
      <symbol id="sm-c01">
         <name>__TI_static_base__</name>
         <value>0x0</value>
      </symbol>
      <symbol id="sm-c04">
         <name>SHT$$INIT_ARRAY$$Limit</name>
         <value>0x0</value>
      </symbol>
      <symbol id="sm-c05">
         <name>SHT$$INIT_ARRAY$$Base</name>
         <value>0x0</value>
      </symbol>
   </symbol_table>
   <title>Link successful</title>
</link_info>
